###############################################################################
#
# IAR ELF Linker V3.10.1.201 for STM8                     13/Mar/2020  17:43:46
# Copyright 2010-2017 IAR Systems AB.
#
#    Output file  =  
#        D:\6_workSpace\55_lora\4_node\3_ASR6505\7_code\github\asr6505_sdk_at_linkwan\Projects\LoRaATCmd\EWSTM8\Debug\Exe\project.out
#    Map file     =  
#        D:\6_workSpace\55_lora\4_node\3_ASR6505\7_code\github\asr6505_sdk_at_linkwan\Projects\LoRaATCmd\EWSTM8\Debug\List\project.map
#    Command line =  
#        -f C:\Users\yanke\AppData\Local\Temp\EW4B6.tmp
#        (D:\6_workSpace\55_lora\4_node\3_ASR6505\7_code\github\asr6505_sdk_at_linkwan\Projects\LoRaATCmd\EWSTM8\Debug\Obj\aes.o
#        D:\6_workSpace\55_lora\4_node\3_ASR6505\7_code\github\asr6505_sdk_at_linkwan\Projects\LoRaATCmd\EWSTM8\Debug\Obj\at_command.o
#        D:\6_workSpace\55_lora\4_node\3_ASR6505\7_code\github\asr6505_sdk_at_linkwan\Projects\LoRaATCmd\EWSTM8\Debug\Obj\board.o
#        D:\6_workSpace\55_lora\4_node\3_ASR6505\7_code\github\asr6505_sdk_at_linkwan\Projects\LoRaATCmd\EWSTM8\Debug\Obj\cmac.o
#        D:\6_workSpace\55_lora\4_node\3_ASR6505\7_code\github\asr6505_sdk_at_linkwan\Projects\LoRaATCmd\EWSTM8\Debug\Obj\delay-board.o
#        D:\6_workSpace\55_lora\4_node\3_ASR6505\7_code\github\asr6505_sdk_at_linkwan\Projects\LoRaATCmd\EWSTM8\Debug\Obj\delay.o
#        D:\6_workSpace\55_lora\4_node\3_ASR6505\7_code\github\asr6505_sdk_at_linkwan\Projects\LoRaATCmd\EWSTM8\Debug\Obj\gpio-board.o
#        D:\6_workSpace\55_lora\4_node\3_ASR6505\7_code\github\asr6505_sdk_at_linkwan\Projects\LoRaATCmd\EWSTM8\Debug\Obj\gpio.o
#        D:\6_workSpace\55_lora\4_node\3_ASR6505\7_code\github\asr6505_sdk_at_linkwan\Projects\LoRaATCmd\EWSTM8\Debug\Obj\linkwan.o
#        D:\6_workSpace\55_lora\4_node\3_ASR6505\7_code\github\asr6505_sdk_at_linkwan\Projects\LoRaATCmd\EWSTM8\Debug\Obj\LoRaMac.o
#        D:\6_workSpace\55_lora\4_node\3_ASR6505\7_code\github\asr6505_sdk_at_linkwan\Projects\LoRaATCmd\EWSTM8\Debug\Obj\LoRaMacCrypto.o
#        D:\6_workSpace\55_lora\4_node\3_ASR6505\7_code\github\asr6505_sdk_at_linkwan\Projects\LoRaATCmd\EWSTM8\Debug\Obj\lwan_config.o
#        D:\6_workSpace\55_lora\4_node\3_ASR6505\7_code\github\asr6505_sdk_at_linkwan\Projects\LoRaATCmd\EWSTM8\Debug\Obj\main.o
#        D:\6_workSpace\55_lora\4_node\3_ASR6505\7_code\github\asr6505_sdk_at_linkwan\Projects\LoRaATCmd\EWSTM8\Debug\Obj\radio.o
#        D:\6_workSpace\55_lora\4_node\3_ASR6505\7_code\github\asr6505_sdk_at_linkwan\Projects\LoRaATCmd\EWSTM8\Debug\Obj\Region.o
#        D:\6_workSpace\55_lora\4_node\3_ASR6505\7_code\github\asr6505_sdk_at_linkwan\Projects\LoRaATCmd\EWSTM8\Debug\Obj\RegionCN470A.o
#        D:\6_workSpace\55_lora\4_node\3_ASR6505\7_code\github\asr6505_sdk_at_linkwan\Projects\LoRaATCmd\EWSTM8\Debug\Obj\RegionCommon.o
#        D:\6_workSpace\55_lora\4_node\3_ASR6505\7_code\github\asr6505_sdk_at_linkwan\Projects\LoRaATCmd\EWSTM8\Debug\Obj\spi-board.o
#        D:\6_workSpace\55_lora\4_node\3_ASR6505\7_code\github\asr6505_sdk_at_linkwan\Projects\LoRaATCmd\EWSTM8\Debug\Obj\stm8_interrupt_vector.o
#        D:\6_workSpace\55_lora\4_node\3_ASR6505\7_code\github\asr6505_sdk_at_linkwan\Projects\LoRaATCmd\EWSTM8\Debug\Obj\stm8l15x_aes.o
#        D:\6_workSpace\55_lora\4_node\3_ASR6505\7_code\github\asr6505_sdk_at_linkwan\Projects\LoRaATCmd\EWSTM8\Debug\Obj\stm8l15x_clk.o
#        D:\6_workSpace\55_lora\4_node\3_ASR6505\7_code\github\asr6505_sdk_at_linkwan\Projects\LoRaATCmd\EWSTM8\Debug\Obj\stm8l15x_dma.o
#        D:\6_workSpace\55_lora\4_node\3_ASR6505\7_code\github\asr6505_sdk_at_linkwan\Projects\LoRaATCmd\EWSTM8\Debug\Obj\stm8l15x_exti.o
#        D:\6_workSpace\55_lora\4_node\3_ASR6505\7_code\github\asr6505_sdk_at_linkwan\Projects\LoRaATCmd\EWSTM8\Debug\Obj\stm8l15x_flash.o
#        D:\6_workSpace\55_lora\4_node\3_ASR6505\7_code\github\asr6505_sdk_at_linkwan\Projects\LoRaATCmd\EWSTM8\Debug\Obj\stm8l15x_gpio.o
#        D:\6_workSpace\55_lora\4_node\3_ASR6505\7_code\github\asr6505_sdk_at_linkwan\Projects\LoRaATCmd\EWSTM8\Debug\Obj\stm8l15x_i2c.o
#        D:\6_workSpace\55_lora\4_node\3_ASR6505\7_code\github\asr6505_sdk_at_linkwan\Projects\LoRaATCmd\EWSTM8\Debug\Obj\stm8l15x_it.o
#        D:\6_workSpace\55_lora\4_node\3_ASR6505\7_code\github\asr6505_sdk_at_linkwan\Projects\LoRaATCmd\EWSTM8\Debug\Obj\stm8l15x_iwdg.o
#        D:\6_workSpace\55_lora\4_node\3_ASR6505\7_code\github\asr6505_sdk_at_linkwan\Projects\LoRaATCmd\EWSTM8\Debug\Obj\stm8l15x_pwr.o
#        D:\6_workSpace\55_lora\4_node\3_ASR6505\7_code\github\asr6505_sdk_at_linkwan\Projects\LoRaATCmd\EWSTM8\Debug\Obj\stm8l15x_rtc.o
#        D:\6_workSpace\55_lora\4_node\3_ASR6505\7_code\github\asr6505_sdk_at_linkwan\Projects\LoRaATCmd\EWSTM8\Debug\Obj\stm8l15x_spi.o
#        D:\6_workSpace\55_lora\4_node\3_ASR6505\7_code\github\asr6505_sdk_at_linkwan\Projects\LoRaATCmd\EWSTM8\Debug\Obj\stm8l15x_syscfg.o
#        D:\6_workSpace\55_lora\4_node\3_ASR6505\7_code\github\asr6505_sdk_at_linkwan\Projects\LoRaATCmd\EWSTM8\Debug\Obj\stm8l15x_tim1.o
#        D:\6_workSpace\55_lora\4_node\3_ASR6505\7_code\github\asr6505_sdk_at_linkwan\Projects\LoRaATCmd\EWSTM8\Debug\Obj\stm8l15x_tim2.o
#        D:\6_workSpace\55_lora\4_node\3_ASR6505\7_code\github\asr6505_sdk_at_linkwan\Projects\LoRaATCmd\EWSTM8\Debug\Obj\stm8l15x_tim3.o
#        D:\6_workSpace\55_lora\4_node\3_ASR6505\7_code\github\asr6505_sdk_at_linkwan\Projects\LoRaATCmd\EWSTM8\Debug\Obj\stm8l15x_tim4.o
#        D:\6_workSpace\55_lora\4_node\3_ASR6505\7_code\github\asr6505_sdk_at_linkwan\Projects\LoRaATCmd\EWSTM8\Debug\Obj\stm8l15x_tim5.o
#        D:\6_workSpace\55_lora\4_node\3_ASR6505\7_code\github\asr6505_sdk_at_linkwan\Projects\LoRaATCmd\EWSTM8\Debug\Obj\stm8l15x_usart.o
#        D:\6_workSpace\55_lora\4_node\3_ASR6505\7_code\github\asr6505_sdk_at_linkwan\Projects\LoRaATCmd\EWSTM8\Debug\Obj\stm8l15x_wwdg.o
#        D:\6_workSpace\55_lora\4_node\3_ASR6505\7_code\github\asr6505_sdk_at_linkwan\Projects\LoRaATCmd\EWSTM8\Debug\Obj\sx1262-board.o
#        D:\6_workSpace\55_lora\4_node\3_ASR6505\7_code\github\asr6505_sdk_at_linkwan\Projects\LoRaATCmd\EWSTM8\Debug\Obj\sx126x.o
#        D:\6_workSpace\55_lora\4_node\3_ASR6505\7_code\github\asr6505_sdk_at_linkwan\Projects\LoRaATCmd\EWSTM8\Debug\Obj\timer.o
#        D:\6_workSpace\55_lora\4_node\3_ASR6505\7_code\github\asr6505_sdk_at_linkwan\Projects\LoRaATCmd\EWSTM8\Debug\Obj\utilities.o
#        --redirect _Printf=_PrintfFull --redirect _Scanf=_ScanfFullNoMb -o
#        D:\6_workSpace\55_lora\4_node\3_ASR6505\7_code\github\asr6505_sdk_at_linkwan\Projects\LoRaATCmd\EWSTM8\Debug\Exe\project.out
#        --map
#        D:\6_workSpace\55_lora\4_node\3_ASR6505\7_code\github\asr6505_sdk_at_linkwan\Projects\LoRaATCmd\EWSTM8\Debug\List\project.map
#        --config "C:\Program Files (x86)\IAR Systems\Embedded Workbench
#        8.0\stm8\config\lnkstm8l152m8.icf" --config_def _CSTACK_SIZE=0x100
#        --config_def _HEAP_SIZE=0x100
#        D:\6_workSpace\55_lora\4_node\3_ASR6505\7_code\github\asr6505_sdk_at_linkwan\Projects\LoRaATCmd\EWSTM8\..\..\..\Libraries\asrlib\IAR\asrlib.a
#        --entry __iar_program_start --debug_lib)
#
###############################################################################

*******************************************************************************
*** RUNTIME MODEL ATTRIBUTES
***

__SystemLibrary            = DLib
__code_model               = medium_or_large
__core                     = stm8
__data_model               = medium
__dlib_file_descriptor     = 0
__dlib_full_locale_support = 0
__rt_version               = 4


*******************************************************************************
*** PLACEMENT SUMMARY
***

"A0":  place at start of [0x000000-0x0000ff] { rw section .vregs };
"A1":  place at end of [0x000000-0x000fff] { block CSTACK };
"P2":  place in [from 0x000000 to 0x000fff] {
          block HEAP, rw section __DLIB_PERTHREAD, rw section .far.bss,
          rw section .far.data, rw section .far.noinit,
          rw section .far_func.textrw, rw section .huge.bss,
          rw section .huge.data, rw section .huge.noinit,
          rw section .huge_func.textrw, rw section .iar.dynexit,
          rw section .near.bss, rw section .near.data, rw section .near.noinit,
          rw section .near_func.textrw };
"A2":  place at start of [0x008000-0x00ffff] { block INTVEC };
"P3":  place in [from 0x008000 to 0x00ffff] {
          ro section __DLIB_PERTHREAD_init, ro section .far.data_init,
          ro section .far_func.textrw_init, ro section .huge.data_init,
          ro section .huge_func.textrw_init, ro section .iar.init_table,
          ro section .init_array, ro section .near.data_init,
          ro section .near.rodata, ro section .near_func.text,
          ro section .near_func.textrw_init, ro section .tiny.data_init,
          ro section .tiny.rodata_init };
"P4":  place in [from 0x008000 to 0x00ffff repeat 2] {
          ro section .far.rodata, ro section .far_func.text };
do not initialize {
   rw section .eeprom.noinit, rw section .far.noinit, rw section .huge.noinit,
   rw section .near.noinit, rw section .tiny.noinit, rw section .vregs };
initialize by copy {
   rw section .far.bss, rw section .far.data, rw section .far_func.textrw,
   rw section .huge.bss, rw section .huge.data, rw section .huge_func.textrw,
   rw section .iar.dynexit, rw section .near.bss, rw section .near.data,
   rw section .near_func.textrw, rw section .tiny.bss, rw section .tiny.data,
   ro section .tiny.rodata };

  Section            Kind      Address    Size  Object
  -------            ----      -------    ----  ------
"A0":                                     0x10
  .vregs             uninit   0x000000    0x10  vregs.o [5]
                            - 0x000010    0x10

"P2", part 1 of 2:                       0x1f4
  P2-1                        0x000010   0x1f4  <Init block>
    .near.data       inited   0x000010    0x7d  at_command.o [1]
    .near.data       inited   0x00008d     0x2  board.o [1]
    .near.data       inited   0x00008f     0x2  board.o [1]
    .near.data       inited   0x000091     0x1  board.o [1]
    .near.data       inited   0x000092     0x4  linkwan.o [1]
    .near.data       inited   0x000096     0x4  linkwan.o [1]
    .near.data       inited   0x00009a     0x1  linkwan.o [1]
    .near.data       inited   0x00009b     0x1  linkwan.o [1]
    .near.data       inited   0x00009c     0x1  linkwan.o [1]
    .near.data       inited   0x00009d     0x1  LoRaMac.o [1]
    .near.data       inited   0x00009e     0x1  LoRaMac.o [1]
    .near.data       inited   0x00009f     0x1  LoRaMac.o [1]
    .near.data       inited   0x0000a0    0x10  LoRaMacCrypto.o [1]
    .near.data       inited   0x0000b0    0x10  LoRaMacCrypto.o [1]
    .near.data       inited   0x0000c0     0x1  main.o [1]
    .near.data       inited   0x0000c1     0xf  main.o [1]
    .near.data       inited   0x0000d0    0x48  radio.o [1]
    .near.data       inited   0x000118     0x1  radio.o [1]
    .near.data       inited   0x000119    0xa0  RegionCN470A.o [1]
    .near.data       inited   0x0001b9     0xf  RegionCN470A.o [1]
    .near.data       inited   0x0001c8    0x10  RegionCN470A.o [1]
    .near.data       inited   0x0001d8     0x8  RegionCN470A.o [1]
    .near.data       inited   0x0001e0    0x10  RegionCN470A.o [1]
    .near.data       inited   0x0001f0    0x10  RegionCN470A.o [1]
    .near.data       inited   0x000200     0x4  utilities.o [1]
                            - 0x000204   0x1f4

"P2", part 2 of 2:                       0xb85
  .near.bss          zero     0x000204   0x115  LoRaMacCrypto.o [1]
  .near.bss          zero     0x000319    0xff  LoRaMac.o [1]
  .near.bss          zero     0x000418    0xff  LoRaMac.o [1]
  .near.bss          zero     0x000517    0xff  radio.o [1]
  .near.bss          zero     0x000616    0xf1  LoRaMacCrypto.o [1]
  .near.bss          zero     0x000707    0xa0  RegionCN470A.o [1]
  .near.bss          zero     0x0007a7    0x80  LoRaMac.o [1]
  .near.bss          zero     0x000827    0x80  LoRaMac.o [1]
  .near.bss          zero     0x0008a7    0x80  radio.o [1]
  .near.bss          zero     0x000927    0x7a  stm8l15x_it.o [1]
  .near.bss          zero     0x0009a1    0x5a  lwan_config.o [1]
  .near.bss          zero     0x0009fb    0x34  linkwan.o [1]
  .near.bss          zero     0x000a2f    0x34  linkwan.o [1]
  .near.bss          zero     0x000a63    0x30  gpio-board.o [1]
  .near.bss          zero     0x000a93    0x2f  LoRaMac.o [1]
  .near.bss          zero     0x000ac2    0x2f  LoRaMac.o [1]
  .near.bss          zero     0x000af1    0x19  LoRaMac.o [1]
  .near.bss          zero     0x000b0a    0x19  LoRaMac.o [1]
  .near.bss          zero     0x000b23    0x16  LoRaMac.o [1]
  .near.bss          zero     0x000b39    0x16  lwan_config.o [1]
  .near.bss          zero     0x000b4f    0x15  board.o [1]
  .near.bss          zero     0x000b64    0x15  LoRaMac.o [1]
  .near.bss          zero     0x000b79    0x12  LoRaMac.o [1]
  .near.bss          zero     0x000b8b    0x10  LoRaMac.o [1]
  .near.bss          zero     0x000b9b    0x10  LoRaMac.o [1]
  .near.bss          zero     0x000bab    0x10  LoRaMacCrypto.o [1]
  .near.bss          zero     0x000bbb    0x10  LoRaMacCrypto.o [1]
  .near.bss          zero     0x000bcb    0x10  RegionCN470A.o [1]
  .near.bss          zero     0x000bdb    0x10  RegionCN470A.o [1]
  .near.bss          zero     0x000beb    0x10  RegionCN470A.o [1]
  .near.bss          zero     0x000bfb     0xf  lwan_config.o [1]
  .near.bss          zero     0x000c0a     0xf  radio.o [1]
  .near.bss          zero     0x000c19     0xe  board.o [1]
  .near.bss          zero     0x000c27     0xe  linkwan.o [1]
  .near.bss          zero     0x000c35     0xe  LoRaMac.o [1]
  .near.bss          zero     0x000c43     0xe  LoRaMac.o [1]
  .near.bss          zero     0x000c51     0xe  LoRaMac.o [1]
  .near.bss          zero     0x000c5f     0xe  LoRaMac.o [1]
  .near.bss          zero     0x000c6d     0xe  LoRaMac.o [1]
  .near.bss          zero     0x000c7b     0xe  radio.o [1]
  .near.bss          zero     0x000c89     0xe  radio.o [1]
  .near.bss          zero     0x000c97     0xc  linkwan.o [1]
  .near.bss          zero     0x000ca3     0xc  LoRaMac.o [1]
  .near.bss          zero     0x000caf     0xc  rtc-board.o [3]
  .near.bss          zero     0x000cbb     0x9  sx1262-board.o [1]
  .near.bss          zero     0x000cc4     0x7  rtc-board.o [3]
  .near.bss          zero     0x000ccb     0x4  linkwan.o [1]
  .near.bss          zero     0x000ccf     0x4  LoRaMac.o [1]
  .near.bss          zero     0x000cd3     0x4  LoRaMac.o [1]
  .near.bss          zero     0x000cd7     0x4  LoRaMac.o [1]
  .near.bss          zero     0x000cdb     0x4  LoRaMac.o [1]
  .near.bss          zero     0x000cdf     0x4  LoRaMac.o [1]
  .near.bss          zero     0x000ce3     0x4  LoRaMac.o [1]
  .near.bss          zero     0x000ce7     0x4  LoRaMac.o [1]
  .near.bss          zero     0x000ceb     0x4  LoRaMac.o [1]
  .near.bss          zero     0x000cef     0x4  LoRaMac.o [1]
  .near.bss          zero     0x000cf3     0x4  LoRaMac.o [1]
  .near.bss          zero     0x000cf7     0x4  LoRaMac.o [1]
  .near.bss          zero     0x000cfb     0x4  LoRaMac.o [1]
  .near.bss          zero     0x000cff     0x4  radio.o [1]
  .near.bss          zero     0x000d03     0x4  radio.o [1]
  .near.bss          zero     0x000d07     0x4  sx126x.o [1]
  .near.bss          zero     0x000d0b     0x4  rtc-board.o [3]
  .near.bss          zero     0x000d0f     0x4  rtc-board.o [3]
  .near.bss          zero     0x000d13     0x4  rtc-board.o [3]
  .near.bss          zero     0x000d17     0x4  rtc-board.o [3]
  .near.bss          zero     0x000d1b     0x4  rtc-board.o [3]
  .near.bss          zero     0x000d1f     0x3  linkwan.o [1]
  .near.bss          zero     0x000d22     0x2  linkwan.o [1]
  .near.bss          zero     0x000d24     0x2  linkwan.o [1]
  .near.bss          zero     0x000d26     0x2  linkwan.o [1]
  .near.bss          zero     0x000d28     0x2  linkwan.o [1]
  .near.bss          zero     0x000d2a     0x2  LoRaMac.o [1]
  .near.bss          zero     0x000d2c     0x2  LoRaMac.o [1]
  .near.bss          zero     0x000d2e     0x2  LoRaMac.o [1]
  .near.bss          zero     0x000d30     0x2  LoRaMac.o [1]
  .near.bss          zero     0x000d32     0x2  LoRaMac.o [1]
  .near.bss          zero     0x000d34     0x2  LoRaMac.o [1]
  .near.bss          zero     0x000d36     0x2  LoRaMac.o [1]
  .near.bss          zero     0x000d38     0x2  LoRaMac.o [1]
  .near.bss          zero     0x000d3a     0x2  LoRaMac.o [1]
  .near.bss          zero     0x000d3c     0x2  radio.o [1]
  .near.bss          zero     0x000d3e     0x2  radio.o [1]
  .near.bss          zero     0x000d40     0x2  RegionCN470A.o [1]
  .near.bss          zero     0x000d42     0x2  spi-board.o [1]
  .near.bss          zero     0x000d44     0x2  spi-board.o [1]
  .near.bss          zero     0x000d46     0x2  spi-board.o [1]
  .near.bss          zero     0x000d48     0x2  spi-board.o [1]
  .near.bss          zero     0x000d4a     0x2  spi-board.o [1]
  .near.bss          zero     0x000d4c     0x2  stm8l15x_it.o [1]
  .near.bss          zero     0x000d4e     0x2  timer.o [1]
  .near.bss          zero     0x000d50     0x2  errno.o [5]
  .near.bss          zero     0x000d52     0x1  at_command.o [1]
  .near.bss          zero     0x000d53     0x1  board.o [1]
  .near.bss          zero     0x000d54     0x1  board.o [1]
  .near.bss          zero     0x000d55     0x1  board.o [1]
  .near.bss          zero     0x000d56     0x1  board.o [1]
  .near.bss          zero     0x000d57     0x1  linkwan.o [1]
  .near.bss          zero     0x000d58     0x1  linkwan.o [1]
  .near.bss          zero     0x000d59     0x1  linkwan.o [1]
  .near.bss          zero     0x000d5a     0x1  linkwan.o [1]
  .near.bss          zero     0x000d5b     0x1  LoRaMac.o [1]
  .near.bss          zero     0x000d5c     0x1  LoRaMac.o [1]
  .near.bss          zero     0x000d5d     0x1  LoRaMac.o [1]
  .near.bss          zero     0x000d5e     0x1  LoRaMac.o [1]
  .near.bss          zero     0x000d5f     0x1  LoRaMac.o [1]
  .near.bss          zero     0x000d60     0x1  LoRaMac.o [1]
  .near.bss          zero     0x000d61     0x1  LoRaMac.o [1]
  .near.bss          zero     0x000d62     0x1  LoRaMac.o [1]
  .near.bss          zero     0x000d63     0x1  LoRaMac.o [1]
  .near.bss          zero     0x000d64     0x1  LoRaMac.o [1]
  .near.bss          zero     0x000d65     0x1  LoRaMac.o [1]
  .near.bss          zero     0x000d66     0x1  LoRaMac.o [1]
  .near.bss          zero     0x000d67     0x1  LoRaMac.o [1]
  .near.bss          zero     0x000d68     0x1  LoRaMac.o [1]
  .near.bss          zero     0x000d69     0x1  LoRaMac.o [1]
  .near.bss          zero     0x000d6a     0x1  LoRaMac.o [1]
  .near.bss          zero     0x000d6b     0x1  LoRaMac.o [1]
  .near.bss          zero     0x000d6c     0x1  LoRaMac.o [1]
  .near.bss          zero     0x000d6d     0x1  LoRaMac.o [1]
  .near.bss          zero     0x000d6e     0x1  LoRaMac.o [1]
  .near.bss          zero     0x000d6f     0x1  LoRaMac.o [1]
  .near.bss          zero     0x000d70     0x1  LoRaMac.o [1]
  .near.bss          zero     0x000d71     0x1  LoRaMac.o [1]
  .near.bss          zero     0x000d72     0x1  LoRaMac.o [1]
  .near.bss          zero     0x000d73     0x1  LoRaMac.o [1]
  .near.bss          zero     0x000d74     0x1  LoRaMac.o [1]
  .near.bss          zero     0x000d75     0x1  radio.o [1]
  .near.bss          zero     0x000d76     0x1  radio.o [1]
  .near.bss          zero     0x000d77     0x1  RegionCN470A.o [1]
  .near.bss          zero     0x000d78     0x1  RegionCN470A.o [1]
  .near.bss          zero     0x000d79     0x1  RegionCN470A.o [1]
  .near.bss          zero     0x000d7a     0x1  RegionCN470A.o [1]
  .near.bss          zero     0x000d7b     0x1  RegionCN470A.o [1]
  .near.bss          zero     0x000d7c     0x1  spi-board.o [1]
  .near.bss          zero     0x000d7d     0x1  stm8l15x_it.o [1]
  .near.bss          zero     0x000d7e     0x1  sx1262-board.o [1]
  .near.bss          zero     0x000d7f     0x1  sx126x.o [1]
  .near.bss          zero     0x000d80     0x1  sx126x.o [1]
  .near.bss          zero     0x000d81     0x1  sx126x.o [1]
  .near.bss          zero     0x000d82     0x1  timer.o [1]
  .near.bss          zero     0x000d83     0x1  rtc-board.o [3]
  .near.bss          zero     0x000d84     0x1  rtc-board.o [3]
  .near.bss          zero     0x000d85     0x1  rtc-board.o [3]
  .near.bss          zero     0x000d86     0x1  rtc-board.o [3]
  .near.bss          zero     0x000d87     0x1  rtc-board.o [3]
  .near.bss          zero     0x000d88     0x1  rtc-board.o [3]
                            - 0x000d89   0xb85

"A1":                                    0x100
  CSTACK                      0x000f00   0x100  <Block>
    CSTACK           uninit   0x000f00   0x100  <Block tail>
                            - 0x001000   0x100

"A2":                                     0x80
  INTVEC                      0x008000    0x80  <Block>
    .intvec          const    0x008000    0x80  interrupt.o [5]
                            - 0x008080    0x80

"P3":                                   0x106d
  Initializer bytes  const    0x008080   0x1f4  <for P2-1>
  .near.rodata       const    0x008274   0x100  aes.o [1]
  .near.rodata       const    0x008374   0x100  aes.o [1]
  .near.rodata       const    0x008474   0x100  aes.o [1]
  .near.rodata       const    0x008574    0x6e  radio.o [1]
  .near.rodata       const    0x0085e2    0x5a  linkwan.o [1]
  .near.rodata       const    0x00863c    0x5a  linkwan.o [1]
  .near.rodata       const    0x008696    0x51  radio.o [1]
  .near.rodata       const    0x0086e7    0x4c  at_command.o [1]
  .near.rodata       const    0x008733    0x4a  RegionCN470A.o [1]
  .near.rodata       const    0x00877d    0x3c  at_command.o [1]
  .near_func.text    const    0x0087b9    0x3c  xprintffull.o [5]
  .near.rodata       const    0x0087f5    0x39  at_command.o [1]
  .near.rodata       const    0x00882e    0x37  at_command.o [1]
  .near.rodata       const    0x008865    0x36  at_command.o [1]
  .near.rodata       const    0x00889b    0x33  at_command.o [1]
  .near.rodata       const    0x0088ce    0x33  linkwan.o [1]
  .near.rodata       const    0x008901    0x32  linkwan.o [1]
  .near.rodata       const    0x008933    0x32  linkwan.o [1]
  .near.rodata       const    0x008965    0x2c  at_command.o [1]
  .near.rodata       const    0x008991    0x29  at_command.o [1]
  .near.rodata       const    0x0089ba    0x29  linkwan.o [1]
  .near.rodata       const    0x0089e3    0x26  LoRaMac.o [1]
  .near.rodata       const    0x008a09    0x25  xstoul.o [5]
  .near.rodata       const    0x008a2e    0x25  xstoul.o [5]
  .near.rodata       const    0x008a53    0x24  linkwan.o [1]
  .near.rodata       const    0x008a77    0x22  linkwan.o [1]
  .near.rodata       const    0x008a99    0x21  RegionCN470A.o [1]
  .iar.init_table    const    0x008aba    0x14  - Linker created -
  .near.rodata       const    0x008ace    0x20  lwan_config.o [1]
  .near.rodata       const    0x008aee    0x20  RegionCN470A.o [1]
  .near.rodata       const    0x008b0e    0x1f  at_command.o [1]
  .near.rodata       const    0x008b2d    0x1e  at_command.o [1]
  .near.rodata       const    0x008b4b    0x1e  at_command.o [1]
  .near.rodata       const    0x008b69    0x1d  at_command.o [1]
  .near.rodata       const    0x008b86    0x1d  at_command.o [1]
  .near.rodata       const    0x008ba3    0x1d  at_command.o [1]
  .near.rodata       const    0x008bc0    0x1c  at_command.o [1]
  .near.rodata       const    0x008bdc    0x1a  main.o [1]
  .near.rodata       const    0x008bf6    0x19  linkwan.o [1]
  .near_func.text    const    0x008c0f    0x18  lwan_config.o [1]
  .near_func.text    const    0x008c27    0x18  lwan_config.o [1]
  .near.rodata       const    0x008c3f    0x17  at_command.o [1]
  .near.rodata       const    0x008c56    0x17  linkwan.o [1]
  .near.rodata       const    0x008c6d    0x16  linkwan.o [1]
  .near.rodata       const    0x008c83    0x14  at_command.o [1]
  .near.rodata       const    0x008c97    0x14  at_command.o [1]
  .near.rodata       const    0x008cab    0x14  linkwan.o [1]
  .near.rodata       const    0x008cbf    0x14  main.o [1]
  .near.rodata       const    0x008cd3    0x13  at_command.o [1]
  .near.rodata       const    0x008ce6    0x12  at_command.o [1]
  .near.rodata       const    0x008cf8    0x12  at_command.o [1]
  .near.rodata       const    0x008d0a    0x12  at_command.o [1]
  .near.rodata       const    0x008d1c    0x12  at_command.o [1]
  .near.rodata       const    0x008d2e    0x12  linkwan.o [1]
  .near.rodata       const    0x008d40    0x11  at_command.o [1]
  .near.rodata       const    0x008d51    0x11  at_command.o [1]
  .near.rodata       const    0x008d62    0x11  at_command.o [1]
  .near.rodata       const    0x008d73    0x11  linkwan.o [1]
  .near.rodata       const    0x008d84    0x11  linkwan.o [1]
  .near.rodata       const    0x008d95    0x10  at_command.o [1]
  .near.rodata       const    0x008da5    0x10  at_command.o [1]
  .near.rodata       const    0x008db5    0x10  at_command.o [1]
  .near.rodata       const    0x008dc5    0x10  at_command.o [1]
  .near.rodata       const    0x008dd5    0x10  linkwan.o [1]
  .near.rodata       const    0x008de5    0x10  linkwan.o [1]
  .near.rodata       const    0x008df5    0x10  LoRaMac.o [1]
  .near.rodata       const    0x008e05    0x10  lwan_config.o [1]
  .near.rodata       const    0x008e15    0x10  lwan_config.o [1]
  .near.rodata       const    0x008e25    0x10  lwan_config.o [1]
  .near.rodata       const    0x008e35    0x10  RegionCN470A.o [1]
  .near.rodata       const    0x008e45    0x10  RegionCN470A.o [1]
  .near.rodata       const    0x008e55     0xf  at_command.o [1]
  .near.rodata       const    0x008e64     0xf  linkwan.o [1]
  .near.rodata       const    0x008e73     0xf  linkwan.o [1]
  .near.rodata       const    0x008e82     0xe  at_command.o [1]
  .near.rodata       const    0x008e90     0xe  at_command.o [1]
  .near.rodata       const    0x008e9e     0xe  linkwan.o [1]
  .near.rodata       const    0x008eac     0xd  linkwan.o [1]
  .near.rodata       const    0x008eb9     0xc  at_command.o [1]
  .near.rodata       const    0x008ec5     0xc  at_command.o [1]
  .near.rodata       const    0x008ed1     0xc  linkwan.o [1]
  .near.rodata       const    0x008edd     0xc  RegionCN470A.o [1]
  .near.rodata       const    0x008ee9     0xc  rtc-board.o [3]
  .near.rodata       const    0x008ef5     0xc  rtc-board.o [3]
  .near.rodata       const    0x008f01     0xb  at_command.o [1]
  .near.rodata       const    0x008f0c     0xb  at_command.o [1]
  .near.rodata       const    0x008f17     0xb  at_command.o [1]
  .near.rodata       const    0x008f22     0xb  at_command.o [1]
  .near.rodata       const    0x008f2d     0xb  at_command.o [1]
  .near.rodata       const    0x008f38     0xb  at_command.o [1]
  .near.rodata       const    0x008f43     0xa  at_command.o [1]
  .near.rodata       const    0x008f4d     0xa  at_command.o [1]
  .near.rodata       const    0x008f57     0xa  at_command.o [1]
  .near.rodata       const    0x008f61     0xa  at_command.o [1]
  .near.rodata       const    0x008f6b     0xa  at_command.o [1]
  .near.rodata       const    0x008f75     0xa  linkwan.o [1]
  .near.rodata       const    0x008f7f     0xa  linkwan.o [1]
  .near.rodata       const    0x008f89     0x9  at_command.o [1]
  .near.rodata       const    0x008f92     0x9  at_command.o [1]
  .near.rodata       const    0x008f9b     0x9  at_command.o [1]
  .near.rodata       const    0x008fa4     0x9  at_command.o [1]
  .near.rodata       const    0x008fad     0x9  at_command.o [1]
  .near.rodata       const    0x008fb6     0x9  linkwan.o [1]
  .near.rodata       const    0x008fbf     0x9  main.o [1]
  .near.rodata       const    0x008fc8     0x9  sx126x.o [1]
  .near.rodata       const    0x008fd1     0x8  at_command.o [1]
  .near.rodata       const    0x008fd9     0x8  at_command.o [1]
  .near.rodata       const    0x008fe1     0x8  radio.o [1]
  .near.rodata       const    0x008fe9     0x8  radio.o [1]
  .near.rodata       const    0x008ff1     0x8  RegionCN470A.o [1]
  .near.rodata       const    0x008ff9     0x8  RegionCN470A.o [1]
  .near.rodata       const    0x009001     0x8  RegionCN470A.o [1]
  .near.rodata       const    0x009009     0x8  sx126x.o [1]
  .near.rodata       const    0x009011     0x7  at_command.o [1]
  .near.rodata       const    0x009018     0x7  at_command.o [1]
  .near.rodata       const    0x00901f     0x7  at_command.o [1]
  .near.rodata       const    0x009026     0x7  linkwan.o [1]
  .near.rodata       const    0x00902d     0x7  xprintffull.o [5]
  .near.rodata       const    0x009034     0x6  at_command.o [1]
  .near.rodata       const    0x00903a     0x6  at_command.o [1]
  .near.rodata       const    0x009040     0x6  at_command.o [1]
  .near.rodata       const    0x009046     0x6  at_command.o [1]
  .near.rodata       const    0x00904c     0x6  at_command.o [1]
  .near.rodata       const    0x009052     0x6  at_command.o [1]
  .near.rodata       const    0x009058     0x6  at_command.o [1]
  .near.rodata       const    0x00905e     0x6  linkwan.o [1]
  .near.rodata       const    0x009064     0x6  linkwan.o [1]
  .near.rodata       const    0x00906a     0x6  linkwan.o [1]
  .near.rodata       const    0x009070     0x6  linkwan.o [1]
  .near.rodata       const    0x009076     0x6  LoRaMac.o [1]
  .near.rodata       const    0x00907c     0x6  lwan_config.o [1]
  .near.rodata       const    0x009082     0x6  main.o [1]
  .near.rodata       const    0x009088     0x6  RegionCN470A.o [1]
  .near.rodata       const    0x00908e     0x5  at_command.o [1]
  .near.rodata       const    0x009093     0x5  at_command.o [1]
  .near.rodata       const    0x009098     0x5  at_command.o [1]
  .near.rodata       const    0x00909d     0x5  at_command.o [1]
  .near.rodata       const    0x0090a2     0x5  linkwan.o [1]
  .near.rodata       const    0x0090a7     0x5  stm8l15x_clk.o [1]
  .near.rodata       const    0x0090ac     0x4  at_command.o [1]
  .near.rodata       const    0x0090b0     0x4  Region.o [1]
  .near.rodata       const    0x0090b4     0x4  rtc-board.o [3]
  .near.rodata       const    0x0090b8     0x4  rtc-board.o [3]
  .near.rodata       const    0x0090bc     0x4  rtc-board.o [3]
  .near.rodata       const    0x0090c0     0x4  xprintffull.o [5]
  .near.rodata       const    0x0090c4     0x4  xprintffull.o [5]
  .near.rodata       const    0x0090c8     0x4  xprintffull.o [5]
  .near.rodata       const    0x0090cc     0x4  xprintffull.o [5]
  .near.rodata       const    0x0090d0     0x3  at_command.o [1]
  .near.rodata       const    0x0090d3     0x3  at_command.o [1]
  .near.rodata       const    0x0090d6     0x3  linkwan.o [1]
  .near.rodata       const    0x0090d9     0x3  main.o [1]
  .near.rodata       const    0x0090dc     0x3  radio.o [1]
  .near.rodata       const    0x0090df     0x2  at_command.o [1]
  .near.rodata       const    0x0090e1     0x2  linkwan.o [1]
  .near.rodata       const    0x0090e3     0x2  rtc-board.o [3]
  .near.rodata       const    0x0090e5     0x2  xprintffull.o [5]
  .near.rodata       const    0x0090e7     0x1  board.o [1]
  .near.rodata       const    0x0090e8     0x1  board.o [1]
  .near.rodata       const    0x0090e9     0x1  board.o [1]
  .near.rodata       const    0x0090ea     0x1  radio.o [1]
  .near.rodata       const    0x0090eb     0x1  rtc-board.o [3]
  .near.rodata       const    0x0090ec     0x1  rtc-board.o [3]
                            - 0x0090ed  0x106d

"P4", part 1 of 2:                      0x6ac6
  .far_func.text     ro code  0x0090ed  0x16e7  LoRaMac.o [1]
  .far_func.text     ro code  0x00a7d4   0x8a7  lwan_config.o [1]
  .far_func.text     ro code  0x00b07b   0x6f0  LoRaMac.o [1]
  .far_func.text     ro code  0x00b76b   0x50d  float.o [5]
  .far_func.text     ro code  0x00bc78   0x47a  xprintffull.o [5]
  .far_func.text     ro code  0x00c0f2   0x477  xprintffull.o [5]
  .far_func.text     ro code  0x00c569   0x3b3  LoRaMac.o [1]
  .far_func.text     ro code  0x00c91c   0x3b0  xprintffull.o [5]
  .far_func.text     ro code  0x00cccc   0x374  pow.o [5]
  .far_func.text     ro code  0x00d040   0x34d  linkwan.o [1]
  .far_func.text     ro code  0x00d38d   0x2fb  linkwan.o [1]
  .far_func.text     ro code  0x00d688   0x282  long.o [5]
  .far_func.text     ro code  0x00d90a   0x26d  RegionCN470A.o [1]
  .far_func.text     ro code  0x00db77   0x26b  xexp.o [5]
  .far_func.text     ro code  0x00dde2   0x24a  aes.o [1]
  .far_func.text     ro code  0x00e02c   0x240  vreg_util.o [5]
  .far_func.text     ro code  0x00e26c   0x236  at_command.o [1]
  .far_func.text     ro code  0x00e4a2   0x215  LoRaMacCrypto.o [1]
  .far_func.text     ro code  0x00e6b7   0x207  RegionCN470A.o [1]
  .far_func.text     ro code  0x00e8be   0x1dc  xstoul.o [5]
  .far_func.text     ro code  0x00ea9a    0x37  stm8l15x_rtc.o [1]
  .far_func.text     ro code  0x00ead1    0x36  delay-board.o [1]
  .far_func.text     ro code  0x00eb07    0x36  sx1262-board.o [1]
  .far_func.text     ro code  0x00eb3d    0x35  gpio-board.o [1]
  .far_func.text     ro code  0x00eb72    0x35  strncmp.o [5]
  .far_func.text     ro code  0x00eba7    0x34  sx126x.o [1]
  .far_func.text     ro code  0x00ebdb    0x34  div.o [5]
  .far_func.text     ro code  0x00ec0f    0x33  stm8l15x_rtc.o [1]
  .far_func.text     ro code  0x00ec42    0x33  sx1262-board.o [1]
  .far_func.text     ro code  0x00ec75    0x33  sx126x.o [1]
  .far_func.text     ro code  0x00eca8    0x32  cmac.o [1]
  .far_func.text     ro code  0x00ecda    0x32  sx1262-board.o [1]
  .far_func.text     ro code  0x00ed0c    0x32  sx126x.o [1]
  .far_func.text     ro code  0x00ed3e    0x31  stm8l15x_exti.o [1]
  .far_func.text     ro code  0x00ed6f    0x31  rtc-board.o [3]
  .far_func.text     ro code  0x00eda0    0x30  main.o [1]
  .far_func.text     ro code  0x00edd0    0x30  stm8l15x_spi.o [1]
  .far_func.text     ro code  0x00ee00    0x30  sx1262-board.o [1]
  .far_func.text     ro code  0x00ee30    0x30  memcmp.o [5]
  .far_func.text     ro code  0x00ee60    0x2f  RegionCN470A.o [1]
  .far_func.text     ro code  0x00ee8f    0x2f  RegionCommon.o [1]
  .far_func.text     ro code  0x00eebe    0x2e  board.o [1]
  .far_func.text     ro code  0x00eeec    0x2e  radio.o [1]
  .far_func.text     ro code  0x00ef1a    0x2e  radio.o [1]
  .far_func.text     ro code  0x00ef48    0x2e  sx126x.o [1]
  .far_func.text     ro code  0x00ef76    0x2e  xprintffull.o [5]
  .far_func.text     ro code  0x00efa4    0x2d  linkwan.o [1]
  .far_func.text     ro code  0x00efd1    0x2d  LoRaMac.o [1]
  .far_func.text     ro code  0x00effe    0x2d  sx126x.o [1]
  .far_func.text     ro code  0x00f02b    0x2c  timer.o [1]
  .far_func.text     ro code  0x00f057    0x2b  sx1262-board.o [1]
  .far_func.text     ro code  0x00f082    0x2b  rtc-board.o [3]
  .far_func.text     ro code  0x00f0ad    0x2a  timer.o [1]
  .far_func.text     ro code  0x00f0d7    0x29  radio.o [1]
  .far_func.text     ro code  0x00f100    0x29  RegionCommon.o [1]
  .far_func.text     ro code  0x00f129    0x29  sx1262-board.o [1]
  .far_func.text     ro code  0x00f152    0x28  linkwan.o [1]
  .far_func.text     ro code  0x00f17a    0x28  radio.o [1]
  .far_func.text     ro code  0x00f1a2    0x28  RegionCommon.o [1]
  .far_func.text     ro code  0x00f1ca    0x28  init_small.o [5]
  .far_func.text     ro code  0x00f1f2    0x27  utilities.o [1]
  .far_func.text     ro code  0x00f219    0x26  LoRaMac.o [1]
  .far_func.text     ro code  0x00f23f    0x25  move.o [5]
  .far_func.text     ro code  0x00f264    0x25  xlog.o [5]
  .far_func.text     ro code  0x00f289    0x24  board.o [1]
  .far_func.text     ro code  0x00f2ad    0x24  gpio-board.o [1]
  .far_func.text     ro code  0x00f2d1    0x24  linkwan.o [1]
  .far_func.text     ro code  0x00f2f5    0x24  linkwan.o [1]
  .far_func.text     ro code  0x00f319    0x24  radio.o [1]
  .far_func.text     ro code  0x00f33d    0x24  sx1262-board.o [1]
  .far_func.text     ro code  0x00f361    0x24  utilities.o [1]
  .far_func.text     ro code  0x00f385    0x24  printf.o [5]
  .far_func.text     ro code  0x00f3a9    0x23  stm8l15x_usart.o [1]
  .far_func.text     ro code  0x00f3cc    0x22  sx1262-board.o [1]
  .far_func.text     ro code  0x00f3ee    0x22  rtc-board.o [3]
  .far_func.text     ro code  0x00f410    0x21  gpio-board.o [1]
  .far_func.text     ro code  0x00f431    0x21  memchr.o [5]
  .far_func.text     ro code  0x00f452    0x20  stm8l15x_it.o [1]
  .far_func.text     ro code  0x00f472    0x20  stm8l15x_it.o [1]
  .far_func.text     ro code  0x00f492    0x20  memcpy.o [5]
  .far_func.text     ro code  0x00f4b2    0x1f  xprout.o [5]
  .far_func.text     ro code  0x00f4d1    0x1e  radio.o [1]
  .far_func.text     ro code  0x00f4ef    0x1e  stm8l15x_rtc.o [1]
  .far_func.text     ro code  0x00f50d    0x1e  stm8l15x_rtc.o [1]
  .far_func.text     ro code  0x00f52b    0x1e  sx1262-board.o [1]
  .far_func.text     ro code  0x00f549    0x1e  sx126x.o [1]
  .far_func.text     ro code  0x00f567    0x1e  rtc-board.o [3]
  .far_func.text     ro code  0x00f585    0x1e  rtc-board.o [3]
  .far_func.text     ro code  0x00f5a3    0x1e  init.o [5]
  .far_func.text     ro code  0x00f5c1    0x1e  init_small.o [5]
  .far_func.text     ro code  0x00f5df    0x1d  board.o [1]
  .far_func.text     ro code  0x00f5fc    0x1d  RegionCN470A.o [1]
  .far_func.text     ro code  0x00f619    0x1d  spi-board.o [1]
  .far_func.text     ro code  0x00f636    0x1d  stm8l15x_usart.o [1]
  .far_func.text     ro code  0x00f653    0x1d  sx126x.o [1]
  .far_func.text     ro code  0x00f670    0x1c  RegionCN470A.o [1]
  .far_func.text     ro code  0x00f68c    0x1c  stm8l15x_it.o [1]
  .far_func.text     ro code  0x00f6a8    0x1c  stm8l15x_it.o [1]
  .far_func.text     ro code  0x00f6c4    0x1c  stm8l15x_it.o [1]
  .far_func.text     ro code  0x00f6e0    0x1c  stm8l15x_it.o [1]
  .far_func.text     ro code  0x00f6fc    0x1c  stm8l15x_it.o [1]
  .far_func.text     ro code  0x00f718    0x1c  stm8l15x_it.o [1]
  .far_func.text     ro code  0x00f734    0x1c  stm8l15x_it.o [1]
  .far_func.text     ro code  0x00f750    0x1c  stm8l15x_rtc.o [1]
  .far_func.text     ro code  0x00f76c    0x1c  stm8l15x_rtc.o [1]
  .far_func.text     ro code  0x00f788    0x1c  sx126x.o [1]
  .far_func.text     ro code  0x00f7a4    0x1c  timer.o [1]
  .far_func.text     ro code  0x00f7c0    0x1c  timer.o [1]
  .far_func.text     ro code  0x00f7dc    0x1b  radio.o [1]
  .far_func.text     ro code  0x00f7f7    0x1b  radio.o [1]
  .far_func.text     ro code  0x00f812    0x1b  stm8l15x_it.o [1]
  .far_func.text     ro code  0x00f82d    0x1b  sx126x.o [1]
  .far_func.text     ro code  0x00f848    0x1a  LoRaMac.o [1]
  .far_func.text     ro code  0x00f862    0x1a  Region.o [1]
  .far_func.text     ro code  0x00f87c    0x1a  stm8l15x_flash.o [1]
  .far_func.text     ro code  0x00f896    0x1a  sx126x.o [1]
  .far_func.text     ro code  0x00f8b0    0x1a  utilities.o [1]
  .far_func.text     ro code  0x00f8ca    0x19  at_command.o [1]
  .far_func.text     ro code  0x00f8e3    0x19  cmac.o [1]
  .far_func.text     ro code  0x00f8fc    0x19  linkwan.o [1]
  .far_func.text     ro code  0x00f915    0x19  stm8l15x_spi.o [1]
  .far_func.text     ro code  0x00f92e    0x18  linkwan.o [1]
  .far_func.text     ro code  0x00f946    0x18  RegionCommon.o [1]
  .far_func.text     ro code  0x00f95e    0x18  stm8l15x_rtc.o [1]
  .far_func.text     ro code  0x00f976    0x18  sx1262-board.o [1]
  .far_func.text     ro code  0x00f98e    0x17  gpio-board.o [1]
  .far_func.text     ro code  0x00f9a5    0x17  linkwan.o [1]
  .far_func.text     ro code  0x00f9bc    0x17  lwan_config.o [1]
  .far_func.text     ro code  0x00f9d3    0x17  stm8l15x_rtc.o [1]
  .far_func.text     ro code  0x00f9ea    0x17  sx1262-board.o [1]
  .far_func.text     ro code  0x00fa01    0x17  sx126x.o [1]
  .far_func.text     ro code  0x00fa18    0x17  sx126x.o [1]
  .far_func.text     ro code  0x00fa2f    0x17  sx126x.o [1]
  .far_func.text     ro code  0x00fa46    0x17  cstartup.o [5]
  .far_func.text     ro code  0x00fa5d    0x16  Region.o [1]
  .far_func.text     ro code  0x00fa73    0x16  RegionCN470A.o [1]
  .far_func.text     ro code  0x00fa89    0x16  stm8l15x_rtc.o [1]
  .far_func.text     ro code  0x00fa9f    0x16  rtc-board.o [3]
  .far_func.text     ro code  0x00fab5    0x16  memset.o [5]
  .far_func.text     ro code  0x00facb    0x16  __dbg_xxexit.o [4]
  .far_func.text     ro code  0x00fae1    0x15  board.o [1]
  .far_func.text     ro code  0x00faf6    0x15  cmac.o [1]
  .far_func.text     ro code  0x00fb0b    0x15  RegionCommon.o [1]
  .far_func.text     ro code  0x00fb20    0x15  stm8l15x_gpio.o [1]
  .far_func.text     ro code  0x00fb35    0x15  stm8l15x_rtc.o [1]
  .far_func.text     ro code  0x00fb4a    0x15  stm8l15x_rtc.o [1]
  .far_func.text     ro code  0x00fb5f    0x15  sx1262-board.o [1]
  .far_func.text     ro code  0x00fb74    0x15  sx126x.o [1]
  .far_func.text     ro code  0x00fb89    0x15  xprintffull.o [5]
  .far_func.text     ro code  0x00fb9e    0x15  strchr.o [5]
                            - 0x00fbb3  0x6ac6

"P4", part 2 of 2:                      0x7498
  .far_func.text     ro code  0x010000   0x1d6  linkwan.o [1]
  .far_func.text     ro code  0x0101d6   0x1ca  rtc-board.o [3]
  .far_func.text     ro code  0x0103a0   0x1c1  RegionCN470A.o [1]
  .far_func.text     ro code  0x010561   0x1aa  rtc-board.o [3]
  .far_func.text     ro code  0x01070b   0x1a9  radio.o [1]
  .far_func.text     ro code  0x0108b4   0x19c  RegionCN470A.o [1]
  .far_func.text     ro code  0x010a50   0x194  RegionCN470A.o [1]
  .far_func.text     ro code  0x010be4   0x191  linkwan.o [1]
  .far_func.text     ro code  0x010d75   0x18d  radio.o [1]
  .far_func.text     ro code  0x010f02   0x182  float_libsup.o [5]
  .far_func.text     ro code  0x011084   0x181  xprintffull.o [5]
  .far_func.text     ro code  0x011205   0x170  lwan_config.o [1]
  .far_func.text     ro code  0x011375   0x16b  radio.o [1]
  .far_func.text     ro code  0x0114e0   0x16a  cmac.o [1]
  .far_func.text     ro code  0x01164a   0x16a  spi-board.o [1]
  .far_func.text     ro code  0x0117b4   0x158  RegionCN470A.o [1]
  .far_func.text     ro code  0x01190c   0x14e  radio.o [1]
  .far_func.text     ro code  0x011a5a   0x14b  aes.o [1]
  .far_func.text     ro code  0x011ba5   0x143  sx126x.o [1]
  .far_func.text     ro code  0x011ce8   0x142  LoRaMac.o [1]
  .far_func.text     ro code  0x011e2a   0x13d  cmac.o [1]
  .far_func.text     ro code  0x011f67   0x12a  radio.o [1]
  .far_func.text     ro code  0x012091   0x122  RegionCN470A.o [1]
  .far_func.text     ro code  0x0121b3   0x11f  gpio-board.o [1]
  .far_func.text     ro code  0x0122d2   0x11b  board.o [1]
  .far_func.text     ro code  0x0123ed   0x118  RegionCommon.o [1]
  .far_func.text     ro code  0x012505   0x112  lwan_config.o [1]
  .far_func.text     ro code  0x012617   0x100  stm8l15x_rtc.o [1]
  .far_func.text     ro code  0x012717    0xff  aes.o [1]
  .far_func.text     ro code  0x012816    0xfa  lwan_config.o [1]
  .far_func.text     ro code  0x012910    0xe7  LoRaMac.o [1]
  .far_func.text     ro code  0x0129f7    0xe6  rtc-board.o [3]
  .far_func.text     ro code  0x012add    0xdd  RegionCommon.o [1]
  .far_func.text     ro code  0x012bba    0xdb  linkwan.o [1]
  .far_func.text     ro code  0x012c95    0xd7  at_command.o [1]
  .far_func.text     ro code  0x012d6c    0xd4  long_util.o [5]
  .far_func.text     ro code  0x012e40    0xd4  xstol.o [5]
  .far_func.text     ro code  0x012f14    0xd1  sx126x.o [1]
  .far_func.text     ro code  0x012fe5    0xcb  aes.o [1]
  .far_func.text     ro code  0x0130b0    0xc9  stm8l15x_rtc.o [1]
  .far_func.text     ro code  0x013179    0xc9  xdint.o [5]
  .far_func.text     ro code  0x013242    0xc7  stm8l15x_rtc.o [1]
  .far_func.text     ro code  0x013309    0xc5  LoRaMac.o [1]
  .far_func.text     ro code  0x0133ce    0xc4  gpio-board.o [1]
  .far_func.text     ro code  0x013492    0xc3  at_command.o [1]
  .far_func.text     ro code  0x013555    0xc3  sx126x.o [1]
  .far_func.text     ro code  0x013618    0xc1  RegionCN470A.o [1]
  .far_func.text     ro code  0x0136d9    0xc0  linkwan.o [1]
  .far_func.text     ro code  0x013799    0xbc  at_command.o [1]
  .far_func.text     ro code  0x013855    0xba  at_command.o [1]
  .far_func.text     ro code  0x01390f    0xb7  RegionCN470A.o [1]
  .far_func.text     ro code  0x0139c6    0xb5  timer.o [1]
  .far_func.text     ro code  0x013a7b    0xb0  RegionCommon.o [1]
  .far_func.text     ro code  0x013b2b    0xae  LoRaMac.o [1]
  .far_func.text     ro code  0x013bd9    0xad  at_command.o [1]
  .far_func.text     ro code  0x013c86    0xaa  at_command.o [1]
  .far_func.text     ro code  0x013d30    0xa8  at_command.o [1]
  .far_func.text     ro code  0x013dd8    0xa5  aes.o [1]
  .far_func.text     ro code  0x013e7d    0xa5  aes.o [1]
  .far_func.text     ro code  0x013f22    0xa4  at_command.o [1]
  .far_func.text     ro code  0x013fc6    0xa4  at_command.o [1]
  .far_func.text     ro code  0x01406a    0xa4  sx126x.o [1]
  .far_func.text     ro code  0x01410e    0xa2  stm8l15x_exti.o [1]
  .far_func.text     ro code  0x0141b0    0xa1  timer.o [1]
  .far_func.text     ro code  0x014251    0x9f  at_command.o [1]
  .far_func.text     ro code  0x0142f0    0x9f  rtc-board.o [3]
  .far_func.text     ro code  0x01438f    0x99  at_command.o [1]
  .far_func.text     ro code  0x014428    0x97  at_command.o [1]
  .far_func.text     ro code  0x0144bf    0x96  at_command.o [1]
  .far_func.text     ro code  0x014555    0x96  timer.o [1]
  .far_func.text     ro code  0x0145eb    0x94  LoRaMacCrypto.o [1]
  .far_func.text     ro code  0x01467f    0x91  RegionCN470A.o [1]
  .far_func.text     ro code  0x014710    0x8c  at_command.o [1]
  .far_func.text     ro code  0x01479c    0x86  timer.o [1]
  .far_func.text     ro code  0x014822    0x84  spi-board.o [1]
  .far_func.text     ro code  0x0148a6    0x83  RegionCN470A.o [1]
  .far_func.text     ro code  0x014929    0x82  stm8l15x_usart.o [1]
  .far_func.text     ro code  0x0149ab    0x81  board.o [1]
  .far_func.text     ro code  0x014a2c    0x81  stm8l15x_clk.o [1]
  .far_func.text     ro code  0x014aad    0x7f  sx126x.o [1]
  .far_func.text     ro code  0x014b2c    0x7d  RegionCN470A.o [1]
  .far_func.text     ro code  0x014ba9    0x76  board.o [1]
  .far_func.text     ro code  0x014c1f    0x76  rtc-board.o [3]
  .far_func.text     ro code  0x014c95    0x75  at_command.o [1]
  .far_func.text     ro code  0x014d0a    0x75  at_command.o [1]
  .far_func.text     ro code  0x014d7f    0x75  RegionCN470A.o [1]
  .far_func.text     ro code  0x014df4    0x74  at_command.o [1]
  .far_func.text     ro code  0x014e68    0x71  aes.o [1]
  .far_func.text     ro code  0x014ed9    0x71  at_command.o [1]
  .far_func.text     ro code  0x014f4a    0x71  at_command.o [1]
  .far_func.text     ro code  0x014fbb    0x71  at_command.o [1]
  .far_func.text     ro code  0x01502c    0x71  at_command.o [1]
  .far_func.text     ro code  0x01509d    0x71  RegionCommon.o [1]
  .far_func.text     ro code  0x01510e    0x6f  at_command.o [1]
  .far_func.text     ro code  0x01517d    0x6d  at_command.o [1]
  .far_func.text     ro code  0x0151ea    0x6b  LoRaMac.o [1]
  .far_func.text     ro code  0x015255    0x6b  LoRaMac.o [1]
  .far_func.text     ro code  0x0152c0    0x6a  LoRaMac.o [1]
  .far_func.text     ro code  0x01532a    0x6a  main.o [1]
  .far_func.text     ro code  0x015394    0x6a  far_util.o [5]
  .far_func.text     ro code  0x0153fe    0x68  RegionCN470A.o [1]
  .far_func.text     ro code  0x015466    0x64  stm8l15x_gpio.o [1]
  .far_func.text     ro code  0x0154ca    0x64  stm8l15x_usart.o [1]
  .far_func.text     ro code  0x01552e    0x62  rtc-board.o [3]
  .far_func.text     ro code  0x015590    0x61  rtc-board.o [3]
  .far_func.text     ro code  0x0155f1    0x60  linkwan.o [1]
  .far_func.text     ro code  0x015651    0x60  rtc-board.o [3]
  .far_func.text     ro code  0x0156b1    0x60  strstr.o [5]
  .far_func.text     ro code  0x015711    0x5f  radio.o [1]
  .far_func.text     ro code  0x015770    0x5f  RegionCN470A.o [1]
  .far_func.text     ro code  0x0157cf    0x5f  stm8l15x_clk.o [1]
  .far_func.text     ro code  0x01582e    0x5e  short.o [5]
  .far_func.text     ro code  0x01588c    0x5d  radio.o [1]
  .far_func.text     ro code  0x0158e9    0x5d  stm8l15x_usart.o [1]
  .far_func.text     ro code  0x015946    0x5c  LoRaMac.o [1]
  .far_func.text     ro code  0x0159a2    0x5b  at_command.o [1]
  .far_func.text     ro code  0x0159fd    0x5b  rtc-board.o [3]
  .far_func.text     ro code  0x015a58    0x5a  RegionCommon.o [1]
  .far_func.text     ro code  0x015ab2    0x58  at_command.o [1]
  .far_func.text     ro code  0x015b0a    0x58  dc_util.o [5]
  .far_func.text     ro code  0x015b62    0x56  linkwan.o [1]
  .far_func.text     ro code  0x015bb8    0x55  stm8l15x_rtc.o [1]
  .far_func.text     ro code  0x015c0d    0x54  linkwan.o [1]
  .far_func.text     ro code  0x015c61    0x52  sx126x.o [1]
  .far_func.text     ro code  0x015cb3    0x51  stm8l15x_exti.o [1]
  .far_func.text     ro code  0x015d04    0x51  sx1262-board.o [1]
  .far_func.text     ro code  0x015d55    0x51  xprintffull.o [5]
  .far_func.text     ro code  0x015da6    0x4f  linkwan.o [1]
  .far_func.text     ro code  0x015df5    0x4f  utilities.o [1]
  .far_func.text     ro code  0x015e44    0x4e  at_command.o [1]
  .far_func.text     ro code  0x015e92    0x4e  sx126x.o [1]
  .far_func.text     ro code  0x015ee0    0x4d  LoRaMacCrypto.o [1]
  .far_func.text     ro code  0x015f2d    0x4c  RegionCN470A.o [1]
  .far_func.text     ro code  0x015f79    0x4c  spi-board.o [1]
  .far_func.text     ro code  0x015fc5    0x4c  stm8l15x_it.o [1]
  .far_func.text     ro code  0x016011    0x4c  stm8l15x_it.o [1]
  .far_func.text     ro code  0x01605d    0x4b  RegionCN470A.o [1]
  .far_func.text     ro code  0x0160a8    0x4a  radio.o [1]
  .far_func.text     ro code  0x0160f2    0x49  board.o [1]
  .far_func.text     ro code  0x01613b    0x49  stm8l15x_syscfg.o [1]
  .far_func.text     ro code  0x016184    0x49  xprintffull.o [5]
  .far_func.text     ro code  0x0161cd    0x46  ceil.o [5]
  .far_func.text     ro code  0x016213    0x46  floor.o [5]
  .far_func.text     ro code  0x016259    0x45  sx126x.o [1]
  .far_func.text     ro code  0x01629e    0x44  sprintf.o [5]
  .far_func.text     ro code  0x0162e2    0x3f  RegionCN470A.o [1]
  .far_func.text     ro code  0x016321    0x3f  RegionCommon.o [1]
  .far_func.text     ro code  0x016360    0x3f  stm8l15x_rtc.o [1]
  .far_func.text     ro code  0x01639f    0x3e  LoRaMac.o [1]
  .far_func.text     ro code  0x0163dd    0x3e  xprintffull.o [5]
  .far_func.text     ro code  0x01641b    0x3d  xprintffull.o [5]
  .far_func.text     ro code  0x016458    0x3c  RegionCN470A.o [1]
  .far_func.text     ro code  0x016494    0x3a  RegionCommon.o [1]
  .far_func.text     ro code  0x0164ce    0x3a  stm8l15x_rtc.o [1]
  .far_func.text     ro code  0x016508    0x3a  sx1262-board.o [1]
  .far_func.text     ro code  0x016542    0x3a  sx1262-board.o [1]
  .far_func.text     ro code  0x01657c    0x3a  timer.o [1]
  .far_func.text     ro code  0x0165b6    0x39  stm8l15x_clk.o [1]
  .far_func.text     ro code  0x0165ef    0x39  stm8l15x_rtc.o [1]
  .far_func.text     ro code  0x016628    0x38  stm8l15x_exti.o [1]
  .far_func.text     ro code  0x016660    0x14  gpio-board.o [1]
  .far_func.text     ro code  0x016674    0x14  linkwan.o [1]
  .far_func.text     ro code  0x016688    0x14  linkwan.o [1]
  .far_func.text     ro code  0x01669c    0x14  RegionCN470A.o [1]
  .far_func.text     ro code  0x0166b0    0x13  LoRaMacCrypto.o [1]
  .far_func.text     ro code  0x0166c3    0x13  radio.o [1]
  .far_func.text     ro code  0x0166d6    0x13  RegionCN470A.o [1]
  .far_func.text     ro code  0x0166e9    0x13  RegionCommon.o [1]
  .far_func.text     ro code  0x0166fc    0x13  stm8l15x_clk.o [1]
  .far_func.text     ro code  0x01670f    0x13  stm8l15x_spi.o [1]
  .far_func.text     ro code  0x016722    0x13  sx1262-board.o [1]
  .far_func.text     ro code  0x016735    0x13  sx126x.o [1]
  .far_func.text     ro code  0x016748    0x13  utilities.o [1]
  .far_func.text     ro code  0x01675b    0x12  LoRaMac.o [1]
  .far_func.text     ro code  0x01676d    0x12  lwan_config.o [1]
  .far_func.text     ro code  0x01677f    0x12  radio.o [1]
  .far_func.text     ro code  0x016791    0x12  RegionCN470A.o [1]
  .far_func.text     ro code  0x0167a3    0x12  stm8l15x_gpio.o [1]
  .far_func.text     ro code  0x0167b5    0x11  at_command.o [1]
  .far_func.text     ro code  0x0167c6    0x11  at_command.o [1]
  .far_func.text     ro code  0x0167d7    0x11  cmac.o [1]
  .far_func.text     ro code  0x0167e8    0x11  LoRaMac.o [1]
  .far_func.text     ro code  0x0167f9    0x11  LoRaMacCrypto.o [1]
  .far_func.text     ro code  0x01680a    0x11  main.o [1]
  .far_func.text     ro code  0x01681b    0x11  Region.o [1]
  .far_func.text     ro code  0x01682c    0x11  RegionCN470A.o [1]
  .far_func.text     ro code  0x01683d    0x11  RegionCommon.o [1]
  .far_func.text     ro code  0x01684e    0x11  stm8l15x_rtc.o [1]
  .far_func.text     ro code  0x01685f    0x11  stm8l15x_rtc.o [1]
  .far_func.text     ro code  0x016870    0x11  stm8l15x_rtc.o [1]
  .far_func.text     ro code  0x016881    0x11  sx1262-board.o [1]
  .far_func.text     ro code  0x016892    0x11  sx1262-board.o [1]
  .far_func.text     ro code  0x0168a3    0x11  sx126x.o [1]
  .far_func.text     ro code  0x0168b4    0x10  at_command.o [1]
  .far_func.text     ro code  0x0168c4    0x10  at_command.o [1]
  .far_func.text     ro code  0x0168d4    0x10  at_command.o [1]
  .far_func.text     ro code  0x0168e4    0x10  radio.o [1]
  .far_func.text     ro code  0x0168f4    0x10  stm8l15x_it.o [1]
  .far_func.text     ro code  0x016904    0x10  stm8l15x_usart.o [1]
  .far_func.text     ro code  0x016914    0x10  sx1262-board.o [1]
  .far_func.text     ro code  0x016924    0x10  sx1262-board.o [1]
  .far_func.text     ro code  0x016934    0x10  sx126x.o [1]
  .far_func.text     ro code  0x016944    0x10  sx126x.o [1]
  .far_func.text     ro code  0x016954    0x10  utilities.o [1]
  .far_func.text     ro code  0x016964     0xf  LoRaMac.o [1]
  .far_func.text     ro code  0x016973     0xf  radio.o [1]
  .far_func.text     ro code  0x016982     0xf  radio.o [1]
  .far_func.text     ro code  0x016991     0xf  radio.o [1]
  .far_func.text     ro code  0x0169a0     0xf  RegionCN470A.o [1]
  .far_func.text     ro code  0x0169af     0xf  stm8l15x_flash.o [1]
  .far_func.text     ro code  0x0169be     0xf  stm8l15x_rtc.o [1]
  .far_func.text     ro code  0x0169cd     0xf  sx1262-board.o [1]
  .far_func.text     ro code  0x0169dc     0xf  rtc-board.o [3]
  .far_func.text     ro code  0x0169eb     0xe  at_command.o [1]
  .far_func.text     ro code  0x0169f9     0xe  at_command.o [1]
  .far_func.text     ro code  0x016a07     0xe  at_command.o [1]
  .far_func.text     ro code  0x016a15     0xe  at_command.o [1]
  .far_func.text     ro code  0x016a23     0xe  board.o [1]
  .far_func.text     ro code  0x016a31     0xe  linkwan.o [1]
  .far_func.text     ro code  0x016a3f     0xe  LoRaMac.o [1]
  .far_func.text     ro code  0x016a4d     0xe  RegionCN470A.o [1]
  .far_func.text     ro code  0x016a5b     0xe  RegionCN470A.o [1]
  .far_func.text     ro code  0x016a69     0xe  RegionCN470A.o [1]
  .far_func.text     ro code  0x016a77     0xe  stm8l15x_exti.o [1]
  .far_func.text     ro code  0x016a85     0xe  stm8l15x_exti.o [1]
  .far_func.text     ro code  0x016a93     0xe  stm8l15x_rtc.o [1]
  .far_func.text     ro code  0x016aa1     0xe  stm8l15x_rtc.o [1]
  .far_func.text     ro code  0x016aaf     0xe  sx126x.o [1]
  .far_func.text     ro code  0x016abd     0xe  xprintffull.o [5]
  .far_func.text     ro code  0x016acb     0xd  at_command.o [1]
  .far_func.text     ro code  0x016ad8     0xd  at_command.o [1]
  .far_func.text     ro code  0x016ae5     0xd  cmac.o [1]
  .far_func.text     ro code  0x016af2     0xd  cmac.o [1]
  .far_func.text     ro code  0x016aff     0xd  linkwan.o [1]
  .far_func.text     ro code  0x016b0c     0xd  linkwan.o [1]
  .far_func.text     ro code  0x016b19     0xd  linkwan.o [1]
  .far_func.text     ro code  0x016b26     0xd  LoRaMac.o [1]
  .far_func.text     ro code  0x016b33     0xd  LoRaMac.o [1]
  .far_func.text     ro code  0x016b40     0xd  LoRaMac.o [1]
  .far_func.text     ro code  0x016b4d     0xd  LoRaMacCrypto.o [1]
  .far_func.text     ro code  0x016b5a     0xd  radio.o [1]
  .far_func.text     ro code  0x016b67     0xd  radio.o [1]
  .far_func.text     ro code  0x016b74     0xd  RegionCN470A.o [1]
  .far_func.text     ro code  0x016b81     0xd  RegionCN470A.o [1]
  .far_func.text     ro code  0x016b8e     0xd  spi-board.o [1]
  .far_func.text     ro code  0x016b9b     0xd  stm8l15x_pwr.o [1]
  .far_func.text     ro code  0x016ba8     0xd  stm8l15x_spi.o [1]
  .far_func.text     ro code  0x016bb5     0xd  sx1262-board.o [1]
  .far_func.text     ro code  0x016bc2     0xd  sx1262-board.o [1]
  .far_func.text     ro code  0x016bcf     0xd  sx126x.o [1]
  .far_func.text     ro code  0x016bdc     0xd  sx126x.o [1]
  .far_func.text     ro code  0x016be9     0xd  strlen.o [5]
  .far_func.text     ro code  0x016bf6     0xc  LoRaMac.o [1]
  .far_func.text     ro code  0x016c02     0xc  LoRaMac.o [1]
  .far_func.text     ro code  0x016c0e     0xc  LoRaMac.o [1]
  .far_func.text     ro code  0x016c1a     0xc  lwan_config.o [1]
  .far_func.text     ro code  0x016c26     0xc  lwan_config.o [1]
  .far_func.text     ro code  0x016c32     0xc  radio.o [1]
  .far_func.text     ro code  0x016c3e     0xc  radio.o [1]
  .far_func.text     ro code  0x016c4a     0xc  radio.o [1]
  .far_func.text     ro code  0x016c56     0xc  Region.o [1]
  .far_func.text     ro code  0x016c62     0xc  RegionCN470A.o [1]
  .far_func.text     ro code  0x016c6e     0xc  RegionCN470A.o [1]
  .far_func.text     ro code  0x016c7a     0xc  RegionCN470A.o [1]
  .far_func.text     ro code  0x016c86     0xc  stm8l15x_rtc.o [1]
  .far_func.text     ro code  0x016c92     0xc  sx1262-board.o [1]
  .far_func.text     ro code  0x016c9e     0xc  sx126x.o [1]
  .far_func.text     ro code  0x016caa     0xc  sx126x.o [1]
  .far_func.text     ro code  0x016cb6     0xc  char.o [5]
  .far_func.text     ro code  0x016cc2     0xc  xprintffull.o [5]
  .far_func.text     ro code  0x016cce     0xc  xlog.o [5]
  .far_func.text     ro code  0x016cda     0xc  switch.o [5]
  .far_func.text     ro code  0x016ce6     0xb  aes.o [1]
  .far_func.text     ro code  0x016cf1     0xb  at_command.o [1]
  .far_func.text     ro code  0x016cfc     0xb  at_command.o [1]
  .far_func.text     ro code  0x016d07     0xb  at_command.o [1]
  .far_func.text     ro code  0x016d12     0xb  at_command.o [1]
  .far_func.text     ro code  0x016d1d     0xb  at_command.o [1]
  .far_func.text     ro code  0x016d28     0xb  at_command.o [1]
  .far_func.text     ro code  0x016d33     0xb  board.o [1]
  .far_func.text     ro code  0x016d3e     0xb  gpio-board.o [1]
  .far_func.text     ro code  0x016d49     0xb  LoRaMac.o [1]
  .far_func.text     ro code  0x016d54     0xb  LoRaMac.o [1]
  .far_func.text     ro code  0x016d5f     0xb  LoRaMac.o [1]
  .far_func.text     ro code  0x016d6a     0xb  LoRaMac.o [1]
  .far_func.text     ro code  0x016d75     0xb  LoRaMac.o [1]
  .far_func.text     ro code  0x016d80     0xb  LoRaMac.o [1]
  .far_func.text     ro code  0x016d8b     0xb  LoRaMac.o [1]
  .far_func.text     ro code  0x016d96     0xb  lwan_config.o [1]
  .far_func.text     ro code  0x016da1     0xb  lwan_config.o [1]
  .far_func.text     ro code  0x016dac     0xb  lwan_config.o [1]
  .far_func.text     ro code  0x016db7     0xb  radio.o [1]
  .far_func.text     ro code  0x016dc2     0xb  radio.o [1]
  .far_func.text     ro code  0x016dcd     0xb  radio.o [1]
  .far_func.text     ro code  0x016dd8     0xb  radio.o [1]
  .far_func.text     ro code  0x016de3     0xb  Region.o [1]
  .far_func.text     ro code  0x016dee     0xb  RegionCN470A.o [1]
  .far_func.text     ro code  0x016df9     0xb  RegionCN470A.o [1]
  .far_func.text     ro code  0x016e04     0xb  RegionCN470A.o [1]
  .far_func.text     ro code  0x016e0f     0xb  RegionCN470A.o [1]
  .far_func.text     ro code  0x016e1a     0xb  RegionCN470A.o [1]
  .far_func.text     ro code  0x016e25     0xb  RegionCN470A.o [1]
  .far_func.text     ro code  0x016e30     0xb  RegionCN470A.o [1]
  .far_func.text     ro code  0x016e3b     0xb  RegionCN470A.o [1]
  .far_func.text     ro code  0x016e46     0xb  RegionCommon.o [1]
  .far_func.text     ro code  0x016e51     0xb  stm8l15x_exti.o [1]
  .far_func.text     ro code  0x016e5c     0xb  stm8l15x_flash.o [1]
  .far_func.text     ro code  0x016e67     0xb  stm8l15x_it.o [1]
  .far_func.text     ro code  0x016e72     0xb  stm8l15x_rtc.o [1]
  .far_func.text     ro code  0x016e7d     0xb  stm8l15x_usart.o [1]
  .far_func.text     ro code  0x016e88     0xb  sx1262-board.o [1]
  .far_func.text     ro code  0x016e93     0xb  sx1262-board.o [1]
  .far_func.text     ro code  0x016e9e     0xb  sx126x.o [1]
  .far_func.text     ro code  0x016ea9     0xb  timer.o [1]
  .far_func.text     ro code  0x016eb4     0xb  timer.o [1]
  .far_func.text     ro code  0x016ebf     0xb  xprintffull.o [5]
  .far_func.text     ro code  0x016eca     0xb  xprintffull.o [5]
  .far_func.text     ro code  0x016ed5     0xb  xprintffull.o [5]
  .far_func.text     ro code  0x016ee0     0xb  xprintffull.o [5]
  .far_func.text     ro code  0x016eeb     0xb  xprintffull.o [5]
  .far_func.text     ro code  0x016ef6     0xb  xprintffull.o [5]
  .far_func.text     ro code  0x016f01     0xb  xsprout.o [5]
  .far_func.text     ro code  0x016f0c     0xa  aes.o [1]
  .far_func.text     ro code  0x016f16     0xa  linkwan.o [1]
  .far_func.text     ro code  0x016f20     0xa  linkwan.o [1]
  .far_func.text     ro code  0x016f2a     0xa  linkwan.o [1]
  .far_func.text     ro code  0x016f34     0xa  LoRaMac.o [1]
  .far_func.text     ro code  0x016f3e     0xa  LoRaMac.o [1]
  .far_func.text     ro code  0x016f48     0xa  LoRaMac.o [1]
  .far_func.text     ro code  0x016f52     0xa  radio.o [1]
  .far_func.text     ro code  0x016f5c     0xa  radio.o [1]
  .far_func.text     ro code  0x016f66     0xa  Region.o [1]
  .far_func.text     ro code  0x016f70     0xa  Region.o [1]
  .far_func.text     ro code  0x016f7a     0xa  Region.o [1]
  .far_func.text     ro code  0x016f84     0xa  Region.o [1]
  .far_func.text     ro code  0x016f8e     0xa  Region.o [1]
  .far_func.text     ro code  0x016f98     0xa  Region.o [1]
  .far_func.text     ro code  0x016fa2     0xa  Region.o [1]
  .far_func.text     ro code  0x016fac     0xa  Region.o [1]
  .far_func.text     ro code  0x016fb6     0xa  Region.o [1]
  .far_func.text     ro code  0x016fc0     0xa  Region.o [1]
  .far_func.text     ro code  0x016fca     0xa  Region.o [1]
  .far_func.text     ro code  0x016fd4     0xa  RegionCN470A.o [1]
  .far_func.text     ro code  0x016fde     0xa  RegionCN470A.o [1]
  .far_func.text     ro code  0x016fe8     0xa  RegionCN470A.o [1]
  .far_func.text     ro code  0x016ff2     0xa  RegionCN470A.o [1]
  .far_func.text     ro code  0x016ffc     0xa  RegionCommon.o [1]
  .far_func.text     ro code  0x017006     0xa  stm8l15x_clk.o [1]
  .far_func.text     ro code  0x017010     0xa  stm8l15x_rtc.o [1]
  .far_func.text     ro code  0x01701a     0xa  stm8l15x_usart.o [1]
  .far_func.text     ro code  0x017024     0xa  sx1262-board.o [1]
  .far_func.text     ro code  0x01702e     0xa  sx1262-board.o [1]
  .far_func.text     ro code  0x017038     0xa  sx1262-board.o [1]
  .far_func.text     ro code  0x017042     0xa  sx126x.o [1]
  .far_func.text     ro code  0x01704c     0xa  timer.o [1]
  .far_func.text     ro code  0x017056     0xa  far.o [5]
  .far_func.text     ro code  0x017060     0x9  aes.o [1]
  .far_func.text     ro code  0x017069     0x9  aes.o [1]
  .far_func.text     ro code  0x017072     0x9  at_command.o [1]
  .far_func.text     ro code  0x01707b     0x9  at_command.o [1]
  .far_func.text     ro code  0x017084     0x9  at_command.o [1]
  .far_func.text     ro code  0x01708d     0x9  at_command.o [1]
  .far_func.text     ro code  0x017096     0x9  at_command.o [1]
  .far_func.text     ro code  0x01709f     0x9  board.o [1]
  .far_func.text     ro code  0x0170a8     0x9  LoRaMac.o [1]
  .far_func.text     ro code  0x0170b1     0x9  LoRaMac.o [1]
  .far_func.text     ro code  0x0170ba     0x9  LoRaMac.o [1]
  .far_func.text     ro code  0x0170c3     0x9  lwan_config.o [1]
  .far_func.text     ro code  0x0170cc     0x9  Region.o [1]
  .far_func.text     ro code  0x0170d5     0x9  Region.o [1]
  .far_func.text     ro code  0x0170de     0x9  Region.o [1]
  .far_func.text     ro code  0x0170e7     0x9  Region.o [1]
  .far_func.text     ro code  0x0170f0     0x9  Region.o [1]
  .far_func.text     ro code  0x0170f9     0x9  RegionCN470A.o [1]
  .far_func.text     ro code  0x017102     0x9  RegionCN470A.o [1]
  .far_func.text     ro code  0x01710b     0x9  RegionCN470A.o [1]
  .far_func.text     ro code  0x017114     0x9  RegionCN470A.o [1]
  .far_func.text     ro code  0x01711d     0x9  RegionCN470A.o [1]
  .far_func.text     ro code  0x017126     0x9  RegionCN470A.o [1]
  .far_func.text     ro code  0x01712f     0x9  RegionCN470A.o [1]
  .far_func.text     ro code  0x017138     0x9  spi-board.o [1]
  .far_func.text     ro code  0x017141     0x9  stm8l15x_rtc.o [1]
  .far_func.text     ro code  0x01714a     0x9  stm8l15x_rtc.o [1]
  .far_func.text     ro code  0x017153     0x9  stm8l15x_rtc.o [1]
  .far_func.text     ro code  0x01715c     0x9  sx1262-board.o [1]
  .far_func.text     ro code  0x017165     0x9  sx1262-board.o [1]
  .far_func.text     ro code  0x01716e     0x9  sx1262-board.o [1]
  .far_func.text     ro code  0x017177     0x9  sx1262-board.o [1]
  .far_func.text     ro code  0x017180     0x9  sx1262-board.o [1]
  .far_func.text     ro code  0x017189     0x9  sx1262-board.o [1]
  .far_func.text     ro code  0x017192     0x9  sx126x.o [1]
  .far_func.text     ro code  0x01719b     0x9  sx126x.o [1]
  .far_func.text     ro code  0x0171a4     0x9  sx126x.o [1]
  .far_func.text     ro code  0x0171ad     0x9  sx126x.o [1]
  .far_func.text     ro code  0x0171b6     0x9  xprintffull.o [5]
  .far_func.text     ro code  0x0171bf     0x9  xprintffull.o [5]
  .far_func.text     ro code  0x0171c8     0x8  aes.o [1]
  .far_func.text     ro code  0x0171d0     0x8  aes.o [1]
  .far_func.text     ro code  0x0171d8     0x8  at_command.o [1]
  .far_func.text     ro code  0x0171e0     0x8  at_command.o [1]
  .far_func.text     ro code  0x0171e8     0x8  at_command.o [1]
  .far_func.text     ro code  0x0171f0     0x8  at_command.o [1]
  .far_func.text     ro code  0x0171f8     0x8  at_command.o [1]
  .far_func.text     ro code  0x017200     0x8  at_command.o [1]
  .far_func.text     ro code  0x017208     0x8  board.o [1]
  .far_func.text     ro code  0x017210     0x8  linkwan.o [1]
  .far_func.text     ro code  0x017218     0x8  linkwan.o [1]
  .far_func.text     ro code  0x017220     0x8  linkwan.o [1]
  .far_func.text     ro code  0x017228     0x8  linkwan.o [1]
  .far_func.text     ro code  0x017230     0x8  linkwan.o [1]
  .far_func.text     ro code  0x017238     0x8  linkwan.o [1]
  .far_func.text     ro code  0x017240     0x8  linkwan.o [1]
  .far_func.text     ro code  0x017248     0x8  LoRaMac.o [1]
  .far_func.text     ro code  0x017250     0x8  LoRaMac.o [1]
  .far_func.text     ro code  0x017258     0x8  LoRaMac.o [1]
  .far_func.text     ro code  0x017260     0x8  LoRaMac.o [1]
  .far_func.text     ro code  0x017268     0x8  LoRaMac.o [1]
  .far_func.text     ro code  0x017270     0x8  lwan_config.o [1]
  .far_func.text     ro code  0x017278     0x8  radio.o [1]
  .far_func.text     ro code  0x017280     0x8  radio.o [1]
  .far_func.text     ro code  0x017288     0x8  radio.o [1]
  .far_func.text     ro code  0x017290     0x8  RegionCommon.o [1]
  .far_func.text     ro code  0x017298     0x8  spi-board.o [1]
  .far_func.text     ro code  0x0172a0     0x8  stm8l15x_rtc.o [1]
  .far_func.text     ro code  0x0172a8     0x8  stm8l15x_rtc.o [1]
  .far_func.text     ro code  0x0172b0     0x8  stm8l15x_rtc.o [1]
  .far_func.text     ro code  0x0172b8     0x8  sx1262-board.o [1]
  .far_func.text     ro code  0x0172c0     0x8  sx126x.o [1]
  .far_func.text     ro code  0x0172c8     0x8  timer.o [1]
  .far_func.text     ro code  0x0172d0     0x8  xprintffull.o [5]
  .far_func.text     ro code  0x0172d8     0x7  aes.o [1]
  .far_func.text     ro code  0x0172df     0x7  aes.o [1]
  .far_func.text     ro code  0x0172e6     0x7  at_command.o [1]
  .far_func.text     ro code  0x0172ed     0x7  at_command.o [1]
  .far_func.text     ro code  0x0172f4     0x7  at_command.o [1]
  .far_func.text     ro code  0x0172fb     0x7  at_command.o [1]
  .far_func.text     ro code  0x017302     0x7  at_command.o [1]
  .far_func.text     ro code  0x017309     0x7  linkwan.o [1]
  .far_func.text     ro code  0x017310     0x7  linkwan.o [1]
  .far_func.text     ro code  0x017317     0x7  linkwan.o [1]
  .far_func.text     ro code  0x01731e     0x7  LoRaMac.o [1]
  .far_func.text     ro code  0x017325     0x7  LoRaMac.o [1]
  .far_func.text     ro code  0x01732c     0x7  LoRaMac.o [1]
  .far_func.text     ro code  0x017333     0x7  LoRaMac.o [1]
  .far_func.text     ro code  0x01733a     0x7  LoRaMac.o [1]
  .far_func.text     ro code  0x017341     0x7  LoRaMac.o [1]
  .far_func.text     ro code  0x017348     0x7  lwan_config.o [1]
  .far_func.text     ro code  0x01734f     0x7  radio.o [1]
  .far_func.text     ro code  0x017356     0x7  radio.o [1]
  .far_func.text     ro code  0x01735d     0x7  RegionCN470A.o [1]
  .far_func.text     ro code  0x017364     0x7  stm8l15x_gpio.o [1]
  .far_func.text     ro code  0x01736b     0x7  stm8l15x_it.o [1]
  .far_func.text     ro code  0x017372     0x7  sx126x.o [1]
  .far_func.text     ro code  0x017379     0x7  sx126x.o [1]
  .far_func.text     ro code  0x017380     0x7  sx126x.o [1]
  .far_func.text     ro code  0x017387     0x7  timer.o [1]
  .far_func.text     ro code  0x01738e     0x7  utilities.o [1]
  .far_func.text     ro code  0x017395     0x7  xprintffull.o [5]
  .far_func.text     ro code  0x01739c     0x6  aes.o [1]
  .far_func.text     ro code  0x0173a2     0x6  aes.o [1]
  .far_func.text     ro code  0x0173a8     0x6  at_command.o [1]
  .far_func.text     ro code  0x0173ae     0x6  linkwan.o [1]
  .far_func.text     ro code  0x0173b4     0x6  lwan_config.o [1]
  .far_func.text     ro code  0x0173ba     0x6  radio.o [1]
  .far_func.text     ro code  0x0173c0     0x6  RegionCN470A.o [1]
  .far_func.text     ro code  0x0173c6     0x6  stm8l15x_rtc.o [1]
  .far_func.text     ro code  0x0173cc     0x6  sx1262-board.o [1]
  .far_func.text     ro code  0x0173d2     0x6  cexit.o [5]
  .far_func.text     ro code  0x0173d8     0x5  at_command.o [1]
  .far_func.text     ro code  0x0173dd     0x5  at_command.o [1]
  .far_func.text     ro code  0x0173e2     0x5  board.o [1]
  .far_func.text     ro code  0x0173e7     0x5  linkwan.o [1]
  .far_func.text     ro code  0x0173ec     0x5  LoRaMac.o [1]
  .far_func.text     ro code  0x0173f1     0x5  lwan_config.o [1]
  .far_func.text     ro code  0x0173f6     0x5  radio.o [1]
  .far_func.text     ro code  0x0173fb     0x5  radio.o [1]
  .far_func.text     ro code  0x017400     0x5  radio.o [1]
  .far_func.text     ro code  0x017405     0x5  RegionCN470A.o [1]
  .far_func.text     ro code  0x01740a     0x5  stm8l15x_spi.o [1]
  .far_func.text     ro code  0x01740f     0x5  stm8l15x_spi.o [1]
  .far_func.text     ro code  0x017414     0x5  stm8l15x_usart.o [1]
  .far_func.text     ro code  0x017419     0x5  sx1262-board.o [1]
  .far_func.text     ro code  0x01741e     0x4  delay.o [1]
  .far_func.text     ro code  0x017422     0x4  gpio.o [1]
  .far_func.text     ro code  0x017426     0x4  gpio.o [1]
  .far_func.text     ro code  0x01742a     0x4  gpio.o [1]
  .far_func.text     ro code  0x01742e     0x4  gpio.o [1]
  .far_func.text     ro code  0x017432     0x4  linkwan.o [1]
  .far_func.text     ro code  0x017436     0x4  radio.o [1]
  .far_func.text     ro code  0x01743a     0x4  radio.o [1]
  .far_func.text     ro code  0x01743e     0x4  radio.o [1]
  .far_func.text     ro code  0x017442     0x4  radio.o [1]
  .far_func.text     ro code  0x017446     0x4  stm8l15x_clk.o [1]
  .far_func.text     ro code  0x01744a     0x4  stm8l15x_flash.o [1]
  .far_func.text     ro code  0x01744e     0x4  sx126x.o [1]
  .far_func.text     ro code  0x017452     0x4  sx126x.o [1]
  .far_func.text     ro code  0x017456     0x4  sx126x.o [1]
  .far_func.text     ro code  0x01745a     0x4  timer.o [1]
  .far_func.text     ro code  0x01745e     0x4  timer.o [1]
  .far_func.text     ro code  0x017462     0x4  exit.o [5]
  .far_func.text     ro code  0x017466     0x3  board.o [1]
  .far_func.text     ro code  0x017469     0x3  radio.o [1]
  .far_func.text     ro code  0x01746c     0x3  RegionCN470A.o [1]
  .far_func.text     ro code  0x01746f     0x3  stm8l15x_usart.o [1]
  .far_func.text     ro code  0x017472     0x3  stm8l15x_usart.o [1]
  .far_func.text     ro code  0x017475     0x3  sx1262-board.o [1]
  .far_func.text     ro code  0x017478     0x3  low_level_init.o [5]
  .far_func.text     ro code  0x01747b     0x3  unhandled_exception.o [5]
  .far_func.text     ro code  0x01747e     0x2  board.o [1]
  .far_func.text     ro code  0x017480     0x2  board.o [1]
  .far_func.text     ro code  0x017482     0x2  board.o [1]
  .far_func.text     ro code  0x017484     0x1  stm8l15x_it.o [1]
  .far_func.text     ro code  0x017485     0x1  stm8l15x_it.o [1]
  .far_func.text     ro code  0x017486     0x1  stm8l15x_it.o [1]
  .far_func.text     ro code  0x017487     0x1  stm8l15x_it.o [1]
  .far_func.text     ro code  0x017488     0x1  stm8l15x_it.o [1]
  .far_func.text     ro code  0x017489     0x1  stm8l15x_it.o [1]
  .far_func.text     ro code  0x01748a     0x1  stm8l15x_it.o [1]
  .far_func.text     ro code  0x01748b     0x1  stm8l15x_it.o [1]
  .far_func.text     ro code  0x01748c     0x1  stm8l15x_it.o [1]
  .far_func.text     ro code  0x01748d     0x1  stm8l15x_it.o [1]
  .far_func.text     ro code  0x01748e     0x1  stm8l15x_it.o [1]
  .far_func.text     ro code  0x01748f     0x1  stm8l15x_it.o [1]
  .far_func.text     ro code  0x017490     0x1  stm8l15x_it.o [1]
  .far_func.text     ro code  0x017491     0x1  stm8l15x_it.o [1]
  .far_func.text     ro code  0x017492     0x1  stm8l15x_it.o [1]
  .far_func.text     ro code  0x017493     0x1  stm8l15x_it.o [1]
  .far_func.text     ro code  0x017494     0x1  stm8l15x_it.o [1]
  .far_func.text     ro code  0x017495     0x1  stm8l15x_it.o [1]
  .far_func.text     ro code  0x017496     0x1  stm8l15x_it.o [1]
  .far_func.text     ro code  0x017497     0x1  __dbg_break.o [4]
                            - 0x017498  0x7498


*******************************************************************************
*** INIT TABLE
***

          Address   Size
          -------   ----
Zero (__iar_zero_init2)
    1 destination range, total size 0xb85:
          0x000204  0xb85

Copy (__iar_copy_init2)
    1 source range, total size 0x1f4:
          0x008080  0x1f4
    1 destination range, total size 0x1f4:
          0x000010  0x1f4



*******************************************************************************
*** MODULE SUMMARY
***

    Module                 ro code  ro data  rw data
    ------                 -------  -------  -------
D:\6_workSpace\55_lora\4_node\3_ASR6505\7_code\github\asr6505_sdk_at_linkwan\Projects\LoRaATCmd\EWSTM8\Debug\Obj: [1]
    LoRaMac.o               10 453       63    1 180
    LoRaMacCrypto.o            807       32      582
    Region.o                   243        4
    RegionCN470A.o           4 937      444      446
    RegionCommon.o           1 239
    aes.o                    1 899      768
    at_command.o             4 620    1 377      126
    board.o                    791        8       44
    cmac.o                     818
    delay-board.o               54
    delay.o                      4
    gpio-board.o               659                48
    gpio.o                      16
    linkwan.o                3 679      766      160
    lwan_config.o            3 240      134      127
    main.o                     171       80       16
    radio.o                  2 674      284      513
    spi-board.o                629                11
    stm8l15x_clk.o             314        5
    stm8l15x_exti.o            387
    stm8l15x_flash.o            56
    stm8l15x_gpio.o            146
    stm8l15x_it.o              492               125
    stm8l15x_pwr.o              13
    stm8l15x_rtc.o           1 436
    stm8l15x_spi.o             115
    stm8l15x_syscfg.o           73
    stm8l15x_usart.o           435
    sx1262-board.o             918                10
    sx126x.o                 1 951       17        7
    timer.o                    881                 3
    utilities.o                222        4        4
    ------------------------------------------------
    Total:                  44 372    3 986    3 402

command line: [2]
    ------------------------------------------------
    Total:

asrlib.a: [3]
    rtc-board.o              1 996       40       45
    ------------------------------------------------
    Total:                   1 996       40       45

dbgstm8mmd.a: [4]
    __dbg_break.o                1
    __dbg_xxexit.o              22
    ------------------------------------------------
    Total:                      23

dlstm8mmn.a: [5]
    ceil.o                      70
    cexit.o                      6
    char.o                      12
    cstartup.o                  23
    dc_util.o                   88
    div.o                       52
    errno.o                                        2
    exit.o                       4
    far.o                       10
    far_util.o                 106
    float.o                  1 293
    float_libsup.o             386
    floor.o                     70
    init.o                      30
[...]
SX126xSetLoRaSymbNumTimeout
                        0x016934   0x10  Code  Gb  sx126x.o [1]
SX126xSetModulationParams
                        0x013555   0xc3  Code  Gb  sx126x.o [1]
SX126xSetOperatingMode  0x017452    0x4  Code  Gb  sx126x.o [1]
SX126xSetPacketParams   0x011ba5  0x143  Code  Gb  sx126x.o [1]
SX126xSetPacketType     0x016bdc    0xd  Code  Gb  sx126x.o [1]
SX126xSetRegulatorMode  0x016944   0x10  Code  Gb  sx126x.o [1]
SX126xSetRfFrequency    0x016259   0x45  Code  Gb  sx126x.o [1]
SX126xSetRfTxPower      0x0172b8    0x8  Code  Gb  sx1262-board.o [1]
SX126xSetRx             0x00f549   0x1e  Code  Gb  sx126x.o [1]
SX126xSetRxBoosted      0x00ed0c   0x32  Code  Gb  sx126x.o [1]
SX126xSetRxDutyCycle    0x00effe   0x2d  Code  Gb  sx126x.o [1]
SX126xSetSleep          0x00fa01   0x17  Code  Gb  sx126x.o [1]
SX126xSetStandby        0x00f82d   0x1b  Code  Gb  sx126x.o [1]
SX126xSetStopRxTimerOnPreambleDetect
                        0x016735   0x13  Code  Gb  sx126x.o [1]
SX126xSetSyncWord       0x0168a3   0x11  Code  Gb  sx126x.o [1]
SX126xSetTxContinuousWave
                        0x0171a4    0x9  Code  Gb  sx126x.o [1]
SX126xSetTxParams       0x012f14   0xd1  Code  Gb  sx126x.o [1]
SX126xSetWhiteningSeed  0x00eba7   0x34  Code  Gb  sx126x.o [1]
SX126xWaitOnBusy        0x016e93    0xb  Code  Gb  sx1262-board.o [1]
SX126xWakeup            0x00f33d   0x24  Code  Gb  sx1262-board.o [1]
SX126xWriteBuffer       0x00ecda   0x32  Code  Gb  sx1262-board.o [1]
SX126xWriteCommand      0x016508   0x3a  Code  Gb  sx1262-board.o [1]
SX126xWriteRegister     0x00f129   0x29  Code  Gb  sx1262-board.o [1]
SX126xWriteRegisters    0x00ee00   0x30  Code  Gb  sx1262-board.o [1]
SYSCFG_REMAPPinConfig   0x01613b   0x49  Code  Gb  stm8l15x_syscfg.o [1]
SYSDivFactor            0x0090a7    0x5  Data  Gb  stm8l15x_clk.o [1]
ScheduleTx              0x0090ed  0x178  Code  Lc  LoRaMac.o [1]
SecondsInDay            0x0090b4    0x4  Data  Lc  rtc-board.o [3]
SecondsInHour           0x0090e3    0x2  Data  Lc  rtc-board.o [3]
SecondsInLeapYear       0x0090b8    0x4  Data  Lc  rtc-board.o [3]
SecondsInMinute         0x0090eb    0x1  Data  Lc  rtc-board.o [3]
SecondsInYear           0x0090bc    0x4  Data  Lc  rtc-board.o [3]
Send                    0x009aed   0x47  Code  Gb  LoRaMac.o [1]
SendFrameOnChannel      0x013b2b   0xae  Code  Gb  LoRaMac.o [1]
SetTxContinuousWave     0x009b34   0x42  Code  Gb  LoRaMac.o [1]
SetTxContinuousWave1    0x009b76   0x12  Code  Gb  LoRaMac.o [1]
SpiDeInit               0x014822   0x84  Code  Gb  spi-board.o [1]
SpiInOut                0x015f79   0x4c  Code  Gb  spi-board.o [1]
SpiInit                 0x01164a  0x16a  Code  Gb  spi-board.o [1]
SpiInitialized          0x000d7c    0x1  Data  Lc  spi-board.o [1]
SrvAckRequested         0x000d64    0x1  Data  Lc  LoRaMac.o [1]
SystemWakeupTimeCalibrated
                        0x000d56    0x1  Data  Lc  board.o [1]
TIM1_CAP_IRQHandler     0x017491    0x1  Code  Gb  stm8l15x_it.o [1]
TIM1_UPD_OVF_TRG_COM_IRQHandler
                        0x017490    0x1  Code  Gb  stm8l15x_it.o [1]
TIM2_CAP_IRQHandler     0x015fc5   0x4c  Code  Gb  stm8l15x_it.o [1]
TIM2_UPD_OVF_TRG_BRK_IRQHandler
                        0x01748e    0x1  Code  Gb  stm8l15x_it.o [1]
TIM3_CAP_IRQHandler     0x016011   0x4c  Code  Gb  stm8l15x_it.o [1]
TIM3_UPD_OVF_TRG_BRK_IRQHandler
                        0x01748f    0x1  Code  Gb  stm8l15x_it.o [1]
TIM4_UPD_OVF_TRG_IRQHandler
                        0x017492    0x1  Code  Gb  stm8l15x_it.o [1]
TRAP_IRQHandler         0x017485    0x1  Code  Gb  stm8l15x_it.o [1]
TestRadioEvents         0x000b4f   0x15  Data  Lc  board.o [1]
TimerGetCurrentTime     0x01745a    0x4  Code  Gb  timer.o [1]
TimerGetElapsedTime     0x01745e    0x4  Code  Gb  timer.o [1]
TimerInit               0x00f02b   0x2c  Code  Gb  timer.o [1]
TimerInsertNewHeadTimer
                        0x01657c   0x3a  Code  Lc  timer.o [1]
TimerInsertTimer        0x0141b0   0xa1  Code  Lc  timer.o [1]
TimerIrqHandler         0x014555   0x96  Code  Gb  timer.o [1]
TimerListHead           0x000d4e    0x2  Data  Lc  timer.o [1]
TimerLowPowerHandler    0x00f0ad   0x2a  Code  Gb  timer.o [1]
TimerSetValue           0x00f7c0   0x1c  Code  Gb  timer.o [1]
TimerStart              0x01479c   0x86  Code  Gb  timer.o [1]
TimerStop               0x0139c6   0xb5  Code  Gb  timer.o [1]
TxChannels              0x000707   0xa0  Data  Lc  RegionCN470A.o [1]
TxDelayedTimer          0x000c43    0xe  Data  Lc  LoRaMac.o [1]
TxFreqBandNum           0x000d77    0x1  Data  Lc  RegionCN470A.o [1]
TxNextPacketTimer       0x000c27    0xe  Data  Lc  linkwan.o [1]
TxTimeOnAir             0x000cfb    0x4  Data  Gb  LoRaMac.o [1]
TxTimeout               0x000cff    0x4  Data  Gb  radio.o [1]
TxTimeoutTimer          0x000c7b    0xe  Data  Gb  radio.o [1]
USART1_RX_IRQHandler    0x017495    0x1  Code  Gb  stm8l15x_it.o [1]
USART1_TX_IRQHandler    0x017494    0x1  Code  Gb  stm8l15x_it.o [1]
USART_ClearITPendingBit
                        0x017414    0x5  Code  Gb  stm8l15x_usart.o [1]
USART_Cmd               0x016904   0x10  Code  Gb  stm8l15x_usart.o [1]
USART_DeInit            0x00f3a9   0x23  Code  Gb  stm8l15x_usart.o [1]
USART_GetFlagStatus     0x00f636   0x1d  Code  Gb  stm8l15x_usart.o [1]
USART_GetITStatus       0x0154ca   0x64  Code  Gb  stm8l15x_usart.o [1]
USART_ITConfig          0x0158e9   0x5d  Code  Gb  stm8l15x_usart.o [1]
USART_Init              0x014929   0x82  Code  Gb  stm8l15x_usart.o [1]
USART_ReceiveData8      0x01746f    0x3  Code  Gb  stm8l15x_usart.o [1]
USART_SendData8         0x017472    0x3  Code  Gb  stm8l15x_usart.o [1]
UartEnterLowPowerStopMode
                        0x0149ab   0x6a  Code  Gb  board.o [1]
UartLowPowerDisableDuringTask
                        0x000091    0x1  Data  Lc  board.o [1]
UartLowPowerHandler     0x014a15   0x17  Code  Gb  board.o [1]
UpLinkCounter           0x000cd7    0x4  Data  Lc  LoRaMac.o [1]
WakeUpTimeInitialized   0x000d87    0x1  Data  Gb  rtc-board.o [3]
_GenldFull              0x00c91c  0x3b0  Code  Lc  xprintffull.o [5]
_LdtobFull              0x00bc78  0x47a  Code  Lc  xprintffull.o [5]
_LitobFull              0x011084  0x181  Code  Lc  xprintffull.o [5]
_PrintfFull             0x00c0f2  0x477  Code  Gb  xprintffull.o [5]
_Prout                  0x00f4b2   0x1f  Code  Gb  xprout.o [5]
_PutcharFull            0x00ef76   0x2e  Code  Lc  xprintffull.o [5]
_PutcharsFull           0x0163dd   0x3e  Code  Lc  xprintffull.o [5]
_SProut                 0x016f01    0xb  Code  Gb  xsprout.o [5]
__DebugBreak            0x017497    0x1  Code  Gb  __dbg_break.o [4]
__exit                  0x00facb   0x16  Code  Gb  __dbg_xxexit.o [4]
__iar_Dint              0x013179   0xc9  Code  Gb  xdint.o [5]
__iar_Dnorm             0x010f22         Code  Gb  float_libsup.o [5]
__iar_Dscale            0x010fb0         Code  Gb  float_libsup.o [5]
__iar_Dtest             0x010f02         Code  Gb  float_libsup.o [5]
__iar_Dunscale          0x010f5e         Code  Gb  float_libsup.o [5]
__iar_Errno             0x000d50    0x2  Data  Gb  errno.o [5]
__iar_Exp               0x00db77  0x26b  Code  Gb  xexp.o [5]
__iar_Logpoly           0x016cce    0xc  Code  Gb  xlog.o [5]
__iar_Memchr            0x00f431   0x21  Code  Gb  memchr.o [5]
__iar_Stolx             0x012e40   0xd4  Code  Gb  xstol.o [5]
__iar_Stoulx            0x00e8be  0x1dc  Code  Gb  xstoul.o [5]
__iar_Strchr            0x00fb9e   0x15  Code  Gb  strchr.o [5]
__iar_Strstr            0x0156b1   0x60  Code  Gb  strstr.o [5]
__iar_copy_init2        0x00f1ca         Code  Gb  init_small.o [5]
__iar_data_init2        0x00f5a3   0x1e  Code  Gb  init.o [5]
__iar_program_start     0x00fa46         Code  Gb  cstartup.o [5]
__iar_unhandled_exception
                        0x01747b         Code  Gb  unhandled_exception.o [5]
__iar_zero_init2        0x00f5c1         Code  Gb  init_small.o [5]
__intvec                0x008000         Data  Gb  interrupt.o [5]
__low_level_init        0x017478    0x3  Code  Gb  low_level_init.o [5]
_exit                   0x0173d2         Code  Gb  cexit.o [5]
_interrupt_1            0x017485         Code  Gb  stm8l15x_it.o [1]
_interrupt_10           0x00f812         Code  Gb  stm8l15x_it.o [1]
_interrupt_11           0x00f68c         Code  Gb  stm8l15x_it.o [1]
_interrupt_12           0x00f6a8         Code  Gb  stm8l15x_it.o [1]
_interrupt_13           0x00f6c4         Code  Gb  stm8l15x_it.o [1]
_interrupt_14           0x00f6e0         Code  Gb  stm8l15x_it.o [1]
_interrupt_15           0x00f6fc         Code  Gb  stm8l15x_it.o [1]
_interrupt_16           0x00f718         Code  Gb  stm8l15x_it.o [1]
_interrupt_17           0x00f734         Code  Gb  stm8l15x_it.o [1]
_interrupt_18           0x01748b         Code  Gb  stm8l15x_it.o [1]
_interrupt_19           0x01748c         Code  Gb  stm8l15x_it.o [1]
_interrupt_2            0x017484         Code  Gb  stm8l15x_it.o [1]
_interrupt_20           0x01748d         Code  Gb  stm8l15x_it.o [1]
_interrupt_21           0x01748e         Code  Gb  stm8l15x_it.o [1]
_interrupt_22           0x015fc5         Code  Gb  stm8l15x_it.o [1]
_interrupt_23           0x01748f         Code  Gb  stm8l15x_it.o [1]
_interrupt_24           0x016011         Code  Gb  stm8l15x_it.o [1]
_interrupt_25           0x017490         Code  Gb  stm8l15x_it.o [1]
_interrupt_26           0x017491         Code  Gb  stm8l15x_it.o [1]
_interrupt_27           0x017492         Code  Gb  stm8l15x_it.o [1]
_interrupt_28           0x017493         Code  Gb  stm8l15x_it.o [1]
_interrupt_29           0x017494         Code  Gb  stm8l15x_it.o [1]
_interrupt_3            0x017486         Code  Gb  stm8l15x_it.o [1]
_interrupt_30           0x017495         Code  Gb  stm8l15x_it.o [1]
_interrupt_31           0x017496         Code  Gb  stm8l15x_it.o [1]
_interrupt_4            0x017487         Code  Gb  stm8l15x_it.o [1]
_interrupt_5            0x017488         Code  Gb  stm8l15x_it.o [1]
_interrupt_6            0x00f452         Code  Gb  stm8l15x_it.o [1]
_interrupt_7            0x017489         Code  Gb  stm8l15x_it.o [1]
_interrupt_8            0x00f472         Code  Gb  stm8l15x_it.o [1]
_interrupt_9            0x01748a         Code  Gb  stm8l15x_it.o [1]
aBlock                  0x0000b0   0x10  Data  Lc  LoRaMacCrypto.o [1]
aes_encrypt             0x014e68   0x71  Code  Gb  aes.o [1]
aes_set_key             0x011a5a  0x14b  Code  Gb  aes.o [1]
app_callbacks           0x000d22    0x2  Data  Lc  linkwan.o [1]
at_cadr_func            0x01502c   0x71  Code  Lc  at_command.o [1]
at_cappeui_func         0x01438f   0x99  Code  Lc  at_command.o [1]
at_cappkey_func         0x013799   0xbc  Code  Lc  at_command.o [1]
at_cappport_func        0x01510e   0x6f  Code  Lc  at_command.o [1]
at_cappskey_func        0x013f22   0xa4  Code  Lc  at_command.o [1]
at_cclass_func          0x014d0a   0x75  Code  Lc  at_command.o [1]
at_cconfirm_func        0x01517d   0x6d  Code  Lc  at_command.o [1]
at_cdatarate_func       0x014f4a   0x71  Code  Lc  at_command.o [1]
at_cdevaddr_func        0x014251   0x9f  Code  Lc  at_command.o [1]
at_cdeveui_func         0x014428   0x97  Code  Lc  at_command.o [1]
at_cfreqbandmask_func   0x0144bf   0x96  Code  Lc  at_command.o [1]
at_cjoin_func           0x012c95   0xd7  Code  Lc  at_command.o [1]
at_cjoinmode_func       0x014ed9   0x71  Code  Lc  at_command.o [1]
at_clinkcheck_func      0x015ab2   0x58  Code  Lc  at_command.o [1]
at_clpm_func            0x0159a2   0x5b  Code  Lc  at_command.o [1]
at_cnbtrials_func       0x013bd9   0xad  Code  Lc  at_command.o [1]
at_cnwkskey_func        0x013fc6   0xa4  Code  Lc  at_command.o [1]
at_crm_func             0x013d30   0xa8  Code  Lc  at_command.o [1]
at_crx1delay_func       0x014df4   0x74  Code  Lc  at_command.o [1]
at_crxp_func            0x013855   0xba  Code  Lc  at_command.o [1]
at_cstatus_func         0x015e44   0x4e  Code  Lc  at_command.o [1]
at_ctxp_func            0x014fbb   0x71  Code  Lc  at_command.o [1]
at_culdlmode_func       0x014c95   0x75  Code  Lc  at_command.o [1]
at_drx_func             0x013492   0xc3  Code  Lc  at_command.o [1]
at_dtrx_func            0x013c86   0xaa  Code  Lc  at_command.o [1]
atcmd                   0x000927   0x7a  Data  Gb  stm8l15x_it.o [1]
atcmd_index             0x000d4c    0x2  Data  Gb  stm8l15x_it.o [1]
ceil                    0x0161cd   0x46  Code  Gb  ceil.o [5]
copy_and_key            0x012717   0xff  Code  Lc  aes.o [1]
copy_block              0x013dd8   0xa5  Code  Lc  aes.o [1]
crc16                   0x00a7d4   0x4c  Code  Lc  lwan_config.o [1]
digits                  0x008a09   0x25  Data  Lc  xstoul.o [5]
div                     0x00ebdb   0x34  Code  Gb  div.o [5]
eeprom_write            0x00a872   0x5c  Code  Lc  lwan_config.o [1]
encrypt_lwan_dev_keys   0x012505  0x112  Code  Gb  lwan_config.o [1]
exit                    0x017462    0x4  Code  Gb  exit.o [5]
find_next_available_freqband_index
                        0x01467f   0x91  Code  Lc  RegionCN470A.o [1]
floor                   0x016213   0x46  Code  Gb  floor.o [5]
gPaOptSetting           0x000d7e    0x1  Data  Gb  sx1262-board.o [1]
g_ack_index             0x000ccb    0x4  Data  Lc  linkwan.o [1]
g_at_table              0x000010   0x7d  Data  Lc  at_command.o [1]
g_atcmd_processing      0x000d7d    0x1  Data  Gb  stm8l15x_it.o [1]
g_data_send_msg_type    0x00009c    0x1  Data  Lc  linkwan.o [1]
g_data_send_nbtrials    0x000d57    0x1  Data  Lc  linkwan.o [1]
g_freqband_num          0x000d58    0x1  Data  Lc  linkwan.o [1]
g_log_level             0x0000c0    0x1  Data  Gb  main.o [1]
g_lpm_status            0x000d52    0x1  Data  Gb  at_command.o [1]
g_lwan_dev_config       0x000bfb    0xf  Data  Lc  lwan_config.o [1]
g_lwan_dev_config_p     0x000d24    0x2  Data  Lc  linkwan.o [1]
g_lwan_dev_keys         0x0009a1   0x5a  Data  Lc  lwan_config.o [1]
g_lwan_dev_keys_p       0x000d28    0x2  Data  Lc  linkwan.o [1]
g_lwan_device_state     0x000d59    0x1  Data  Gb  linkwan.o [1]
g_lwan_device_status    0x000d5a    0x1  Data  Lc  linkwan.o [1]
g_lwan_mac_config       0x000b39   0x16  Data  Lc  lwan_config.o [1]
g_lwan_mac_config_p     0x000d26    0x2  Data  Lc  linkwan.o [1]
get_freqband_num        0x00f152   0x28  Code  Lc  linkwan.o [1]
get_next_freqband       0x015b62   0x56  Code  Lc  linkwan.o [1]
get_next_freqband       0x00a820   0x52  Code  Lc  lwan_config.o [1]
gfm2_sbox               0x008374  0x100  Data  Lc  aes.o [1]
gfm3_sbox               0x008474  0x100  Data  Lc  aes.o [1]
hex2bin                 0x014710   0x8c  Code  Lc  at_command.o [1]
internal_Pow            0x00cccc  0x358  Code  Lc  pow.o [5]
linkwan_at_init         0x0171f8    0x8  Code  Gb  at_command.o [1]
linkwan_at_process      0x00e26c  0x236  Code  Gb  at_command.o [1]
linkwan_at_prompt_print
                        0x00f8ca   0x19  Code  Gb  at_command.o [1]
lora_fsm                0x00d38d  0x2fb  Code  Gb  linkwan.o [1]
lora_init               0x00f9a5   0x17  Code  Gb  linkwan.o [1]
lwan_data_recv          0x00f2f5   0x24  Code  Gb  linkwan.o [1]
lwan_data_send          0x015c0d   0x54  Code  Gb  linkwan.o [1]
lwan_dev_config_get     0x00aaf7   0x64  Code  Gb  lwan_config.o [1]
lwan_dev_config_init    0x00aa6e   0x5d  Code  Gb  lwan_config.o [1]
lwan_dev_config_set     0x00ab5b  0x1b7  Code  Gb  lwan_config.o [1]
lwan_dev_keys_get       0x012816   0xfa  Code  Gb  lwan_config.o [1]
lwan_dev_keys_init      0x00a9fe   0x70  Code  Gb  lwan_config.o [1]
lwan_dev_keys_set       0x011205  0x170  Code  Gb  lwan_config.o [1]
lwan_dev_params_update  0x00a983   0x73  Code  Gb  lwan_config.o [1]
lwan_dev_state_set      0x00f8fc   0x19  Code  Gb  linkwan.o [1]
lwan_dev_status_get     0x017432    0x4  Code  Gb  linkwan.o [1]
lwan_dev_status_set     0x0173ae    0x6  Code  Gb  linkwan.o [1]
lwan_join               0x012bba   0xdb  Code  Gb  linkwan.o [1]
lwan_mac_config_get     0x00adb3   0xd0  Code  Gb  lwan_config.o [1]
lwan_mac_config_init    0x00ad43   0x5d  Code  Gb  lwan_config.o [1]
lwan_mac_config_set     0x00ae83  0x1d9  Code  Gb  lwan_config.o [1]
lwan_mac_params_update  0x00a8ee   0x95  Code  Gb  lwan_config.o [1]
lwan_mac_req_send       0x00efa4   0x2d  Code  Gb  linkwan.o [1]
main                    0x01680a   0x11  Code  Gb  main.o [1]
mcps_confirm            0x0155f1   0x60  Code  Lc  linkwan.o [1]
mcps_indication         0x010000  0x1d6  Code  Lc  linkwan.o [1]
memcmp                  0x00ee30   0x30  Code  Gb  memcmp.o [5]
memcpy                  0x00f492   0x20  Code  Gb  memcpy.o [5]
memcpy1                 0x00f8b0   0x1a  Code  Gb  utilities.o [1]
memcpyr                 0x00f1f2   0x27  Code  Gb  utilities.o [1]
memset                  0x00fab5   0x16  Code  Gb  memset.o [5]
memset1                 0x016748   0x13  Code  Gb  utilities.o [1]
misoIndex               0x000d46    0x2  Data  Gb  spi-board.o [1]
mix_sub_columns         0x00dde2  0x24a  Code  Lc  aes.o [1]
mlme_confirm            0x010be4  0x191  Code  Lc  linkwan.o [1]
mlme_indication         0x016f16    0xa  Code  Lc  linkwan.o [1]
mosiIndex               0x000d44    0x2  Data  Gb  spi-board.o [1]
ndigs                   0x008a2e   0x25  Data  Lc  xstoul.o [5]
next                    0x000200    0x4  Data  Lc  utilities.o [1]
next_tx                 0x00009a    0x1  Data  Lc  linkwan.o [1]
nssIndex                0x000d4a    0x2  Data  Gb  spi-board.o [1]
on_tx_next_packet_timer_event
                        0x00f2d1   0x24  Code  Lc  linkwan.o [1]
pad                     0x01641b   0x3d  Code  Lc  xprintffull.o [5]
pow                     0x00d03b    0x5  Code  Gb  pow.o [5]
print_dev_info          0x00d040  0x34d  Code  Lc  linkwan.o [1]
printf                  0x00f385   0x24  Code  Gb  printf.o [5]
putchar                 0x00f289   0x24  Code  Gb  board.o [1]
rand1                   0x016954   0x10  Code  Gb  utilities.o [1]
randr                   0x015df5   0x4f  Code  Gb  utilities.o [1]
rejoin_flag             0x00009b    0x1  Data  Lc  linkwan.o [1]
round                   0x00f3ee   0x22  Code  Lc  rtc-board.o [3]
rx_buf                  0x000a2f   0x34  Data  Lc  linkwan.o [1]
rx_data                 0x000096    0x4  Data  Lc  linkwan.o [1]
sBlock                  0x000bbb   0x10  Data  Lc  LoRaMacCrypto.o [1]
sbox                    0x008274  0x100  Data  Lc  aes.o [1]
scale                   0x015d55   0x51  Code  Lc  xprintffull.o [5]
scan_mask               0x000d40    0x2  Data  Gb  RegionCN470A.o [1]
sclkIndex               0x000d48    0x2  Data  Gb  spi-board.o [1]
send_frame              0x0136d9   0xc0  Code  Lc  linkwan.o [1]
shift_sub_rows          0x013e7d   0xa5  Code  Lc  aes.o [1]
spi_port                0x000d42    0x2  Data  Gb  spi-board.o [1]
sprintf                 0x01629e   0x44  Code  Gb  sprintf.o [5]
srand1                  0x01738e    0x7  Code  Gb  utilities.o [1]
start_dutycycle_timer   0x015da6   0x4f  Code  Lc  linkwan.o [1]
strlen                  0x016be9    0xd  Code  Gb  strlen.o [5]
strncmp                 0x00eb72   0x35  Code  Gb  strncmp.o [5]
tx_buf                  0x0009fb   0x34  Data  Lc  linkwan.o [1]
tx_data                 0x000092    0x4  Data  Lc  linkwan.o [1]
xor_block               0x012fe5   0xcb  Code  Lc  aes.o [1]


[1] = D:\6_workSpace\55_lora\4_node\3_ASR6505\7_code\github\asr6505_sdk_at_linkwan\Projects\LoRaATCmd\EWSTM8\Debug\Obj
[2] = command line
[3] = asrlib.a
[4] = dbgstm8mmd.a
[5] = dlstm8mmn.a

  57 182 bytes of readonly  code memory
   4 333 bytes of readonly  data memory
   3 721 bytes of readwrite data memory

Errors: none
Warnings: none
