###############################################################################
#
# IAR ELF Linker V3.10.1.201 for STM8                     11/Mar/2020  21:45:44
# Copyright 2010-2017 IAR Systems AB.
#
#    Output file  =  
#        D:\6_workSpace\55_lora\4_node\3_ASR6505\7_code\github\asr6505_sdk_at_linkwan\Projects\LoRaATCmd\EWSTM8\Debug\Exe\project.out
#    Map file     =  
#        D:\6_workSpace\55_lora\4_node\3_ASR6505\7_code\github\asr6505_sdk_at_linkwan\Projects\LoRaATCmd\EWSTM8\Debug\List\project.map
#    Command line =  
#        -f C:\Users\yanke\AppData\Local\Temp\EWF8F4.tmp
#        (D:\6_workSpace\55_lora\4_node\3_ASR6505\7_code\github\asr6505_sdk_at_linkwan\Projects\LoRaATCmd\EWSTM8\Debug\Obj\aes.o
#        D:\6_workSpace\55_lora\4_node\3_ASR6505\7_code\github\asr6505_sdk_at_linkwan\Projects\LoRaATCmd\EWSTM8\Debug\Obj\at_command.o
#        D:\6_workSpace\55_lora\4_node\3_ASR6505\7_code\github\asr6505_sdk_at_linkwan\Projects\LoRaATCmd\EWSTM8\Debug\Obj\board.o
#        D:\6_workSpace\55_lora\4_node\3_ASR6505\7_code\github\asr6505_sdk_at_linkwan\Projects\LoRaATCmd\EWSTM8\Debug\Obj\cmac.o
#        D:\6_workSpace\55_lora\4_node\3_ASR6505\7_code\github\asr6505_sdk_at_linkwan\Projects\LoRaATCmd\EWSTM8\Debug\Obj\delay-board.o
#        D:\6_workSpace\55_lora\4_node\3_ASR6505\7_code\github\asr6505_sdk_at_linkwan\Projects\LoRaATCmd\EWSTM8\Debug\Obj\delay.o
#        D:\6_workSpace\55_lora\4_node\3_ASR6505\7_code\github\asr6505_sdk_at_linkwan\Projects\LoRaATCmd\EWSTM8\Debug\Obj\gpio-board.o
#        D:\6_workSpace\55_lora\4_node\3_ASR6505\7_code\github\asr6505_sdk_at_linkwan\Projects\LoRaATCmd\EWSTM8\Debug\Obj\gpio.o
#        D:\6_workSpace\55_lora\4_node\3_ASR6505\7_code\github\asr6505_sdk_at_linkwan\Projects\LoRaATCmd\EWSTM8\Debug\Obj\linkwan.o
#        D:\6_workSpace\55_lora\4_node\3_ASR6505\7_code\github\asr6505_sdk_at_linkwan\Projects\LoRaATCmd\EWSTM8\Debug\Obj\LoRaMac.o
#        D:\6_workSpace\55_lora\4_node\3_ASR6505\7_code\github\asr6505_sdk_at_linkwan\Projects\LoRaATCmd\EWSTM8\Debug\Obj\LoRaMacCrypto.o
#        D:\6_workSpace\55_lora\4_node\3_ASR6505\7_code\github\asr6505_sdk_at_linkwan\Projects\LoRaATCmd\EWSTM8\Debug\Obj\lwan_config.o
#        D:\6_workSpace\55_lora\4_node\3_ASR6505\7_code\github\asr6505_sdk_at_linkwan\Projects\LoRaATCmd\EWSTM8\Debug\Obj\main.o
#        D:\6_workSpace\55_lora\4_node\3_ASR6505\7_code\github\asr6505_sdk_at_linkwan\Projects\LoRaATCmd\EWSTM8\Debug\Obj\radio.o
#        D:\6_workSpace\55_lora\4_node\3_ASR6505\7_code\github\asr6505_sdk_at_linkwan\Projects\LoRaATCmd\EWSTM8\Debug\Obj\Region.o
#        D:\6_workSpace\55_lora\4_node\3_ASR6505\7_code\github\asr6505_sdk_at_linkwan\Projects\LoRaATCmd\EWSTM8\Debug\Obj\RegionCN470A.o
#        D:\6_workSpace\55_lora\4_node\3_ASR6505\7_code\github\asr6505_sdk_at_linkwan\Projects\LoRaATCmd\EWSTM8\Debug\Obj\RegionCommon.o
#        D:\6_workSpace\55_lora\4_node\3_ASR6505\7_code\github\asr6505_sdk_at_linkwan\Projects\LoRaATCmd\EWSTM8\Debug\Obj\spi-board.o
#        D:\6_workSpace\55_lora\4_node\3_ASR6505\7_code\github\asr6505_sdk_at_linkwan\Projects\LoRaATCmd\EWSTM8\Debug\Obj\stm8_interrupt_vector.o
#        D:\6_workSpace\55_lora\4_node\3_ASR6505\7_code\github\asr6505_sdk_at_linkwan\Projects\LoRaATCmd\EWSTM8\Debug\Obj\stm8l15x_aes.o
#        D:\6_workSpace\55_lora\4_node\3_ASR6505\7_code\github\asr6505_sdk_at_linkwan\Projects\LoRaATCmd\EWSTM8\Debug\Obj\stm8l15x_clk.o
#        D:\6_workSpace\55_lora\4_node\3_ASR6505\7_code\github\asr6505_sdk_at_linkwan\Projects\LoRaATCmd\EWSTM8\Debug\Obj\stm8l15x_dma.o
#        D:\6_workSpace\55_lora\4_node\3_ASR6505\7_code\github\asr6505_sdk_at_linkwan\Projects\LoRaATCmd\EWSTM8\Debug\Obj\stm8l15x_exti.o
#        D:\6_workSpace\55_lora\4_node\3_ASR6505\7_code\github\asr6505_sdk_at_linkwan\Projects\LoRaATCmd\EWSTM8\Debug\Obj\stm8l15x_flash.o
#        D:\6_workSpace\55_lora\4_node\3_ASR6505\7_code\github\asr6505_sdk_at_linkwan\Projects\LoRaATCmd\EWSTM8\Debug\Obj\stm8l15x_gpio.o
#        D:\6_workSpace\55_lora\4_node\3_ASR6505\7_code\github\asr6505_sdk_at_linkwan\Projects\LoRaATCmd\EWSTM8\Debug\Obj\stm8l15x_i2c.o
#        D:\6_workSpace\55_lora\4_node\3_ASR6505\7_code\github\asr6505_sdk_at_linkwan\Projects\LoRaATCmd\EWSTM8\Debug\Obj\stm8l15x_it.o
#        D:\6_workSpace\55_lora\4_node\3_ASR6505\7_code\github\asr6505_sdk_at_linkwan\Projects\LoRaATCmd\EWSTM8\Debug\Obj\stm8l15x_iwdg.o
#        D:\6_workSpace\55_lora\4_node\3_ASR6505\7_code\github\asr6505_sdk_at_linkwan\Projects\LoRaATCmd\EWSTM8\Debug\Obj\stm8l15x_pwr.o
#        D:\6_workSpace\55_lora\4_node\3_ASR6505\7_code\github\asr6505_sdk_at_linkwan\Projects\LoRaATCmd\EWSTM8\Debug\Obj\stm8l15x_rtc.o
#        D:\6_workSpace\55_lora\4_node\3_ASR6505\7_code\github\asr6505_sdk_at_linkwan\Projects\LoRaATCmd\EWSTM8\Debug\Obj\stm8l15x_spi.o
#        D:\6_workSpace\55_lora\4_node\3_ASR6505\7_code\github\asr6505_sdk_at_linkwan\Projects\LoRaATCmd\EWSTM8\Debug\Obj\stm8l15x_syscfg.o
#        D:\6_workSpace\55_lora\4_node\3_ASR6505\7_code\github\asr6505_sdk_at_linkwan\Projects\LoRaATCmd\EWSTM8\Debug\Obj\stm8l15x_tim1.o
#        D:\6_workSpace\55_lora\4_node\3_ASR6505\7_code\github\asr6505_sdk_at_linkwan\Projects\LoRaATCmd\EWSTM8\Debug\Obj\stm8l15x_tim2.o
#        D:\6_workSpace\55_lora\4_node\3_ASR6505\7_code\github\asr6505_sdk_at_linkwan\Projects\LoRaATCmd\EWSTM8\Debug\Obj\stm8l15x_tim3.o
#        D:\6_workSpace\55_lora\4_node\3_ASR6505\7_code\github\asr6505_sdk_at_linkwan\Projects\LoRaATCmd\EWSTM8\Debug\Obj\stm8l15x_tim4.o
#        D:\6_workSpace\55_lora\4_node\3_ASR6505\7_code\github\asr6505_sdk_at_linkwan\Projects\LoRaATCmd\EWSTM8\Debug\Obj\stm8l15x_tim5.o
#        D:\6_workSpace\55_lora\4_node\3_ASR6505\7_code\github\asr6505_sdk_at_linkwan\Projects\LoRaATCmd\EWSTM8\Debug\Obj\stm8l15x_usart.o
#        D:\6_workSpace\55_lora\4_node\3_ASR6505\7_code\github\asr6505_sdk_at_linkwan\Projects\LoRaATCmd\EWSTM8\Debug\Obj\stm8l15x_wwdg.o
#        D:\6_workSpace\55_lora\4_node\3_ASR6505\7_code\github\asr6505_sdk_at_linkwan\Projects\LoRaATCmd\EWSTM8\Debug\Obj\sx1262-board.o
#        D:\6_workSpace\55_lora\4_node\3_ASR6505\7_code\github\asr6505_sdk_at_linkwan\Projects\LoRaATCmd\EWSTM8\Debug\Obj\sx126x.o
#        D:\6_workSpace\55_lora\4_node\3_ASR6505\7_code\github\asr6505_sdk_at_linkwan\Projects\LoRaATCmd\EWSTM8\Debug\Obj\timer.o
#        D:\6_workSpace\55_lora\4_node\3_ASR6505\7_code\github\asr6505_sdk_at_linkwan\Projects\LoRaATCmd\EWSTM8\Debug\Obj\utilities.o
#        --redirect _Printf=_PrintfFull --redirect _Scanf=_ScanfFullNoMb -o
#        D:\6_workSpace\55_lora\4_node\3_ASR6505\7_code\github\asr6505_sdk_at_linkwan\Projects\LoRaATCmd\EWSTM8\Debug\Exe\project.out
#        --map
#        D:\6_workSpace\55_lora\4_node\3_ASR6505\7_code\github\asr6505_sdk_at_linkwan\Projects\LoRaATCmd\EWSTM8\Debug\List\project.map
#        --config "C:\Program Files (x86)\IAR Systems\Embedded Workbench
#        8.0\stm8\config\lnkstm8l152m8.icf" --config_def _CSTACK_SIZE=0x100
#        --config_def _HEAP_SIZE=0x100
#        D:\6_workSpace\55_lora\4_node\3_ASR6505\7_code\ASR6505_AT_RELEASE_67\ASR6505_AT_RELEASE_uartwakeup\ASR6505_AT_RELEASE\Libraries\asrlib\IAR\asrlib.a
#        --entry __iar_program_start --debug_lib)
#
###############################################################################

*******************************************************************************
*** RUNTIME MODEL ATTRIBUTES
***

__SystemLibrary            = DLib
__code_model               = medium_or_large
__core                     = stm8
__data_model               = medium
__dlib_file_descriptor     = 0
__dlib_full_locale_support = 0
__rt_version               = 4


*******************************************************************************
*** PLACEMENT SUMMARY
***

"A0":  place at start of [0x000000-0x0000ff] { rw section .vregs };
"A1":  place at end of [0x000000-0x000fff] { block CSTACK };
"P2":  place in [from 0x000000 to 0x000fff] {
          block HEAP, rw section __DLIB_PERTHREAD, rw section .far.bss,
          rw section .far.data, rw section .far.noinit,
          rw section .far_func.textrw, rw section .huge.bss,
          rw section .huge.data, rw section .huge.noinit,
          rw section .huge_func.textrw, rw section .iar.dynexit,
          rw section .near.bss, rw section .near.data, rw section .near.noinit,
          rw section .near_func.textrw };
"A2":  place at start of [0x008000-0x00ffff] { block INTVEC };
"P3":  place in [from 0x008000 to 0x00ffff] {
          ro section __DLIB_PERTHREAD_init, ro section .far.data_init,
          ro section .far_func.textrw_init, ro section .huge.data_init,
          ro section .huge_func.textrw_init, ro section .iar.init_table,
          ro section .init_array, ro section .near.data_init,
          ro section .near.rodata, ro section .near_func.text,
          ro section .near_func.textrw_init, ro section .tiny.data_init,
          ro section .tiny.rodata_init };
"P4":  place in [from 0x008000 to 0x00ffff repeat 2] {
          ro section .far.rodata, ro section .far_func.text };
do not initialize {
   rw section .eeprom.noinit, rw section .far.noinit, rw section .huge.noinit,
   rw section .near.noinit, rw section .tiny.noinit, rw section .vregs };
initialize by copy {
   rw section .far.bss, rw section .far.data, rw section .far_func.textrw,
   rw section .huge.bss, rw section .huge.data, rw section .huge_func.textrw,
   rw section .iar.dynexit, rw section .near.bss, rw section .near.data,
   rw section .near_func.textrw, rw section .tiny.bss, rw section .tiny.data,
   ro section .tiny.rodata };

  Section            Kind      Address    Size  Object
  -------            ----      -------    ----  ------
"A0":                                     0x10
  .vregs             uninit   0x000000    0x10  vregs.o [5]
                            - 0x000010    0x10

"P2", part 1 of 2:                       0x1f4
  P2-1                        0x000010   0x1f4  <Init block>
    .near.data       inited   0x000010    0x7d  at_command.o [1]
    .near.data       inited   0x00008d     0x2  board.o [1]
    .near.data       inited   0x00008f     0x2  board.o [1]
    .near.data       inited   0x000091     0x1  board.o [1]
    .near.data       inited   0x000092     0x4  linkwan.o [1]
    .near.data       inited   0x000096     0x4  linkwan.o [1]
    .near.data       inited   0x00009a     0x1  linkwan.o [1]
    .near.data       inited   0x00009b     0x1  linkwan.o [1]
    .near.data       inited   0x00009c     0x1  linkwan.o [1]
    .near.data       inited   0x00009d     0x1  LoRaMac.o [1]
    .near.data       inited   0x00009e     0x1  LoRaMac.o [1]
    .near.data       inited   0x00009f     0x1  LoRaMac.o [1]
    .near.data       inited   0x0000a0    0x10  LoRaMacCrypto.o [1]
    .near.data       inited   0x0000b0    0x10  LoRaMacCrypto.o [1]
    .near.data       inited   0x0000c0     0x1  main.o [1]
    .near.data       inited   0x0000c1     0xf  main.o [1]
    .near.data       inited   0x0000d0    0x48  radio.o [1]
    .near.data       inited   0x000118     0x1  radio.o [1]
    .near.data       inited   0x000119    0xa0  RegionCN470A.o [1]
    .near.data       inited   0x0001b9     0xf  RegionCN470A.o [1]
    .near.data       inited   0x0001c8    0x10  RegionCN470A.o [1]
    .near.data       inited   0x0001d8     0x8  RegionCN470A.o [1]
    .near.data       inited   0x0001e0    0x10  RegionCN470A.o [1]
    .near.data       inited   0x0001f0    0x10  RegionCN470A.o [1]
    .near.data       inited   0x000200     0x4  utilities.o [1]
                            - 0x000204   0x1f4

"P2", part 2 of 2:                       0xb85
  .near.bss          zero     0x000204   0x115  LoRaMacCrypto.o [1]
  .near.bss          zero     0x000319    0xff  LoRaMac.o [1]
  .near.bss          zero     0x000418    0xff  LoRaMac.o [1]
  .near.bss          zero     0x000517    0xff  radio.o [1]
  .near.bss          zero     0x000616    0xf1  LoRaMacCrypto.o [1]
  .near.bss          zero     0x000707    0xa0  RegionCN470A.o [1]
  .near.bss          zero     0x0007a7    0x80  LoRaMac.o [1]
  .near.bss          zero     0x000827    0x80  LoRaMac.o [1]
  .near.bss          zero     0x0008a7    0x80  radio.o [1]
  .near.bss          zero     0x000927    0x7a  stm8l15x_it.o [1]
  .near.bss          zero     0x0009a1    0x5a  lwan_config.o [1]
  .near.bss          zero     0x0009fb    0x34  linkwan.o [1]
  .near.bss          zero     0x000a2f    0x34  linkwan.o [1]
  .near.bss          zero     0x000a63    0x30  gpio-board.o [1]
  .near.bss          zero     0x000a93    0x2f  LoRaMac.o [1]
  .near.bss          zero     0x000ac2    0x2f  LoRaMac.o [1]
  .near.bss          zero     0x000af1    0x19  LoRaMac.o [1]
  .near.bss          zero     0x000b0a    0x19  LoRaMac.o [1]
  .near.bss          zero     0x000b23    0x16  LoRaMac.o [1]
  .near.bss          zero     0x000b39    0x16  lwan_config.o [1]
  .near.bss          zero     0x000b4f    0x15  board.o [1]
  .near.bss          zero     0x000b64    0x15  LoRaMac.o [1]
  .near.bss          zero     0x000b79    0x12  LoRaMac.o [1]
  .near.bss          zero     0x000b8b    0x10  LoRaMac.o [1]
  .near.bss          zero     0x000b9b    0x10  LoRaMac.o [1]
  .near.bss          zero     0x000bab    0x10  LoRaMacCrypto.o [1]
  .near.bss          zero     0x000bbb    0x10  LoRaMacCrypto.o [1]
  .near.bss          zero     0x000bcb    0x10  RegionCN470A.o [1]
  .near.bss          zero     0x000bdb    0x10  RegionCN470A.o [1]
  .near.bss          zero     0x000beb    0x10  RegionCN470A.o [1]
  .near.bss          zero     0x000bfb     0xf  lwan_config.o [1]
  .near.bss          zero     0x000c0a     0xf  radio.o [1]
  .near.bss          zero     0x000c19     0xe  board.o [1]
  .near.bss          zero     0x000c27     0xe  linkwan.o [1]
  .near.bss          zero     0x000c35     0xe  LoRaMac.o [1]
  .near.bss          zero     0x000c43     0xe  LoRaMac.o [1]
  .near.bss          zero     0x000c51     0xe  LoRaMac.o [1]
  .near.bss          zero     0x000c5f     0xe  LoRaMac.o [1]
  .near.bss          zero     0x000c6d     0xe  LoRaMac.o [1]
  .near.bss          zero     0x000c7b     0xe  radio.o [1]
  .near.bss          zero     0x000c89     0xe  radio.o [1]
  .near.bss          zero     0x000c97     0xc  linkwan.o [1]
  .near.bss          zero     0x000ca3     0xc  LoRaMac.o [1]
  .near.bss          zero     0x000caf     0xc  rtc-board.o [3]
  .near.bss          zero     0x000cbb     0x9  sx1262-board.o [1]
  .near.bss          zero     0x000cc4     0x7  rtc-board.o [3]
  .near.bss          zero     0x000ccb     0x4  linkwan.o [1]
  .near.bss          zero     0x000ccf     0x4  LoRaMac.o [1]
  .near.bss          zero     0x000cd3     0x4  LoRaMac.o [1]
  .near.bss          zero     0x000cd7     0x4  LoRaMac.o [1]
  .near.bss          zero     0x000cdb     0x4  LoRaMac.o [1]
  .near.bss          zero     0x000cdf     0x4  LoRaMac.o [1]
  .near.bss          zero     0x000ce3     0x4  LoRaMac.o [1]
  .near.bss          zero     0x000ce7     0x4  LoRaMac.o [1]
  .near.bss          zero     0x000ceb     0x4  LoRaMac.o [1]
  .near.bss          zero     0x000cef     0x4  LoRaMac.o [1]
  .near.bss          zero     0x000cf3     0x4  LoRaMac.o [1]
  .near.bss          zero     0x000cf7     0x4  LoRaMac.o [1]
  .near.bss          zero     0x000cfb     0x4  LoRaMac.o [1]
  .near.bss          zero     0x000cff     0x4  radio.o [1]
  .near.bss          zero     0x000d03     0x4  radio.o [1]
  .near.bss          zero     0x000d07     0x4  sx126x.o [1]
  .near.bss          zero     0x000d0b     0x4  rtc-board.o [3]
  .near.bss          zero     0x000d0f     0x4  rtc-board.o [3]
  .near.bss          zero     0x000d13     0x4  rtc-board.o [3]
  .near.bss          zero     0x000d17     0x4  rtc-board.o [3]
  .near.bss          zero     0x000d1b     0x4  rtc-board.o [3]
  .near.bss          zero     0x000d1f     0x3  linkwan.o [1]
  .near.bss          zero     0x000d22     0x2  linkwan.o [1]
  .near.bss          zero     0x000d24     0x2  linkwan.o [1]
  .near.bss          zero     0x000d26     0x2  linkwan.o [1]
  .near.bss          zero     0x000d28     0x2  linkwan.o [1]
  .near.bss          zero     0x000d2a     0x2  LoRaMac.o [1]
  .near.bss          zero     0x000d2c     0x2  LoRaMac.o [1]
  .near.bss          zero     0x000d2e     0x2  LoRaMac.o [1]
  .near.bss          zero     0x000d30     0x2  LoRaMac.o [1]
  .near.bss          zero     0x000d32     0x2  LoRaMac.o [1]
  .near.bss          zero     0x000d34     0x2  LoRaMac.o [1]
  .near.bss          zero     0x000d36     0x2  LoRaMac.o [1]
  .near.bss          zero     0x000d38     0x2  LoRaMac.o [1]
  .near.bss          zero     0x000d3a     0x2  LoRaMac.o [1]
  .near.bss          zero     0x000d3c     0x2  radio.o [1]
  .near.bss          zero     0x000d3e     0x2  radio.o [1]
  .near.bss          zero     0x000d40     0x2  RegionCN470A.o [1]
  .near.bss          zero     0x000d42     0x2  spi-board.o [1]
  .near.bss          zero     0x000d44     0x2  spi-board.o [1]
  .near.bss          zero     0x000d46     0x2  spi-board.o [1]
  .near.bss          zero     0x000d48     0x2  spi-board.o [1]
  .near.bss          zero     0x000d4a     0x2  spi-board.o [1]
  .near.bss          zero     0x000d4c     0x2  stm8l15x_it.o [1]
  .near.bss          zero     0x000d4e     0x2  timer.o [1]
  .near.bss          zero     0x000d50     0x2  errno.o [5]
  .near.bss          zero     0x000d52     0x1  at_command.o [1]
  .near.bss          zero     0x000d53     0x1  board.o [1]
  .near.bss          zero     0x000d54     0x1  board.o [1]
  .near.bss          zero     0x000d55     0x1  board.o [1]
  .near.bss          zero     0x000d56     0x1  board.o [1]
  .near.bss          zero     0x000d57     0x1  linkwan.o [1]
  .near.bss          zero     0x000d58     0x1  linkwan.o [1]
  .near.bss          zero     0x000d59     0x1  linkwan.o [1]
  .near.bss          zero     0x000d5a     0x1  linkwan.o [1]
  .near.bss          zero     0x000d5b     0x1  LoRaMac.o [1]
  .near.bss          zero     0x000d5c     0x1  LoRaMac.o [1]
  .near.bss          zero     0x000d5d     0x1  LoRaMac.o [1]
  .near.bss          zero     0x000d5e     0x1  LoRaMac.o [1]
  .near.bss          zero     0x000d5f     0x1  LoRaMac.o [1]
  .near.bss          zero     0x000d60     0x1  LoRaMac.o [1]
  .near.bss          zero     0x000d61     0x1  LoRaMac.o [1]
  .near.bss          zero     0x000d62     0x1  LoRaMac.o [1]
  .near.bss          zero     0x000d63     0x1  LoRaMac.o [1]
  .near.bss          zero     0x000d64     0x1  LoRaMac.o [1]
  .near.bss          zero     0x000d65     0x1  LoRaMac.o [1]
  .near.bss          zero     0x000d66     0x1  LoRaMac.o [1]
  .near.bss          zero     0x000d67     0x1  LoRaMac.o [1]
  .near.bss          zero     0x000d68     0x1  LoRaMac.o [1]
  .near.bss          zero     0x000d69     0x1  LoRaMac.o [1]
  .near.bss          zero     0x000d6a     0x1  LoRaMac.o [1]
  .near.bss          zero     0x000d6b     0x1  LoRaMac.o [1]
  .near.bss          zero     0x000d6c     0x1  LoRaMac.o [1]
  .near.bss          zero     0x000d6d     0x1  LoRaMac.o [1]
  .near.bss          zero     0x000d6e     0x1  LoRaMac.o [1]
  .near.bss          zero     0x000d6f     0x1  LoRaMac.o [1]
  .near.bss          zero     0x000d70     0x1  LoRaMac.o [1]
  .near.bss          zero     0x000d71     0x1  LoRaMac.o [1]
  .near.bss          zero     0x000d72     0x1  LoRaMac.o [1]
  .near.bss          zero     0x000d73     0x1  LoRaMac.o [1]
  .near.bss          zero     0x000d74     0x1  LoRaMac.o [1]
  .near.bss          zero     0x000d75     0x1  radio.o [1]
  .near.bss          zero     0x000d76     0x1  radio.o [1]
  .near.bss          zero     0x000d77     0x1  RegionCN470A.o [1]
  .near.bss          zero     0x000d78     0x1  RegionCN470A.o [1]
  .near.bss          zero     0x000d79     0x1  RegionCN470A.o [1]
  .near.bss          zero     0x000d7a     0x1  RegionCN470A.o [1]
  .near.bss          zero     0x000d7b     0x1  RegionCN470A.o [1]
  .near.bss          zero     0x000d7c     0x1  spi-board.o [1]
  .near.bss          zero     0x000d7d     0x1  stm8l15x_it.o [1]
  .near.bss          zero     0x000d7e     0x1  sx1262-board.o [1]
  .near.bss          zero     0x000d7f     0x1  sx126x.o [1]
  .near.bss          zero     0x000d80     0x1  sx126x.o [1]
  .near.bss          zero     0x000d81     0x1  sx126x.o [1]
  .near.bss          zero     0x000d82     0x1  timer.o [1]
  .near.bss          zero     0x000d83     0x1  rtc-board.o [3]
  .near.bss          zero     0x000d84     0x1  rtc-board.o [3]
  .near.bss          zero     0x000d85     0x1  rtc-board.o [3]
  .near.bss          zero     0x000d86     0x1  rtc-board.o [3]
  .near.bss          zero     0x000d87     0x1  rtc-board.o [3]
  .near.bss          zero     0x000d88     0x1  rtc-board.o [3]
                            - 0x000d89   0xb85

"A1":                                    0x100
  CSTACK                      0x000f00   0x100  <Block>
    CSTACK           uninit   0x000f00   0x100  <Block tail>
                            - 0x001000   0x100

"A2":                                     0x80
  INTVEC                      0x008000    0x80  <Block>
    .intvec          const    0x008000    0x80  interrupt.o [5]
                            - 0x008080    0x80

"P3":                                   0x1041
  Initializer bytes  const    0x008080   0x1f4  <for P2-1>
  .near.rodata       const    0x008274   0x100  aes.o [1]
  .near.rodata       const    0x008374   0x100  aes.o [1]
  .near.rodata       const    0x008474   0x100  aes.o [1]
  .near.rodata       const    0x008574    0x6e  radio.o [1]
  .near.rodata       const    0x0085e2    0x5a  linkwan.o [1]
  .near.rodata       const    0x00863c    0x5a  linkwan.o [1]
  .near.rodata       const    0x008696    0x51  radio.o [1]
  .near.rodata       const    0x0086e7    0x4c  at_command.o [1]
  .near.rodata       const    0x008733    0x4a  RegionCN470A.o [1]
  .near.rodata       const    0x00877d    0x3c  at_command.o [1]
  .near_func.text    const    0x0087b9    0x3c  xprintffull.o [5]
  .near.rodata       const    0x0087f5    0x39  at_command.o [1]
  .near.rodata       const    0x00882e    0x37  at_command.o [1]
  .near.rodata       const    0x008865    0x36  at_command.o [1]
  .near.rodata       const    0x00889b    0x33  at_command.o [1]
  .near.rodata       const    0x0088ce    0x33  linkwan.o [1]
  .near.rodata       const    0x008901    0x32  linkwan.o [1]
  .near.rodata       const    0x008933    0x32  linkwan.o [1]
  .near.rodata       const    0x008965    0x2c  at_command.o [1]
  .near.rodata       const    0x008991    0x29  at_command.o [1]
  .near.rodata       const    0x0089ba    0x29  linkwan.o [1]
  .near.rodata       const    0x0089e3    0x25  xstoul.o [5]
  .near.rodata       const    0x008a08    0x25  xstoul.o [5]
  .near.rodata       const    0x008a2d    0x24  linkwan.o [1]
  .near.rodata       const    0x008a51    0x22  linkwan.o [1]
  .near.rodata       const    0x008a73    0x21  RegionCN470A.o [1]
  .iar.init_table    const    0x008a94    0x14  - Linker created -
  .near.rodata       const    0x008aa8    0x20  lwan_config.o [1]
  .near.rodata       const    0x008ac8    0x20  RegionCN470A.o [1]
  .near.rodata       const    0x008ae8    0x1f  at_command.o [1]
  .near.rodata       const    0x008b07    0x1e  at_command.o [1]
  .near.rodata       const    0x008b25    0x1e  at_command.o [1]
  .near.rodata       const    0x008b43    0x1d  at_command.o [1]
  .near.rodata       const    0x008b60    0x1d  at_command.o [1]
  .near.rodata       const    0x008b7d    0x1d  at_command.o [1]
  .near.rodata       const    0x008b9a    0x1c  at_command.o [1]
  .near.rodata       const    0x008bb6    0x1a  main.o [1]
  .near.rodata       const    0x008bd0    0x19  linkwan.o [1]
  .near_func.text    const    0x008be9    0x18  lwan_config.o [1]
  .near_func.text    const    0x008c01    0x18  lwan_config.o [1]
  .near.rodata       const    0x008c19    0x17  at_command.o [1]
  .near.rodata       const    0x008c30    0x17  linkwan.o [1]
  .near.rodata       const    0x008c47    0x16  linkwan.o [1]
  .near.rodata       const    0x008c5d    0x14  at_command.o [1]
  .near.rodata       const    0x008c71    0x14  at_command.o [1]
  .near.rodata       const    0x008c85    0x14  linkwan.o [1]
  .near.rodata       const    0x008c99    0x14  main.o [1]
  .near.rodata       const    0x008cad    0x13  at_command.o [1]
  .near.rodata       const    0x008cc0    0x12  at_command.o [1]
  .near.rodata       const    0x008cd2    0x12  at_command.o [1]
  .near.rodata       const    0x008ce4    0x12  at_command.o [1]
  .near.rodata       const    0x008cf6    0x12  at_command.o [1]
  .near.rodata       const    0x008d08    0x12  linkwan.o [1]
  .near.rodata       const    0x008d1a    0x11  at_command.o [1]
  .near.rodata       const    0x008d2b    0x11  at_command.o [1]
  .near.rodata       const    0x008d3c    0x11  at_command.o [1]
  .near.rodata       const    0x008d4d    0x11  linkwan.o [1]
  .near.rodata       const    0x008d5e    0x11  linkwan.o [1]
  .near.rodata       const    0x008d6f    0x10  at_command.o [1]
  .near.rodata       const    0x008d7f    0x10  at_command.o [1]
  .near.rodata       const    0x008d8f    0x10  at_command.o [1]
  .near.rodata       const    0x008d9f    0x10  at_command.o [1]
  .near.rodata       const    0x008daf    0x10  linkwan.o [1]
  .near.rodata       const    0x008dbf    0x10  linkwan.o [1]
  .near.rodata       const    0x008dcf    0x10  LoRaMac.o [1]
  .near.rodata       const    0x008ddf    0x10  lwan_config.o [1]
  .near.rodata       const    0x008def    0x10  lwan_config.o [1]
  .near.rodata       const    0x008dff    0x10  lwan_config.o [1]
  .near.rodata       const    0x008e0f    0x10  RegionCN470A.o [1]
  .near.rodata       const    0x008e1f    0x10  RegionCN470A.o [1]
  .near.rodata       const    0x008e2f     0xf  at_command.o [1]
  .near.rodata       const    0x008e3e     0xf  linkwan.o [1]
  .near.rodata       const    0x008e4d     0xf  linkwan.o [1]
  .near.rodata       const    0x008e5c     0xe  at_command.o [1]
  .near.rodata       const    0x008e6a     0xe  at_command.o [1]
  .near.rodata       const    0x008e78     0xe  linkwan.o [1]
  .near.rodata       const    0x008e86     0xd  linkwan.o [1]
  .near.rodata       const    0x008e93     0xc  at_command.o [1]
  .near.rodata       const    0x008e9f     0xc  at_command.o [1]
  .near.rodata       const    0x008eab     0xc  linkwan.o [1]
  .near.rodata       const    0x008eb7     0xc  RegionCN470A.o [1]
  .near.rodata       const    0x008ec3     0xc  rtc-board.o [3]
  .near.rodata       const    0x008ecf     0xc  rtc-board.o [3]
  .near.rodata       const    0x008edb     0xb  at_command.o [1]
  .near.rodata       const    0x008ee6     0xb  at_command.o [1]
  .near.rodata       const    0x008ef1     0xb  at_command.o [1]
  .near.rodata       const    0x008efc     0xb  at_command.o [1]
  .near.rodata       const    0x008f07     0xb  at_command.o [1]
  .near.rodata       const    0x008f12     0xb  at_command.o [1]
  .near.rodata       const    0x008f1d     0xa  at_command.o [1]
  .near.rodata       const    0x008f27     0xa  at_command.o [1]
  .near.rodata       const    0x008f31     0xa  at_command.o [1]
  .near.rodata       const    0x008f3b     0xa  at_command.o [1]
  .near.rodata       const    0x008f45     0xa  at_command.o [1]
  .near.rodata       const    0x008f4f     0xa  linkwan.o [1]
  .near.rodata       const    0x008f59     0xa  linkwan.o [1]
  .near.rodata       const    0x008f63     0x9  at_command.o [1]
  .near.rodata       const    0x008f6c     0x9  at_command.o [1]
  .near.rodata       const    0x008f75     0x9  at_command.o [1]
  .near.rodata       const    0x008f7e     0x9  at_command.o [1]
  .near.rodata       const    0x008f87     0x9  at_command.o [1]
  .near.rodata       const    0x008f90     0x9  linkwan.o [1]
  .near.rodata       const    0x008f99     0x9  main.o [1]
  .near.rodata       const    0x008fa2     0x9  sx126x.o [1]
  .near.rodata       const    0x008fab     0x8  at_command.o [1]
  .near.rodata       const    0x008fb3     0x8  at_command.o [1]
  .near.rodata       const    0x008fbb     0x8  radio.o [1]
  .near.rodata       const    0x008fc3     0x8  radio.o [1]
  .near.rodata       const    0x008fcb     0x8  RegionCN470A.o [1]
  .near.rodata       const    0x008fd3     0x8  RegionCN470A.o [1]
  .near.rodata       const    0x008fdb     0x8  RegionCN470A.o [1]
  .near.rodata       const    0x008fe3     0x8  sx126x.o [1]
  .near.rodata       const    0x008feb     0x7  at_command.o [1]
  .near.rodata       const    0x008ff2     0x7  at_command.o [1]
  .near.rodata       const    0x008ff9     0x7  at_command.o [1]
  .near.rodata       const    0x009000     0x7  linkwan.o [1]
  .near.rodata       const    0x009007     0x7  xprintffull.o [5]
  .near.rodata       const    0x00900e     0x6  at_command.o [1]
  .near.rodata       const    0x009014     0x6  at_command.o [1]
  .near.rodata       const    0x00901a     0x6  at_command.o [1]
  .near.rodata       const    0x009020     0x6  at_command.o [1]
  .near.rodata       const    0x009026     0x6  at_command.o [1]
  .near.rodata       const    0x00902c     0x6  at_command.o [1]
  .near.rodata       const    0x009032     0x6  at_command.o [1]
  .near.rodata       const    0x009038     0x6  linkwan.o [1]
  .near.rodata       const    0x00903e     0x6  linkwan.o [1]
  .near.rodata       const    0x009044     0x6  linkwan.o [1]
  .near.rodata       const    0x00904a     0x6  linkwan.o [1]
  .near.rodata       const    0x009050     0x6  lwan_config.o [1]
  .near.rodata       const    0x009056     0x6  main.o [1]
  .near.rodata       const    0x00905c     0x6  RegionCN470A.o [1]
  .near.rodata       const    0x009062     0x5  at_command.o [1]
  .near.rodata       const    0x009067     0x5  at_command.o [1]
  .near.rodata       const    0x00906c     0x5  at_command.o [1]
  .near.rodata       const    0x009071     0x5  at_command.o [1]
  .near.rodata       const    0x009076     0x5  linkwan.o [1]
  .near.rodata       const    0x00907b     0x5  stm8l15x_clk.o [1]
  .near.rodata       const    0x009080     0x4  at_command.o [1]
  .near.rodata       const    0x009084     0x4  Region.o [1]
  .near.rodata       const    0x009088     0x4  rtc-board.o [3]
  .near.rodata       const    0x00908c     0x4  rtc-board.o [3]
  .near.rodata       const    0x009090     0x4  rtc-board.o [3]
  .near.rodata       const    0x009094     0x4  xprintffull.o [5]
  .near.rodata       const    0x009098     0x4  xprintffull.o [5]
  .near.rodata       const    0x00909c     0x4  xprintffull.o [5]
  .near.rodata       const    0x0090a0     0x4  xprintffull.o [5]
  .near.rodata       const    0x0090a4     0x3  at_command.o [1]
  .near.rodata       const    0x0090a7     0x3  at_command.o [1]
  .near.rodata       const    0x0090aa     0x3  linkwan.o [1]
  .near.rodata       const    0x0090ad     0x3  main.o [1]
  .near.rodata       const    0x0090b0     0x3  radio.o [1]
  .near.rodata       const    0x0090b3     0x2  at_command.o [1]
  .near.rodata       const    0x0090b5     0x2  linkwan.o [1]
  .near.rodata       const    0x0090b7     0x2  rtc-board.o [3]
  .near.rodata       const    0x0090b9     0x2  xprintffull.o [5]
  .near.rodata       const    0x0090bb     0x1  board.o [1]
  .near.rodata       const    0x0090bc     0x1  board.o [1]
  .near.rodata       const    0x0090bd     0x1  board.o [1]
  .near.rodata       const    0x0090be     0x1  radio.o [1]
  .near.rodata       const    0x0090bf     0x1  rtc-board.o [3]
  .near.rodata       const    0x0090c0     0x1  rtc-board.o [3]
                            - 0x0090c1  0x1041

"P4", part 1 of 2:                      0x6ada
  .far_func.text     ro code  0x0090c1  0x16a7  LoRaMac.o [1]
  .far_func.text     ro code  0x00a768   0x8a7  lwan_config.o [1]
  .far_func.text     ro code  0x00b00f   0x6ee  LoRaMac.o [1]
  .far_func.text     ro code  0x00b6fd   0x50d  float.o [5]
  .far_func.text     ro code  0x00bc0a   0x47a  xprintffull.o [5]
  .far_func.text     ro code  0x00c084   0x477  xprintffull.o [5]
  .far_func.text     ro code  0x00c4fb   0x3b3  LoRaMac.o [1]
  .far_func.text     ro code  0x00c8ae   0x3b0  xprintffull.o [5]
  .far_func.text     ro code  0x00cc5e   0x374  pow.o [5]
  .far_func.text     ro code  0x00cfd2   0x34d  linkwan.o [1]
  .far_func.text     ro code  0x00d31f   0x2fb  linkwan.o [1]
  .far_func.text     ro code  0x00d61a   0x282  long.o [5]
  .far_func.text     ro code  0x00d89c   0x26d  RegionCN470A.o [1]
  .far_func.text     ro code  0x00db09   0x26b  xexp.o [5]
  .far_func.text     ro code  0x00dd74   0x24a  aes.o [1]
  .far_func.text     ro code  0x00dfbe   0x240  vreg_util.o [5]
  .far_func.text     ro code  0x00e1fe   0x236  at_command.o [1]
  .far_func.text     ro code  0x00e434   0x215  LoRaMacCrypto.o [1]
  .far_func.text     ro code  0x00e649   0x207  RegionCN470A.o [1]
  .far_func.text     ro code  0x00e850   0x1dc  xstoul.o [5]
  .far_func.text     ro code  0x00ea2c    0x36  sx1262-board.o [1]
  .far_func.text     ro code  0x00ea62    0x35  gpio-board.o [1]
  .far_func.text     ro code  0x00ea97    0x35  strncmp.o [5]
  .far_func.text     ro code  0x00eacc    0x34  sx126x.o [1]
  .far_func.text     ro code  0x00eb00    0x34  div.o [5]
  .far_func.text     ro code  0x00eb34    0x33  stm8l15x_rtc.o [1]
  .far_func.text     ro code  0x00eb67    0x33  sx1262-board.o [1]
  .far_func.text     ro code  0x00eb9a    0x33  sx126x.o [1]
  .far_func.text     ro code  0x00ebcd    0x32  cmac.o [1]
  .far_func.text     ro code  0x00ebff    0x32  sx1262-board.o [1]
  .far_func.text     ro code  0x00ec31    0x32  sx126x.o [1]
  .far_func.text     ro code  0x00ec63    0x31  stm8l15x_exti.o [1]
  .far_func.text     ro code  0x00ec94    0x31  rtc-board.o [3]
  .far_func.text     ro code  0x00ecc5    0x30  main.o [1]
  .far_func.text     ro code  0x00ecf5    0x30  stm8l15x_spi.o [1]
  .far_func.text     ro code  0x00ed25    0x30  sx1262-board.o [1]
  .far_func.text     ro code  0x00ed55    0x30  memcmp.o [5]
  .far_func.text     ro code  0x00ed85    0x2f  RegionCN470A.o [1]
  .far_func.text     ro code  0x00edb4    0x2f  RegionCommon.o [1]
  .far_func.text     ro code  0x00ede3    0x2e  board.o [1]
  .far_func.text     ro code  0x00ee11    0x2e  radio.o [1]
  .far_func.text     ro code  0x00ee3f    0x2e  radio.o [1]
  .far_func.text     ro code  0x00ee6d    0x2e  sx126x.o [1]
  .far_func.text     ro code  0x00ee9b    0x2e  xprintffull.o [5]
  .far_func.text     ro code  0x00eec9    0x2d  linkwan.o [1]
  .far_func.text     ro code  0x00eef6    0x2d  sx126x.o [1]
  .far_func.text     ro code  0x00ef23    0x2c  LoRaMac.o [1]
  .far_func.text     ro code  0x00ef4f    0x2c  timer.o [1]
  .far_func.text     ro code  0x00ef7b    0x2b  sx1262-board.o [1]
  .far_func.text     ro code  0x00efa6    0x2b  rtc-board.o [3]
  .far_func.text     ro code  0x00efd1    0x2a  timer.o [1]
  .far_func.text     ro code  0x00effb    0x29  radio.o [1]
  .far_func.text     ro code  0x00f024    0x29  RegionCommon.o [1]
  .far_func.text     ro code  0x00f04d    0x29  sx1262-board.o [1]
  .far_func.text     ro code  0x00f076    0x28  linkwan.o [1]
  .far_func.text     ro code  0x00f09e    0x28  LoRaMac.o [1]
  .far_func.text     ro code  0x00f0c6    0x28  radio.o [1]
  .far_func.text     ro code  0x00f0ee    0x28  RegionCommon.o [1]
  .far_func.text     ro code  0x00f116    0x28  init_small.o [5]
  .far_func.text     ro code  0x00f13e    0x27  utilities.o [1]
  .far_func.text     ro code  0x00f165    0x25  move.o [5]
  .far_func.text     ro code  0x00f18a    0x25  xlog.o [5]
  .far_func.text     ro code  0x00f1af    0x24  board.o [1]
  .far_func.text     ro code  0x00f1d3    0x24  gpio-board.o [1]
  .far_func.text     ro code  0x00f1f7    0x24  linkwan.o [1]
  .far_func.text     ro code  0x00f21b    0x24  linkwan.o [1]
  .far_func.text     ro code  0x00f23f    0x24  radio.o [1]
  .far_func.text     ro code  0x00f263    0x24  sx1262-board.o [1]
  .far_func.text     ro code  0x00f287    0x24  utilities.o [1]
  .far_func.text     ro code  0x00f2ab    0x24  printf.o [5]
  .far_func.text     ro code  0x00f2cf    0x23  stm8l15x_usart.o [1]
  .far_func.text     ro code  0x00f2f2    0x22  LoRaMac.o [1]
  .far_func.text     ro code  0x00f314    0x22  sx1262-board.o [1]
  .far_func.text     ro code  0x00f336    0x22  rtc-board.o [3]
  .far_func.text     ro code  0x00f358    0x21  gpio-board.o [1]
  .far_func.text     ro code  0x00f379    0x21  memchr.o [5]
  .far_func.text     ro code  0x00f39a    0x20  stm8l15x_it.o [1]
  .far_func.text     ro code  0x00f3ba    0x20  stm8l15x_it.o [1]
  .far_func.text     ro code  0x00f3da    0x20  memcpy.o [5]
  .far_func.text     ro code  0x00f3fa    0x1f  xprout.o [5]
  .far_func.text     ro code  0x00f419    0x1e  radio.o [1]
  .far_func.text     ro code  0x00f437    0x1e  stm8l15x_rtc.o [1]
  .far_func.text     ro code  0x00f455    0x1e  stm8l15x_rtc.o [1]
  .far_func.text     ro code  0x00f473    0x1e  sx1262-board.o [1]
  .far_func.text     ro code  0x00f491    0x1e  sx126x.o [1]
  .far_func.text     ro code  0x00f4af    0x1e  rtc-board.o [3]
  .far_func.text     ro code  0x00f4cd    0x1e  rtc-board.o [3]
  .far_func.text     ro code  0x00f4eb    0x1e  init.o [5]
  .far_func.text     ro code  0x00f509    0x1e  init_small.o [5]
  .far_func.text     ro code  0x00f527    0x1d  board.o [1]
  .far_func.text     ro code  0x00f544    0x1d  RegionCN470A.o [1]
  .far_func.text     ro code  0x00f561    0x1d  spi-board.o [1]
  .far_func.text     ro code  0x00f57e    0x1d  stm8l15x_usart.o [1]
  .far_func.text     ro code  0x00f59b    0x1d  sx126x.o [1]
  .far_func.text     ro code  0x00f5b8    0x1c  RegionCN470A.o [1]
  .far_func.text     ro code  0x00f5d4    0x1c  stm8l15x_it.o [1]
  .far_func.text     ro code  0x00f5f0    0x1c  stm8l15x_it.o [1]
  .far_func.text     ro code  0x00f60c    0x1c  stm8l15x_it.o [1]
  .far_func.text     ro code  0x00f628    0x1c  stm8l15x_it.o [1]
  .far_func.text     ro code  0x00f644    0x1c  stm8l15x_it.o [1]
  .far_func.text     ro code  0x00f660    0x1c  stm8l15x_it.o [1]
  .far_func.text     ro code  0x00f67c    0x1c  stm8l15x_it.o [1]
  .far_func.text     ro code  0x00f698    0x1c  stm8l15x_rtc.o [1]
  .far_func.text     ro code  0x00f6b4    0x1c  stm8l15x_rtc.o [1]
  .far_func.text     ro code  0x00f6d0    0x1c  sx126x.o [1]
  .far_func.text     ro code  0x00f6ec    0x1c  timer.o [1]
  .far_func.text     ro code  0x00f708    0x1c  timer.o [1]
  .far_func.text     ro code  0x00f724    0x1b  radio.o [1]
  .far_func.text     ro code  0x00f73f    0x1b  radio.o [1]
  .far_func.text     ro code  0x00f75a    0x1b  stm8l15x_it.o [1]
  .far_func.text     ro code  0x00f775    0x1b  sx126x.o [1]
  .far_func.text     ro code  0x00f790    0x1a  LoRaMac.o [1]
  .far_func.text     ro code  0x00f7aa    0x1a  Region.o [1]
  .far_func.text     ro code  0x00f7c4    0x1a  stm8l15x_flash.o [1]
  .far_func.text     ro code  0x00f7de    0x1a  sx126x.o [1]
  .far_func.text     ro code  0x00f7f8    0x1a  utilities.o [1]
  .far_func.text     ro code  0x00f812    0x19  at_command.o [1]
  .far_func.text     ro code  0x00f82b    0x19  cmac.o [1]
  .far_func.text     ro code  0x00f844    0x19  linkwan.o [1]
  .far_func.text     ro code  0x00f85d    0x19  stm8l15x_spi.o [1]
  .far_func.text     ro code  0x00f876    0x18  linkwan.o [1]
  .far_func.text     ro code  0x00f88e    0x18  RegionCommon.o [1]
  .far_func.text     ro code  0x00f8a6    0x18  stm8l15x_rtc.o [1]
  .far_func.text     ro code  0x00f8be    0x18  sx1262-board.o [1]
  .far_func.text     ro code  0x00f8d6    0x17  gpio-board.o [1]
  .far_func.text     ro code  0x00f8ed    0x17  linkwan.o [1]
  .far_func.text     ro code  0x00f904    0x17  LoRaMac.o [1]
  .far_func.text     ro code  0x00f91b    0x17  lwan_config.o [1]
  .far_func.text     ro code  0x00f932    0x17  stm8l15x_rtc.o [1]
  .far_func.text     ro code  0x00f949    0x17  sx1262-board.o [1]
  .far_func.text     ro code  0x00f960    0x17  sx126x.o [1]
  .far_func.text     ro code  0x00f977    0x17  sx126x.o [1]
  .far_func.text     ro code  0x00f98e    0x17  sx126x.o [1]
  .far_func.text     ro code  0x00f9a5    0x17  cstartup.o [5]
  .far_func.text     ro code  0x00f9bc    0x16  Region.o [1]
  .far_func.text     ro code  0x00f9d2    0x16  RegionCN470A.o [1]
  .far_func.text     ro code  0x00f9e8    0x16  stm8l15x_rtc.o [1]
  .far_func.text     ro code  0x00f9fe    0x16  rtc-board.o [3]
  .far_func.text     ro code  0x00fa14    0x16  memset.o [5]
  .far_func.text     ro code  0x00fa2a    0x16  __dbg_xxexit.o [4]
  .far_func.text     ro code  0x00fa40    0x15  board.o [1]
  .far_func.text     ro code  0x00fa55    0x15  cmac.o [1]
  .far_func.text     ro code  0x00fa6a    0x15  RegionCommon.o [1]
  .far_func.text     ro code  0x00fa7f    0x15  stm8l15x_gpio.o [1]
  .far_func.text     ro code  0x00fa94    0x15  stm8l15x_rtc.o [1]
  .far_func.text     ro code  0x00faa9    0x15  stm8l15x_rtc.o [1]
  .far_func.text     ro code  0x00fabe    0x15  sx1262-board.o [1]
  .far_func.text     ro code  0x00fad3    0x15  sx126x.o [1]
  .far_func.text     ro code  0x00fae8    0x15  xprintffull.o [5]
  .far_func.text     ro code  0x00fafd    0x15  strchr.o [5]
  .far_func.text     ro code  0x00fb12    0x14  gpio-board.o [1]
  .far_func.text     ro code  0x00fb26    0x14  linkwan.o [1]
  .far_func.text     ro code  0x00fb3a    0x14  linkwan.o [1]
  .far_func.text     ro code  0x00fb4e    0x14  RegionCN470A.o [1]
  .far_func.text     ro code  0x00fb62    0x13  LoRaMacCrypto.o [1]
  .far_func.text     ro code  0x00fb75    0x13  radio.o [1]
  .far_func.text     ro code  0x00fb88    0x13  RegionCN470A.o [1]
                            - 0x00fb9b  0x6ada

"P4", part 2 of 2:                      0x73f8
  .far_func.text     ro code  0x010000   0x1d6  linkwan.o [1]
  .far_func.text     ro code  0x0101d6   0x1ca  rtc-board.o [3]
  .far_func.text     ro code  0x0103a0   0x1c1  RegionCN470A.o [1]
  .far_func.text     ro code  0x010561   0x1aa  rtc-board.o [3]
  .far_func.text     ro code  0x01070b   0x1a9  radio.o [1]
  .far_func.text     ro code  0x0108b4   0x19c  RegionCN470A.o [1]
  .far_func.text     ro code  0x010a50   0x194  RegionCN470A.o [1]
  .far_func.text     ro code  0x010be4   0x191  linkwan.o [1]
  .far_func.text     ro code  0x010d75   0x18d  radio.o [1]
  .far_func.text     ro code  0x010f02   0x182  float_libsup.o [5]
  .far_func.text     ro code  0x011084   0x181  xprintffull.o [5]
  .far_func.text     ro code  0x011205   0x170  lwan_config.o [1]
  .far_func.text     ro code  0x011375   0x16b  radio.o [1]
  .far_func.text     ro code  0x0114e0   0x16a  cmac.o [1]
  .far_func.text     ro code  0x01164a   0x16a  spi-board.o [1]
  .far_func.text     ro code  0x0117b4   0x158  RegionCN470A.o [1]
  .far_func.text     ro code  0x01190c   0x14e  radio.o [1]
  .far_func.text     ro code  0x011a5a   0x14b  aes.o [1]
  .far_func.text     ro code  0x011ba5   0x145  LoRaMac.o [1]
  .far_func.text     ro code  0x011cea   0x143  sx126x.o [1]
  .far_func.text     ro code  0x011e2d   0x13d  cmac.o [1]
  .far_func.text     ro code  0x011f6a   0x12a  radio.o [1]
  .far_func.text     ro code  0x012094   0x122  RegionCN470A.o [1]
  .far_func.text     ro code  0x0121b6   0x11f  gpio-board.o [1]
  .far_func.text     ro code  0x0122d5   0x11b  board.o [1]
  .far_func.text     ro code  0x0123f0   0x118  RegionCommon.o [1]
  .far_func.text     ro code  0x012508   0x112  lwan_config.o [1]
  .far_func.text     ro code  0x01261a   0x100  stm8l15x_rtc.o [1]
  .far_func.text     ro code  0x01271a    0xff  aes.o [1]
  .far_func.text     ro code  0x012819    0xfa  lwan_config.o [1]
  .far_func.text     ro code  0x012913    0xf0  LoRaMac.o [1]
  .far_func.text     ro code  0x012a03    0xe6  rtc-board.o [3]
  .far_func.text     ro code  0x012ae9    0xdd  RegionCommon.o [1]
  .far_func.text     ro code  0x012bc6    0xdb  linkwan.o [1]
  .far_func.text     ro code  0x012ca1    0xd7  at_command.o [1]
  .far_func.text     ro code  0x012d78    0xd4  long_util.o [5]
  .far_func.text     ro code  0x012e4c    0xd4  xstol.o [5]
  .far_func.text     ro code  0x012f20    0xd1  sx126x.o [1]
  .far_func.text     ro code  0x012ff1    0xcb  aes.o [1]
  .far_func.text     ro code  0x0130bc    0xc9  stm8l15x_rtc.o [1]
  .far_func.text     ro code  0x013185    0xc9  xdint.o [5]
  .far_func.text     ro code  0x01324e    0xc7  stm8l15x_rtc.o [1]
  .far_func.text     ro code  0x013315    0xc5  LoRaMac.o [1]
  .far_func.text     ro code  0x0133da    0xc4  gpio-board.o [1]
  .far_func.text     ro code  0x01349e    0xc3  at_command.o [1]
  .far_func.text     ro code  0x013561    0xc3  sx126x.o [1]
  .far_func.text     ro code  0x013624    0xc1  RegionCN470A.o [1]
  .far_func.text     ro code  0x0136e5    0xc0  linkwan.o [1]
  .far_func.text     ro code  0x0137a5    0xbc  at_command.o [1]
  .far_func.text     ro code  0x013861    0xba  at_command.o [1]
  .far_func.text     ro code  0x01391b    0xb7  RegionCN470A.o [1]
  .far_func.text     ro code  0x0139d2    0xb5  timer.o [1]
  .far_func.text     ro code  0x013a87    0xb0  RegionCommon.o [1]
  .far_func.text     ro code  0x013b37    0xaf  LoRaMac.o [1]
  .far_func.text     ro code  0x013be6    0xad  at_command.o [1]
  .far_func.text     ro code  0x013c93    0xaa  at_command.o [1]
  .far_func.text     ro code  0x013d3d    0xa8  at_command.o [1]
  .far_func.text     ro code  0x013de5    0xa5  aes.o [1]
  .far_func.text     ro code  0x013e8a    0xa5  aes.o [1]
  .far_func.text     ro code  0x013f2f    0xa4  at_command.o [1]
  .far_func.text     ro code  0x013fd3    0xa4  at_command.o [1]
  .far_func.text     ro code  0x014077    0xa4  sx126x.o [1]
  .far_func.text     ro code  0x01411b    0xa2  stm8l15x_exti.o [1]
  .far_func.text     ro code  0x0141bd    0xa1  timer.o [1]
  .far_func.text     ro code  0x01425e    0x9f  at_command.o [1]
  .far_func.text     ro code  0x0142fd    0x9f  rtc-board.o [3]
  .far_func.text     ro code  0x01439c    0x99  at_command.o [1]
  .far_func.text     ro code  0x014435    0x97  at_command.o [1]
  .far_func.text     ro code  0x0144cc    0x96  at_command.o [1]
  .far_func.text     ro code  0x014562    0x96  timer.o [1]
  .far_func.text     ro code  0x0145f8    0x94  LoRaMacCrypto.o [1]
  .far_func.text     ro code  0x01468c    0x91  RegionCN470A.o [1]
  .far_func.text     ro code  0x01471d    0x8c  at_command.o [1]
  .far_func.text     ro code  0x0147a9    0x86  timer.o [1]
  .far_func.text     ro code  0x01482f    0x84  spi-board.o [1]
  .far_func.text     ro code  0x0148b3    0x83  RegionCN470A.o [1]
  .far_func.text     ro code  0x014936    0x82  stm8l15x_usart.o [1]
  .far_func.text     ro code  0x0149b8    0x81  board.o [1]
  .far_func.text     ro code  0x014a39    0x81  stm8l15x_clk.o [1]
  .far_func.text     ro code  0x014aba    0x7f  sx126x.o [1]
  .far_func.text     ro code  0x014b39    0x7d  RegionCN470A.o [1]
  .far_func.text     ro code  0x014bb6    0x76  board.o [1]
  .far_func.text     ro code  0x014c2c    0x76  rtc-board.o [3]
  .far_func.text     ro code  0x014ca2    0x75  at_command.o [1]
  .far_func.text     ro code  0x014d17    0x75  at_command.o [1]
  .far_func.text     ro code  0x014d8c    0x75  RegionCN470A.o [1]
  .far_func.text     ro code  0x014e01    0x74  at_command.o [1]
  .far_func.text     ro code  0x014e75    0x71  aes.o [1]
  .far_func.text     ro code  0x014ee6    0x71  at_command.o [1]
  .far_func.text     ro code  0x014f57    0x71  at_command.o [1]
  .far_func.text     ro code  0x014fc8    0x71  at_command.o [1]
  .far_func.text     ro code  0x015039    0x71  at_command.o [1]
  .far_func.text     ro code  0x0150aa    0x71  RegionCommon.o [1]
  .far_func.text     ro code  0x01511b    0x6f  at_command.o [1]
  .far_func.text     ro code  0x01518a    0x6d  at_command.o [1]
  .far_func.text     ro code  0x0151f7    0x6a  LoRaMac.o [1]
  .far_func.text     ro code  0x015261    0x6a  main.o [1]
  .far_func.text     ro code  0x0152cb    0x6a  far_util.o [5]
  .far_func.text     ro code  0x015335    0x68  RegionCN470A.o [1]
  .far_func.text     ro code  0x01539d    0x64  stm8l15x_gpio.o [1]
  .far_func.text     ro code  0x015401    0x64  stm8l15x_usart.o [1]
  .far_func.text     ro code  0x015465    0x62  rtc-board.o [3]
  .far_func.text     ro code  0x0154c7    0x61  rtc-board.o [3]
  .far_func.text     ro code  0x015528    0x60  linkwan.o [1]
  .far_func.text     ro code  0x015588    0x60  rtc-board.o [3]
  .far_func.text     ro code  0x0155e8    0x60  strstr.o [5]
  .far_func.text     ro code  0x015648    0x5f  radio.o [1]
  .far_func.text     ro code  0x0156a7    0x5f  RegionCN470A.o [1]
  .far_func.text     ro code  0x015706    0x5f  stm8l15x_clk.o [1]
  .far_func.text     ro code  0x015765    0x5e  short.o [5]
  .far_func.text     ro code  0x0157c3    0x5d  radio.o [1]
  .far_func.text     ro code  0x015820    0x5d  stm8l15x_usart.o [1]
  .far_func.text     ro code  0x01587d    0x5c  LoRaMac.o [1]
  .far_func.text     ro code  0x0158d9    0x5b  at_command.o [1]
  .far_func.text     ro code  0x015934    0x5b  rtc-board.o [3]
  .far_func.text     ro code  0x01598f    0x5a  RegionCommon.o [1]
  .far_func.text     ro code  0x0159e9    0x58  at_command.o [1]
  .far_func.text     ro code  0x015a41    0x58  dc_util.o [5]
  .far_func.text     ro code  0x015a99    0x56  linkwan.o [1]
  .far_func.text     ro code  0x015aef    0x55  stm8l15x_rtc.o [1]
  .far_func.text     ro code  0x015b44    0x54  linkwan.o [1]
  .far_func.text     ro code  0x015b98    0x52  sx126x.o [1]
  .far_func.text     ro code  0x015bea    0x51  stm8l15x_exti.o [1]
  .far_func.text     ro code  0x015c3b    0x51  sx1262-board.o [1]
  .far_func.text     ro code  0x015c8c    0x51  xprintffull.o [5]
  .far_func.text     ro code  0x015cdd    0x4f  linkwan.o [1]
  .far_func.text     ro code  0x015d2c    0x4f  LoRaMac.o [1]
  .far_func.text     ro code  0x015d7b    0x4f  LoRaMac.o [1]
  .far_func.text     ro code  0x015dca    0x4f  utilities.o [1]
  .far_func.text     ro code  0x015e19    0x4e  at_command.o [1]
  .far_func.text     ro code  0x015e67    0x4e  sx126x.o [1]
  .far_func.text     ro code  0x015eb5    0x4d  LoRaMacCrypto.o [1]
  .far_func.text     ro code  0x015f02    0x4c  RegionCN470A.o [1]
  .far_func.text     ro code  0x015f4e    0x4c  spi-board.o [1]
  .far_func.text     ro code  0x015f9a    0x4c  stm8l15x_it.o [1]
  .far_func.text     ro code  0x015fe6    0x4c  stm8l15x_it.o [1]
  .far_func.text     ro code  0x016032    0x4b  RegionCN470A.o [1]
  .far_func.text     ro code  0x01607d    0x4a  radio.o [1]
  .far_func.text     ro code  0x0160c7    0x49  board.o [1]
  .far_func.text     ro code  0x016110    0x49  stm8l15x_syscfg.o [1]
  .far_func.text     ro code  0x016159    0x49  xprintffull.o [5]
  .far_func.text     ro code  0x0161a2    0x46  ceil.o [5]
  .far_func.text     ro code  0x0161e8    0x46  floor.o [5]
  .far_func.text     ro code  0x01622e    0x45  sx126x.o [1]
  .far_func.text     ro code  0x016273    0x44  sprintf.o [5]
  .far_func.text     ro code  0x0162b7    0x3f  RegionCN470A.o [1]
  .far_func.text     ro code  0x0162f6    0x3f  RegionCommon.o [1]
  .far_func.text     ro code  0x016335    0x3f  stm8l15x_rtc.o [1]
  .far_func.text     ro code  0x016374    0x3e  xprintffull.o [5]
  .far_func.text     ro code  0x0163b2    0x3d  xprintffull.o [5]
  .far_func.text     ro code  0x0163ef    0x3c  RegionCN470A.o [1]
  .far_func.text     ro code  0x01642b    0x3a  RegionCommon.o [1]
  .far_func.text     ro code  0x016465    0x3a  stm8l15x_rtc.o [1]
  .far_func.text     ro code  0x01649f    0x3a  sx1262-board.o [1]
  .far_func.text     ro code  0x0164d9    0x3a  sx1262-board.o [1]
  .far_func.text     ro code  0x016513    0x3a  timer.o [1]
  .far_func.text     ro code  0x01654d    0x39  stm8l15x_clk.o [1]
  .far_func.text     ro code  0x016586    0x39  stm8l15x_rtc.o [1]
  .far_func.text     ro code  0x0165bf    0x38  stm8l15x_exti.o [1]
  .far_func.text     ro code  0x0165f7    0x37  stm8l15x_rtc.o [1]
  .far_func.text     ro code  0x01662e    0x36  delay-board.o [1]
  .far_func.text     ro code  0x016664    0x13  RegionCommon.o [1]
  .far_func.text     ro code  0x016677    0x13  stm8l15x_clk.o [1]
  .far_func.text     ro code  0x01668a    0x13  stm8l15x_spi.o [1]
  .far_func.text     ro code  0x01669d    0x13  sx1262-board.o [1]
  .far_func.text     ro code  0x0166b0    0x13  sx126x.o [1]
  .far_func.text     ro code  0x0166c3    0x13  utilities.o [1]
  .far_func.text     ro code  0x0166d6    0x12  LoRaMac.o [1]
  .far_func.text     ro code  0x0166e8    0x12  lwan_config.o [1]
  .far_func.text     ro code  0x0166fa    0x12  radio.o [1]
  .far_func.text     ro code  0x01670c    0x12  RegionCN470A.o [1]
  .far_func.text     ro code  0x01671e    0x12  stm8l15x_gpio.o [1]
  .far_func.text     ro code  0x016730    0x11  at_command.o [1]
  .far_func.text     ro code  0x016741    0x11  at_command.o [1]
  .far_func.text     ro code  0x016752    0x11  cmac.o [1]
  .far_func.text     ro code  0x016763    0x11  LoRaMacCrypto.o [1]
  .far_func.text     ro code  0x016774    0x11  main.o [1]
  .far_func.text     ro code  0x016785    0x11  Region.o [1]
  .far_func.text     ro code  0x016796    0x11  RegionCN470A.o [1]
  .far_func.text     ro code  0x0167a7    0x11  RegionCommon.o [1]
  .far_func.text     ro code  0x0167b8    0x11  stm8l15x_rtc.o [1]
  .far_func.text     ro code  0x0167c9    0x11  stm8l15x_rtc.o [1]
  .far_func.text     ro code  0x0167da    0x11  stm8l15x_rtc.o [1]
  .far_func.text     ro code  0x0167eb    0x11  sx1262-board.o [1]
  .far_func.text     ro code  0x0167fc    0x11  sx1262-board.o [1]
  .far_func.text     ro code  0x01680d    0x11  sx126x.o [1]
  .far_func.text     ro code  0x01681e    0x10  at_command.o [1]
  .far_func.text     ro code  0x01682e    0x10  at_command.o [1]
  .far_func.text     ro code  0x01683e    0x10  at_command.o [1]
  .far_func.text     ro code  0x01684e    0x10  radio.o [1]
  .far_func.text     ro code  0x01685e    0x10  stm8l15x_it.o [1]
  .far_func.text     ro code  0x01686e    0x10  stm8l15x_usart.o [1]
  .far_func.text     ro code  0x01687e    0x10  sx1262-board.o [1]
  .far_func.text     ro code  0x01688e    0x10  sx1262-board.o [1]
  .far_func.text     ro code  0x01689e    0x10  sx126x.o [1]
  .far_func.text     ro code  0x0168ae    0x10  sx126x.o [1]
  .far_func.text     ro code  0x0168be    0x10  utilities.o [1]
  .far_func.text     ro code  0x0168ce     0xf  LoRaMac.o [1]
  .far_func.text     ro code  0x0168dd     0xf  radio.o [1]
  .far_func.text     ro code  0x0168ec     0xf  radio.o [1]
  .far_func.text     ro code  0x0168fb     0xf  radio.o [1]
  .far_func.text     ro code  0x01690a     0xf  RegionCN470A.o [1]
  .far_func.text     ro code  0x016919     0xf  stm8l15x_flash.o [1]
  .far_func.text     ro code  0x016928     0xf  stm8l15x_rtc.o [1]
  .far_func.text     ro code  0x016937     0xf  sx1262-board.o [1]
  .far_func.text     ro code  0x016946     0xf  rtc-board.o [3]
  .far_func.text     ro code  0x016955     0xe  at_command.o [1]
  .far_func.text     ro code  0x016963     0xe  at_command.o [1]
  .far_func.text     ro code  0x016971     0xe  at_command.o [1]
  .far_func.text     ro code  0x01697f     0xe  at_command.o [1]
  .far_func.text     ro code  0x01698d     0xe  board.o [1]
  .far_func.text     ro code  0x01699b     0xe  linkwan.o [1]
  .far_func.text     ro code  0x0169a9     0xe  LoRaMac.o [1]
  .far_func.text     ro code  0x0169b7     0xe  LoRaMac.o [1]
  .far_func.text     ro code  0x0169c5     0xe  LoRaMac.o [1]
  .far_func.text     ro code  0x0169d3     0xe  RegionCN470A.o [1]
  .far_func.text     ro code  0x0169e1     0xe  RegionCN470A.o [1]
  .far_func.text     ro code  0x0169ef     0xe  RegionCN470A.o [1]
  .far_func.text     ro code  0x0169fd     0xe  stm8l15x_exti.o [1]
  .far_func.text     ro code  0x016a0b     0xe  stm8l15x_exti.o [1]
  .far_func.text     ro code  0x016a19     0xe  stm8l15x_rtc.o [1]
  .far_func.text     ro code  0x016a27     0xe  stm8l15x_rtc.o [1]
  .far_func.text     ro code  0x016a35     0xe  sx126x.o [1]
  .far_func.text     ro code  0x016a43     0xe  xprintffull.o [5]
  .far_func.text     ro code  0x016a51     0xd  at_command.o [1]
  .far_func.text     ro code  0x016a5e     0xd  at_command.o [1]
  .far_func.text     ro code  0x016a6b     0xd  cmac.o [1]
  .far_func.text     ro code  0x016a78     0xd  cmac.o [1]
  .far_func.text     ro code  0x016a85     0xd  linkwan.o [1]
  .far_func.text     ro code  0x016a92     0xd  linkwan.o [1]
  .far_func.text     ro code  0x016a9f     0xd  linkwan.o [1]
  .far_func.text     ro code  0x016aac     0xd  LoRaMac.o [1]
  .far_func.text     ro code  0x016ab9     0xd  LoRaMacCrypto.o [1]
  .far_func.text     ro code  0x016ac6     0xd  radio.o [1]
  .far_func.text     ro code  0x016ad3     0xd  radio.o [1]
  .far_func.text     ro code  0x016ae0     0xd  RegionCN470A.o [1]
  .far_func.text     ro code  0x016aed     0xd  RegionCN470A.o [1]
  .far_func.text     ro code  0x016afa     0xd  spi-board.o [1]
  .far_func.text     ro code  0x016b07     0xd  stm8l15x_pwr.o [1]
  .far_func.text     ro code  0x016b14     0xd  stm8l15x_spi.o [1]
  .far_func.text     ro code  0x016b21     0xd  sx1262-board.o [1]
  .far_func.text     ro code  0x016b2e     0xd  sx1262-board.o [1]
  .far_func.text     ro code  0x016b3b     0xd  sx126x.o [1]
  .far_func.text     ro code  0x016b48     0xd  sx126x.o [1]
  .far_func.text     ro code  0x016b55     0xd  strlen.o [5]
  .far_func.text     ro code  0x016b62     0xc  LoRaMac.o [1]
  .far_func.text     ro code  0x016b6e     0xc  LoRaMac.o [1]
  .far_func.text     ro code  0x016b7a     0xc  LoRaMac.o [1]
  .far_func.text     ro code  0x016b86     0xc  lwan_config.o [1]
  .far_func.text     ro code  0x016b92     0xc  lwan_config.o [1]
  .far_func.text     ro code  0x016b9e     0xc  radio.o [1]
  .far_func.text     ro code  0x016baa     0xc  radio.o [1]
  .far_func.text     ro code  0x016bb6     0xc  radio.o [1]
  .far_func.text     ro code  0x016bc2     0xc  Region.o [1]
  .far_func.text     ro code  0x016bce     0xc  RegionCN470A.o [1]
  .far_func.text     ro code  0x016bda     0xc  RegionCN470A.o [1]
  .far_func.text     ro code  0x016be6     0xc  RegionCN470A.o [1]
  .far_func.text     ro code  0x016bf2     0xc  stm8l15x_rtc.o [1]
  .far_func.text     ro code  0x016bfe     0xc  sx1262-board.o [1]
  .far_func.text     ro code  0x016c0a     0xc  sx126x.o [1]
  .far_func.text     ro code  0x016c16     0xc  sx126x.o [1]
  .far_func.text     ro code  0x016c22     0xc  char.o [5]
  .far_func.text     ro code  0x016c2e     0xc  xprintffull.o [5]
  .far_func.text     ro code  0x016c3a     0xc  xlog.o [5]
  .far_func.text     ro code  0x016c46     0xc  switch.o [5]
  .far_func.text     ro code  0x016c52     0xb  aes.o [1]
  .far_func.text     ro code  0x016c5d     0xb  at_command.o [1]
  .far_func.text     ro code  0x016c68     0xb  at_command.o [1]
  .far_func.text     ro code  0x016c73     0xb  at_command.o [1]
  .far_func.text     ro code  0x016c7e     0xb  at_command.o [1]
  .far_func.text     ro code  0x016c89     0xb  at_command.o [1]
  .far_func.text     ro code  0x016c94     0xb  at_command.o [1]
  .far_func.text     ro code  0x016c9f     0xb  board.o [1]
  .far_func.text     ro code  0x016caa     0xb  gpio-board.o [1]
  .far_func.text     ro code  0x016cb5     0xb  LoRaMac.o [1]
  .far_func.text     ro code  0x016cc0     0xb  LoRaMac.o [1]
  .far_func.text     ro code  0x016ccb     0xb  LoRaMac.o [1]
  .far_func.text     ro code  0x016cd6     0xb  LoRaMac.o [1]
  .far_func.text     ro code  0x016ce1     0xb  LoRaMac.o [1]
  .far_func.text     ro code  0x016cec     0xb  lwan_config.o [1]
  .far_func.text     ro code  0x016cf7     0xb  lwan_config.o [1]
  .far_func.text     ro code  0x016d02     0xb  lwan_config.o [1]
  .far_func.text     ro code  0x016d0d     0xb  radio.o [1]
  .far_func.text     ro code  0x016d18     0xb  radio.o [1]
  .far_func.text     ro code  0x016d23     0xb  radio.o [1]
  .far_func.text     ro code  0x016d2e     0xb  radio.o [1]
  .far_func.text     ro code  0x016d39     0xb  Region.o [1]
  .far_func.text     ro code  0x016d44     0xb  RegionCN470A.o [1]
  .far_func.text     ro code  0x016d4f     0xb  RegionCN470A.o [1]
  .far_func.text     ro code  0x016d5a     0xb  RegionCN470A.o [1]
  .far_func.text     ro code  0x016d65     0xb  RegionCN470A.o [1]
  .far_func.text     ro code  0x016d70     0xb  RegionCN470A.o [1]
  .far_func.text     ro code  0x016d7b     0xb  RegionCN470A.o [1]
  .far_func.text     ro code  0x016d86     0xb  RegionCN470A.o [1]
  .far_func.text     ro code  0x016d91     0xb  RegionCN470A.o [1]
  .far_func.text     ro code  0x016d9c     0xb  RegionCommon.o [1]
  .far_func.text     ro code  0x016da7     0xb  stm8l15x_exti.o [1]
  .far_func.text     ro code  0x016db2     0xb  stm8l15x_flash.o [1]
  .far_func.text     ro code  0x016dbd     0xb  stm8l15x_it.o [1]
  .far_func.text     ro code  0x016dc8     0xb  stm8l15x_rtc.o [1]
  .far_func.text     ro code  0x016dd3     0xb  stm8l15x_usart.o [1]
  .far_func.text     ro code  0x016dde     0xb  sx1262-board.o [1]
  .far_func.text     ro code  0x016de9     0xb  sx1262-board.o [1]
  .far_func.text     ro code  0x016df4     0xb  sx126x.o [1]
  .far_func.text     ro code  0x016dff     0xb  timer.o [1]
  .far_func.text     ro code  0x016e0a     0xb  timer.o [1]
  .far_func.text     ro code  0x016e15     0xb  xprintffull.o [5]
  .far_func.text     ro code  0x016e20     0xb  xprintffull.o [5]
  .far_func.text     ro code  0x016e2b     0xb  xprintffull.o [5]
  .far_func.text     ro code  0x016e36     0xb  xprintffull.o [5]
  .far_func.text     ro code  0x016e41     0xb  xprintffull.o [5]
  .far_func.text     ro code  0x016e4c     0xb  xprintffull.o [5]
  .far_func.text     ro code  0x016e57     0xb  xsprout.o [5]
  .far_func.text     ro code  0x016e62     0xa  aes.o [1]
  .far_func.text     ro code  0x016e6c     0xa  linkwan.o [1]
  .far_func.text     ro code  0x016e76     0xa  linkwan.o [1]
  .far_func.text     ro code  0x016e80     0xa  linkwan.o [1]
  .far_func.text     ro code  0x016e8a     0xa  LoRaMac.o [1]
  .far_func.text     ro code  0x016e94     0xa  LoRaMac.o [1]
  .far_func.text     ro code  0x016e9e     0xa  LoRaMac.o [1]
  .far_func.text     ro code  0x016ea8     0xa  LoRaMac.o [1]
  .far_func.text     ro code  0x016eb2     0xa  radio.o [1]
  .far_func.text     ro code  0x016ebc     0xa  radio.o [1]
  .far_func.text     ro code  0x016ec6     0xa  Region.o [1]
  .far_func.text     ro code  0x016ed0     0xa  Region.o [1]
  .far_func.text     ro code  0x016eda     0xa  Region.o [1]
  .far_func.text     ro code  0x016ee4     0xa  Region.o [1]
  .far_func.text     ro code  0x016eee     0xa  Region.o [1]
  .far_func.text     ro code  0x016ef8     0xa  Region.o [1]
  .far_func.text     ro code  0x016f02     0xa  Region.o [1]
  .far_func.text     ro code  0x016f0c     0xa  Region.o [1]
  .far_func.text     ro code  0x016f16     0xa  Region.o [1]
  .far_func.text     ro code  0x016f20     0xa  Region.o [1]
  .far_func.text     ro code  0x016f2a     0xa  Region.o [1]
  .far_func.text     ro code  0x016f34     0xa  RegionCN470A.o [1]
  .far_func.text     ro code  0x016f3e     0xa  RegionCN470A.o [1]
  .far_func.text     ro code  0x016f48     0xa  RegionCN470A.o [1]
  .far_func.text     ro code  0x016f52     0xa  RegionCN470A.o [1]
  .far_func.text     ro code  0x016f5c     0xa  RegionCommon.o [1]
  .far_func.text     ro code  0x016f66     0xa  stm8l15x_clk.o [1]
  .far_func.text     ro code  0x016f70     0xa  stm8l15x_rtc.o [1]
  .far_func.text     ro code  0x016f7a     0xa  stm8l15x_usart.o [1]
  .far_func.text     ro code  0x016f84     0xa  sx1262-board.o [1]
  .far_func.text     ro code  0x016f8e     0xa  sx1262-board.o [1]
  .far_func.text     ro code  0x016f98     0xa  sx1262-board.o [1]
  .far_func.text     ro code  0x016fa2     0xa  sx126x.o [1]
  .far_func.text     ro code  0x016fac     0xa  timer.o [1]
  .far_func.text     ro code  0x016fb6     0xa  far.o [5]
  .far_func.text     ro code  0x016fc0     0x9  aes.o [1]
  .far_func.text     ro code  0x016fc9     0x9  aes.o [1]
  .far_func.text     ro code  0x016fd2     0x9  at_command.o [1]
  .far_func.text     ro code  0x016fdb     0x9  at_command.o [1]
  .far_func.text     ro code  0x016fe4     0x9  at_command.o [1]
  .far_func.text     ro code  0x016fed     0x9  at_command.o [1]
  .far_func.text     ro code  0x016ff6     0x9  at_command.o [1]
  .far_func.text     ro code  0x016fff     0x9  board.o [1]
  .far_func.text     ro code  0x017008     0x9  LoRaMac.o [1]
  .far_func.text     ro code  0x017011     0x9  LoRaMac.o [1]
  .far_func.text     ro code  0x01701a     0x9  LoRaMac.o [1]
  .far_func.text     ro code  0x017023     0x9  lwan_config.o [1]
  .far_func.text     ro code  0x01702c     0x9  Region.o [1]
  .far_func.text     ro code  0x017035     0x9  Region.o [1]
  .far_func.text     ro code  0x01703e     0x9  Region.o [1]
  .far_func.text     ro code  0x017047     0x9  Region.o [1]
  .far_func.text     ro code  0x017050     0x9  Region.o [1]
  .far_func.text     ro code  0x017059     0x9  RegionCN470A.o [1]
  .far_func.text     ro code  0x017062     0x9  RegionCN470A.o [1]
  .far_func.text     ro code  0x01706b     0x9  RegionCN470A.o [1]
  .far_func.text     ro code  0x017074     0x9  RegionCN470A.o [1]
  .far_func.text     ro code  0x01707d     0x9  RegionCN470A.o [1]
  .far_func.text     ro code  0x017086     0x9  RegionCN470A.o [1]
  .far_func.text     ro code  0x01708f     0x9  RegionCN470A.o [1]
  .far_func.text     ro code  0x017098     0x9  spi-board.o [1]
  .far_func.text     ro code  0x0170a1     0x9  stm8l15x_rtc.o [1]
  .far_func.text     ro code  0x0170aa     0x9  stm8l15x_rtc.o [1]
  .far_func.text     ro code  0x0170b3     0x9  stm8l15x_rtc.o [1]
  .far_func.text     ro code  0x0170bc     0x9  sx1262-board.o [1]
  .far_func.text     ro code  0x0170c5     0x9  sx1262-board.o [1]
  .far_func.text     ro code  0x0170ce     0x9  sx1262-board.o [1]
  .far_func.text     ro code  0x0170d7     0x9  sx1262-board.o [1]
  .far_func.text     ro code  0x0170e0     0x9  sx1262-board.o [1]
  .far_func.text     ro code  0x0170e9     0x9  sx1262-board.o [1]
  .far_func.text     ro code  0x0170f2     0x9  sx126x.o [1]
  .far_func.text     ro code  0x0170fb     0x9  sx126x.o [1]
  .far_func.text     ro code  0x017104     0x9  sx126x.o [1]
  .far_func.text     ro code  0x01710d     0x9  sx126x.o [1]
  .far_func.text     ro code  0x017116     0x9  xprintffull.o [5]
  .far_func.text     ro code  0x01711f     0x9  xprintffull.o [5]
  .far_func.text     ro code  0x017128     0x8  aes.o [1]
  .far_func.text     ro code  0x017130     0x8  aes.o [1]
  .far_func.text     ro code  0x017138     0x8  at_command.o [1]
  .far_func.text     ro code  0x017140     0x8  at_command.o [1]
  .far_func.text     ro code  0x017148     0x8  at_command.o [1]
  .far_func.text     ro code  0x017150     0x8  at_command.o [1]
  .far_func.text     ro code  0x017158     0x8  at_command.o [1]
  .far_func.text     ro code  0x017160     0x8  at_command.o [1]
  .far_func.text     ro code  0x017168     0x8  board.o [1]
  .far_func.text     ro code  0x017170     0x8  linkwan.o [1]
  .far_func.text     ro code  0x017178     0x8  linkwan.o [1]
  .far_func.text     ro code  0x017180     0x8  linkwan.o [1]
  .far_func.text     ro code  0x017188     0x8  linkwan.o [1]
  .far_func.text     ro code  0x017190     0x8  linkwan.o [1]
  .far_func.text     ro code  0x017198     0x8  linkwan.o [1]
  .far_func.text     ro code  0x0171a0     0x8  linkwan.o [1]
  .far_func.text     ro code  0x0171a8     0x8  LoRaMac.o [1]
  .far_func.text     ro code  0x0171b0     0x8  LoRaMac.o [1]
  .far_func.text     ro code  0x0171b8     0x8  LoRaMac.o [1]
  .far_func.text     ro code  0x0171c0     0x8  LoRaMac.o [1]
  .far_func.text     ro code  0x0171c8     0x8  LoRaMac.o [1]
  .far_func.text     ro code  0x0171d0     0x8  LoRaMac.o [1]
  .far_func.text     ro code  0x0171d8     0x8  lwan_config.o [1]
  .far_func.text     ro code  0x0171e0     0x8  radio.o [1]
  .far_func.text     ro code  0x0171e8     0x8  radio.o [1]
  .far_func.text     ro code  0x0171f0     0x8  radio.o [1]
  .far_func.text     ro code  0x0171f8     0x8  RegionCommon.o [1]
  .far_func.text     ro code  0x017200     0x8  spi-board.o [1]
  .far_func.text     ro code  0x017208     0x8  stm8l15x_rtc.o [1]
  .far_func.text     ro code  0x017210     0x8  stm8l15x_rtc.o [1]
  .far_func.text     ro code  0x017218     0x8  stm8l15x_rtc.o [1]
  .far_func.text     ro code  0x017220     0x8  sx1262-board.o [1]
  .far_func.text     ro code  0x017228     0x8  sx126x.o [1]
  .far_func.text     ro code  0x017230     0x8  timer.o [1]
  .far_func.text     ro code  0x017238     0x8  xprintffull.o [5]
  .far_func.text     ro code  0x017240     0x7  aes.o [1]
  .far_func.text     ro code  0x017247     0x7  aes.o [1]
  .far_func.text     ro code  0x01724e     0x7  at_command.o [1]
  .far_func.text     ro code  0x017255     0x7  at_command.o [1]
  .far_func.text     ro code  0x01725c     0x7  at_command.o [1]
  .far_func.text     ro code  0x017263     0x7  at_command.o [1]
  .far_func.text     ro code  0x01726a     0x7  at_command.o [1]
  .far_func.text     ro code  0x017271     0x7  linkwan.o [1]
  .far_func.text     ro code  0x017278     0x7  linkwan.o [1]
  .far_func.text     ro code  0x01727f     0x7  linkwan.o [1]
  .far_func.text     ro code  0x017286     0x7  LoRaMac.o [1]
  .far_func.text     ro code  0x01728d     0x7  LoRaMac.o [1]
  .far_func.text     ro code  0x017294     0x7  LoRaMac.o [1]
  .far_func.text     ro code  0x01729b     0x7  LoRaMac.o [1]
  .far_func.text     ro code  0x0172a2     0x7  lwan_config.o [1]
  .far_func.text     ro code  0x0172a9     0x7  radio.o [1]
  .far_func.text     ro code  0x0172b0     0x7  radio.o [1]
  .far_func.text     ro code  0x0172b7     0x7  RegionCN470A.o [1]
  .far_func.text     ro code  0x0172be     0x7  stm8l15x_gpio.o [1]
  .far_func.text     ro code  0x0172c5     0x7  stm8l15x_it.o [1]
  .far_func.text     ro code  0x0172cc     0x7  sx126x.o [1]
  .far_func.text     ro code  0x0172d3     0x7  sx126x.o [1]
  .far_func.text     ro code  0x0172da     0x7  sx126x.o [1]
  .far_func.text     ro code  0x0172e1     0x7  timer.o [1]
  .far_func.text     ro code  0x0172e8     0x7  utilities.o [1]
  .far_func.text     ro code  0x0172ef     0x7  xprintffull.o [5]
  .far_func.text     ro code  0x0172f6     0x6  aes.o [1]
  .far_func.text     ro code  0x0172fc     0x6  aes.o [1]
  .far_func.text     ro code  0x017302     0x6  at_command.o [1]
  .far_func.text     ro code  0x017308     0x6  linkwan.o [1]
  .far_func.text     ro code  0x01730e     0x6  LoRaMac.o [1]
  .far_func.text     ro code  0x017314     0x6  lwan_config.o [1]
  .far_func.text     ro code  0x01731a     0x6  radio.o [1]
  .far_func.text     ro code  0x017320     0x6  RegionCN470A.o [1]
  .far_func.text     ro code  0x017326     0x6  stm8l15x_rtc.o [1]
  .far_func.text     ro code  0x01732c     0x6  sx1262-board.o [1]
  .far_func.text     ro code  0x017332     0x6  cexit.o [5]
  .far_func.text     ro code  0x017338     0x5  at_command.o [1]
  .far_func.text     ro code  0x01733d     0x5  at_command.o [1]
  .far_func.text     ro code  0x017342     0x5  board.o [1]
  .far_func.text     ro code  0x017347     0x5  linkwan.o [1]
  .far_func.text     ro code  0x01734c     0x5  LoRaMac.o [1]
  .far_func.text     ro code  0x017351     0x5  lwan_config.o [1]
  .far_func.text     ro code  0x017356     0x5  radio.o [1]
  .far_func.text     ro code  0x01735b     0x5  radio.o [1]
  .far_func.text     ro code  0x017360     0x5  radio.o [1]
  .far_func.text     ro code  0x017365     0x5  RegionCN470A.o [1]
  .far_func.text     ro code  0x01736a     0x5  stm8l15x_spi.o [1]
  .far_func.text     ro code  0x01736f     0x5  stm8l15x_spi.o [1]
  .far_func.text     ro code  0x017374     0x5  stm8l15x_usart.o [1]
  .far_func.text     ro code  0x017379     0x5  sx1262-board.o [1]
  .far_func.text     ro code  0x01737e     0x4  delay.o [1]
  .far_func.text     ro code  0x017382     0x4  gpio.o [1]
  .far_func.text     ro code  0x017386     0x4  gpio.o [1]
  .far_func.text     ro code  0x01738a     0x4  gpio.o [1]
  .far_func.text     ro code  0x01738e     0x4  gpio.o [1]
  .far_func.text     ro code  0x017392     0x4  linkwan.o [1]
  .far_func.text     ro code  0x017396     0x4  radio.o [1]
  .far_func.text     ro code  0x01739a     0x4  radio.o [1]
  .far_func.text     ro code  0x01739e     0x4  radio.o [1]
  .far_func.text     ro code  0x0173a2     0x4  radio.o [1]
  .far_func.text     ro code  0x0173a6     0x4  stm8l15x_clk.o [1]
  .far_func.text     ro code  0x0173aa     0x4  stm8l15x_flash.o [1]
  .far_func.text     ro code  0x0173ae     0x4  sx126x.o [1]
  .far_func.text     ro code  0x0173b2     0x4  sx126x.o [1]
  .far_func.text     ro code  0x0173b6     0x4  sx126x.o [1]
  .far_func.text     ro code  0x0173ba     0x4  timer.o [1]
  .far_func.text     ro code  0x0173be     0x4  timer.o [1]
  .far_func.text     ro code  0x0173c2     0x4  exit.o [5]
  .far_func.text     ro code  0x0173c6     0x3  board.o [1]
  .far_func.text     ro code  0x0173c9     0x3  radio.o [1]
  .far_func.text     ro code  0x0173cc     0x3  RegionCN470A.o [1]
  .far_func.text     ro code  0x0173cf     0x3  stm8l15x_usart.o [1]
  .far_func.text     ro code  0x0173d2     0x3  stm8l15x_usart.o [1]
  .far_func.text     ro code  0x0173d5     0x3  sx1262-board.o [1]
  .far_func.text     ro code  0x0173d8     0x3  low_level_init.o [5]
  .far_func.text     ro code  0x0173db     0x3  unhandled_exception.o [5]
  .far_func.text     ro code  0x0173de     0x2  board.o [1]
  .far_func.text     ro code  0x0173e0     0x2  board.o [1]
  .far_func.text     ro code  0x0173e2     0x2  board.o [1]
  .far_func.text     ro code  0x0173e4     0x1  stm8l15x_it.o [1]
  .far_func.text     ro code  0x0173e5     0x1  stm8l15x_it.o [1]
  .far_func.text     ro code  0x0173e6     0x1  stm8l15x_it.o [1]
  .far_func.text     ro code  0x0173e7     0x1  stm8l15x_it.o [1]
  .far_func.text     ro code  0x0173e8     0x1  stm8l15x_it.o [1]
  .far_func.text     ro code  0x0173e9     0x1  stm8l15x_it.o [1]
  .far_func.text     ro code  0x0173ea     0x1  stm8l15x_it.o [1]
  .far_func.text     ro code  0x0173eb     0x1  stm8l15x_it.o [1]
  .far_func.text     ro code  0x0173ec     0x1  stm8l15x_it.o [1]
  .far_func.text     ro code  0x0173ed     0x1  stm8l15x_it.o [1]
  .far_func.text     ro code  0x0173ee     0x1  stm8l15x_it.o [1]
  .far_func.text     ro code  0x0173ef     0x1  stm8l15x_it.o [1]
  .far_func.text     ro code  0x0173f0     0x1  stm8l15x_it.o [1]
  .far_func.text     ro code  0x0173f1     0x1  stm8l15x_it.o [1]
  .far_func.text     ro code  0x0173f2     0x1  stm8l15x_it.o [1]
  .far_func.text     ro code  0x0173f3     0x1  stm8l15x_it.o [1]
  .far_func.text     ro code  0x0173f4     0x1  stm8l15x_it.o [1]
  .far_func.text     ro code  0x0173f5     0x1  stm8l15x_it.o [1]
  .far_func.text     ro code  0x0173f6     0x1  stm8l15x_it.o [1]
  .far_func.text     ro code  0x0173f7     0x1  __dbg_break.o [4]
                            - 0x0173f8  0x73f8


*******************************************************************************
*** INIT TABLE
***

          Address   Size
          -------   ----
Zero (__iar_zero_init2)
    1 destination range, total size 0xb85:
          0x000204  0xb85

Copy (__iar_copy_init2)
    1 source range, total size 0x1f4:
          0x008080  0x1f4
    1 destination range, total size 0x1f4:
          0x000010  0x1f4



*******************************************************************************
*** MODULE SUMMARY
***

    Module                 ro code  ro data  rw data
    ------                 -------  -------  -------
D:\6_workSpace\55_lora\4_node\3_ASR6505\7_code\github\asr6505_sdk_at_linkwan\Projects\LoRaATCmd\EWSTM8\Debug\Obj: [1]
    LoRaMac.o               10 313       19    1 180
    LoRaMacCrypto.o            807       32      582
    Region.o                   243        4
    RegionCN470A.o           4 937      444      446
    RegionCommon.o           1 239
    aes.o                    1 899      768
    at_command.o             4 620    1 377      126
    board.o                    791        8       44
    cmac.o                     818
    delay-board.o               54
    delay.o                      4
    gpio-board.o               659                48
    gpio.o                      16
    linkwan.o                3 679      766      160
    lwan_config.o            3 240      134      127
    main.o                     171       80       16
    radio.o                  2 674      284      513
    spi-board.o                629                11
    stm8l15x_clk.o             314        5
    stm8l15x_exti.o            387
    stm8l15x_flash.o            56
    stm8l15x_gpio.o            146
    stm8l15x_it.o              492               125
    stm8l15x_pwr.o              13
    stm8l15x_rtc.o           1 436
    stm8l15x_spi.o             115
    stm8l15x_syscfg.o           73
    stm8l15x_usart.o           435
    sx1262-board.o             918                10
    sx126x.o                 1 951       17        7
    timer.o                    881                 3
    utilities.o                222        4        4
    ------------------------------------------------
    Total:                  44 232    3 942    3 402

command line: [2]
    ------------------------------------------------
    Total:

asrlib.a: [3]
    rtc-board.o              1 996       40       45
    ------------------------------------------------
    Total:                   1 996       40       45

dbgstm8mmd.a: [4]
    __dbg_break.o                1
    __dbg_xxexit.o              22
    ------------------------------------------------
    Total:                      23

dlstm8mmn.a: [5]
    ceil.o                      70
    cexit.o                      6
    char.o                      12
    cstartup.o                  23
    dc_util.o                   88
    div.o                       52
    errno.o                                        2
    exit.o                       4
    far.o                       10
    far_util.o                 106
    float.o                  1 293
    float_libsup.o             386
    floor.o                     70
    init.o                      30
    init_small.o                70
    interrupt.o                         128
    long.o                     642
    long_util.o                212
    low_level_init.o             3
[...]
SX126xSetLoRaSymbNumTimeout
                        0x01689e   0x10  Code  Gb  sx126x.o [1]
SX126xSetModulationParams
                        0x013561   0xc3  Code  Gb  sx126x.o [1]
SX126xSetOperatingMode  0x0173b2    0x4  Code  Gb  sx126x.o [1]
SX126xSetPacketParams   0x011cea  0x143  Code  Gb  sx126x.o [1]
SX126xSetPacketType     0x016b48    0xd  Code  Gb  sx126x.o [1]
SX126xSetRegulatorMode  0x0168ae   0x10  Code  Gb  sx126x.o [1]
SX126xSetRfFrequency    0x01622e   0x45  Code  Gb  sx126x.o [1]
SX126xSetRfTxPower      0x017220    0x8  Code  Gb  sx1262-board.o [1]
SX126xSetRx             0x00f491   0x1e  Code  Gb  sx126x.o [1]
SX126xSetRxBoosted      0x00ec31   0x32  Code  Gb  sx126x.o [1]
SX126xSetRxDutyCycle    0x00eef6   0x2d  Code  Gb  sx126x.o [1]
SX126xSetSleep          0x00f960   0x17  Code  Gb  sx126x.o [1]
SX126xSetStandby        0x00f775   0x1b  Code  Gb  sx126x.o [1]
SX126xSetStopRxTimerOnPreambleDetect
                        0x0166b0   0x13  Code  Gb  sx126x.o [1]
SX126xSetSyncWord       0x01680d   0x11  Code  Gb  sx126x.o [1]
SX126xSetTxContinuousWave
                        0x017104    0x9  Code  Gb  sx126x.o [1]
SX126xSetTxParams       0x012f20   0xd1  Code  Gb  sx126x.o [1]
SX126xSetWhiteningSeed  0x00eacc   0x34  Code  Gb  sx126x.o [1]
SX126xWaitOnBusy        0x016de9    0xb  Code  Gb  sx1262-board.o [1]
SX126xWakeup            0x00f263   0x24  Code  Gb  sx1262-board.o [1]
SX126xWriteBuffer       0x00ebff   0x32  Code  Gb  sx1262-board.o [1]
SX126xWriteCommand      0x01649f   0x3a  Code  Gb  sx1262-board.o [1]
SX126xWriteRegister     0x00f04d   0x29  Code  Gb  sx1262-board.o [1]
SX126xWriteRegisters    0x00ed25   0x30  Code  Gb  sx1262-board.o [1]
SYSCFG_REMAPPinConfig   0x016110   0x49  Code  Gb  stm8l15x_syscfg.o [1]
SYSDivFactor            0x00907b    0x5  Data  Gb  stm8l15x_clk.o [1]
ScheduleTx              0x0090c1  0x18a  Code  Lc  LoRaMac.o [1]
SecondsInDay            0x009088    0x4  Data  Lc  rtc-board.o [3]
SecondsInHour           0x0090b7    0x2  Data  Lc  rtc-board.o [3]
SecondsInLeapYear       0x00908c    0x4  Data  Lc  rtc-board.o [3]
SecondsInMinute         0x0090bf    0x1  Data  Lc  rtc-board.o [3]
SecondsInYear           0x009090    0x4  Data  Lc  rtc-board.o [3]
Send                    0x009abe   0x47  Code  Gb  LoRaMac.o [1]
SendFrameOnChannel      0x013b37   0xaf  Code  Gb  LoRaMac.o [1]
SetTxContinuousWave     0x009b05   0x43  Code  Gb  LoRaMac.o [1]
SetTxContinuousWave1    0x009b48   0x13  Code  Gb  LoRaMac.o [1]
SpiDeInit               0x01482f   0x84  Code  Gb  spi-board.o [1]
SpiInOut                0x015f4e   0x4c  Code  Gb  spi-board.o [1]
SpiInit                 0x01164a  0x16a  Code  Gb  spi-board.o [1]
SpiInitialized          0x000d7c    0x1  Data  Lc  spi-board.o [1]
SrvAckRequested         0x000d64    0x1  Data  Lc  LoRaMac.o [1]
SystemWakeupTimeCalibrated
                        0x000d56    0x1  Data  Lc  board.o [1]
TIM1_CAP_IRQHandler     0x0173f1    0x1  Code  Gb  stm8l15x_it.o [1]
TIM1_UPD_OVF_TRG_COM_IRQHandler
                        0x0173f0    0x1  Code  Gb  stm8l15x_it.o [1]
TIM2_CAP_IRQHandler     0x015f9a   0x4c  Code  Gb  stm8l15x_it.o [1]
TIM2_UPD_OVF_TRG_BRK_IRQHandler
                        0x0173ee    0x1  Code  Gb  stm8l15x_it.o [1]
TIM3_CAP_IRQHandler     0x015fe6   0x4c  Code  Gb  stm8l15x_it.o [1]
TIM3_UPD_OVF_TRG_BRK_IRQHandler
                        0x0173ef    0x1  Code  Gb  stm8l15x_it.o [1]
TIM4_UPD_OVF_TRG_IRQHandler
                        0x0173f2    0x1  Code  Gb  stm8l15x_it.o [1]
TRAP_IRQHandler         0x0173e5    0x1  Code  Gb  stm8l15x_it.o [1]
TestRadioEvents         0x000b4f   0x15  Data  Lc  board.o [1]
TimerGetCurrentTime     0x0173ba    0x4  Code  Gb  timer.o [1]
TimerGetElapsedTime     0x0173be    0x4  Code  Gb  timer.o [1]
TimerInit               0x00ef4f   0x2c  Code  Gb  timer.o [1]
TimerInsertNewHeadTimer
                        0x016513   0x3a  Code  Lc  timer.o [1]
TimerInsertTimer        0x0141bd   0xa1  Code  Lc  timer.o [1]
TimerIrqHandler         0x014562   0x96  Code  Gb  timer.o [1]
TimerListHead           0x000d4e    0x2  Data  Lc  timer.o [1]
TimerLowPowerHandler    0x00efd1   0x2a  Code  Gb  timer.o [1]
TimerSetValue           0x00f708   0x1c  Code  Gb  timer.o [1]
TimerStart              0x0147a9   0x86  Code  Gb  timer.o [1]
TimerStop               0x0139d2   0xb5  Code  Gb  timer.o [1]
TxChannels              0x000707   0xa0  Data  Lc  RegionCN470A.o [1]
TxDelayedTimer          0x000c43    0xe  Data  Lc  LoRaMac.o [1]
TxFreqBandNum           0x000d77    0x1  Data  Lc  RegionCN470A.o [1]
TxNextPacketTimer       0x000c27    0xe  Data  Lc  linkwan.o [1]
TxTimeOnAir             0x000cfb    0x4  Data  Gb  LoRaMac.o [1]
TxTimeout               0x000cff    0x4  Data  Gb  radio.o [1]
TxTimeoutTimer          0x000c7b    0xe  Data  Gb  radio.o [1]
USART1_RX_IRQHandler    0x0173f5    0x1  Code  Gb  stm8l15x_it.o [1]
USART1_TX_IRQHandler    0x0173f4    0x1  Code  Gb  stm8l15x_it.o [1]
USART_ClearITPendingBit
                        0x017374    0x5  Code  Gb  stm8l15x_usart.o [1]
USART_Cmd               0x01686e   0x10  Code  Gb  stm8l15x_usart.o [1]
USART_DeInit            0x00f2cf   0x23  Code  Gb  stm8l15x_usart.o [1]
USART_GetFlagStatus     0x00f57e   0x1d  Code  Gb  stm8l15x_usart.o [1]
USART_GetITStatus       0x015401   0x64  Code  Gb  stm8l15x_usart.o [1]
USART_ITConfig          0x015820   0x5d  Code  Gb  stm8l15x_usart.o [1]
USART_Init              0x014936   0x82  Code  Gb  stm8l15x_usart.o [1]
USART_ReceiveData8      0x0173cf    0x3  Code  Gb  stm8l15x_usart.o [1]
USART_SendData8         0x0173d2    0x3  Code  Gb  stm8l15x_usart.o [1]
UartEnterLowPowerStopMode
                        0x0149b8   0x6a  Code  Gb  board.o [1]
UartLowPowerDisableDuringTask
                        0x000091    0x1  Data  Lc  board.o [1]
UartLowPowerHandler     0x014a22   0x17  Code  Gb  board.o [1]
UpLinkCounter           0x000cd7    0x4  Data  Lc  LoRaMac.o [1]
WakeUpTimeInitialized   0x000d87    0x1  Data  Gb  rtc-board.o [3]
_GenldFull              0x00c8ae  0x3b0  Code  Lc  xprintffull.o [5]
_LdtobFull              0x00bc0a  0x47a  Code  Lc  xprintffull.o [5]
_LitobFull              0x011084  0x181  Code  Lc  xprintffull.o [5]
_PrintfFull             0x00c084  0x477  Code  Gb  xprintffull.o [5]
_Prout                  0x00f3fa   0x1f  Code  Gb  xprout.o [5]
_PutcharFull            0x00ee9b   0x2e  Code  Lc  xprintffull.o [5]
_PutcharsFull           0x016374   0x3e  Code  Lc  xprintffull.o [5]
_SProut                 0x016e57    0xb  Code  Gb  xsprout.o [5]
__DebugBreak            0x0173f7    0x1  Code  Gb  __dbg_break.o [4]
__exit                  0x00fa2a   0x16  Code  Gb  __dbg_xxexit.o [4]
__iar_Dint              0x013185   0xc9  Code  Gb  xdint.o [5]
__iar_Dnorm             0x010f22         Code  Gb  float_libsup.o [5]
__iar_Dscale            0x010fb0         Code  Gb  float_libsup.o [5]
__iar_Dtest             0x010f02         Code  Gb  float_libsup.o [5]
__iar_Dunscale          0x010f5e         Code  Gb  float_libsup.o [5]
__iar_Errno             0x000d50    0x2  Data  Gb  errno.o [5]
__iar_Exp               0x00db09  0x26b  Code  Gb  xexp.o [5]
__iar_Logpoly           0x016c3a    0xc  Code  Gb  xlog.o [5]
__iar_Memchr            0x00f379   0x21  Code  Gb  memchr.o [5]
__iar_Stolx             0x012e4c   0xd4  Code  Gb  xstol.o [5]
__iar_Stoulx            0x00e850  0x1dc  Code  Gb  xstoul.o [5]
__iar_Strchr            0x00fafd   0x15  Code  Gb  strchr.o [5]
__iar_Strstr            0x0155e8   0x60  Code  Gb  strstr.o [5]
__iar_copy_init2        0x00f116         Code  Gb  init_small.o [5]
__iar_data_init2        0x00f4eb   0x1e  Code  Gb  init.o [5]
__iar_program_start     0x00f9a5         Code  Gb  cstartup.o [5]
__iar_unhandled_exception
                        0x0173db         Code  Gb  unhandled_exception.o [5]
__iar_zero_init2        0x00f509         Code  Gb  init_small.o [5]
__intvec                0x008000         Data  Gb  interrupt.o [5]
__low_level_init        0x0173d8    0x3  Code  Gb  low_level_init.o [5]
_exit                   0x017332         Code  Gb  cexit.o [5]
_interrupt_1            0x0173e5         Code  Gb  stm8l15x_it.o [1]
_interrupt_10           0x00f75a         Code  Gb  stm8l15x_it.o [1]
_interrupt_11           0x00f5d4         Code  Gb  stm8l15x_it.o [1]
_interrupt_12           0x00f5f0         Code  Gb  stm8l15x_it.o [1]
_interrupt_13           0x00f60c         Code  Gb  stm8l15x_it.o [1]
_interrupt_14           0x00f628         Code  Gb  stm8l15x_it.o [1]
_interrupt_15           0x00f644         Code  Gb  stm8l15x_it.o [1]
_interrupt_16           0x00f660         Code  Gb  stm8l15x_it.o [1]
_interrupt_17           0x00f67c         Code  Gb  stm8l15x_it.o [1]
_interrupt_18           0x0173eb         Code  Gb  stm8l15x_it.o [1]
_interrupt_19           0x0173ec         Code  Gb  stm8l15x_it.o [1]
_interrupt_2            0x0173e4         Code  Gb  stm8l15x_it.o [1]
_interrupt_20           0x0173ed         Code  Gb  stm8l15x_it.o [1]
_interrupt_21           0x0173ee         Code  Gb  stm8l15x_it.o [1]
_interrupt_22           0x015f9a         Code  Gb  stm8l15x_it.o [1]
_interrupt_23           0x0173ef         Code  Gb  stm8l15x_it.o [1]
_interrupt_24           0x015fe6         Code  Gb  stm8l15x_it.o [1]
_interrupt_25           0x0173f0         Code  Gb  stm8l15x_it.o [1]
_interrupt_26           0x0173f1         Code  Gb  stm8l15x_it.o [1]
_interrupt_27           0x0173f2         Code  Gb  stm8l15x_it.o [1]
_interrupt_28           0x0173f3         Code  Gb  stm8l15x_it.o [1]
_interrupt_29           0x0173f4         Code  Gb  stm8l15x_it.o [1]
_interrupt_3            0x0173e6         Code  Gb  stm8l15x_it.o [1]
_interrupt_30           0x0173f5         Code  Gb  stm8l15x_it.o [1]
_interrupt_31           0x0173f6         Code  Gb  stm8l15x_it.o [1]
_interrupt_4            0x0173e7         Code  Gb  stm8l15x_it.o [1]
_interrupt_5            0x0173e8         Code  Gb  stm8l15x_it.o [1]
_interrupt_6            0x00f39a         Code  Gb  stm8l15x_it.o [1]
_interrupt_7            0x0173e9         Code  Gb  stm8l15x_it.o [1]
_interrupt_8            0x00f3ba         Code  Gb  stm8l15x_it.o [1]
_interrupt_9            0x0173ea         Code  Gb  stm8l15x_it.o [1]
aBlock                  0x0000b0   0x10  Data  Lc  LoRaMacCrypto.o [1]
aes_encrypt             0x014e75   0x71  Code  Gb  aes.o [1]
aes_set_key             0x011a5a  0x14b  Code  Gb  aes.o [1]
app_callbacks           0x000d22    0x2  Data  Lc  linkwan.o [1]
at_cadr_func            0x015039   0x71  Code  Lc  at_command.o [1]
at_cappeui_func         0x01439c   0x99  Code  Lc  at_command.o [1]
at_cappkey_func         0x0137a5   0xbc  Code  Lc  at_command.o [1]
at_cappport_func        0x01511b   0x6f  Code  Lc  at_command.o [1]
at_cappskey_func        0x013f2f   0xa4  Code  Lc  at_command.o [1]
at_cclass_func          0x014d17   0x75  Code  Lc  at_command.o [1]
at_cconfirm_func        0x01518a   0x6d  Code  Lc  at_command.o [1]
at_cdatarate_func       0x014f57   0x71  Code  Lc  at_command.o [1]
at_cdevaddr_func        0x01425e   0x9f  Code  Lc  at_command.o [1]
at_cdeveui_func         0x014435   0x97  Code  Lc  at_command.o [1]
at_cfreqbandmask_func   0x0144cc   0x96  Code  Lc  at_command.o [1]
at_cjoin_func           0x012ca1   0xd7  Code  Lc  at_command.o [1]
at_cjoinmode_func       0x014ee6   0x71  Code  Lc  at_command.o [1]
at_clinkcheck_func      0x0159e9   0x58  Code  Lc  at_command.o [1]
at_clpm_func            0x0158d9   0x5b  Code  Lc  at_command.o [1]
at_cnbtrials_func       0x013be6   0xad  Code  Lc  at_command.o [1]
at_cnwkskey_func        0x013fd3   0xa4  Code  Lc  at_command.o [1]
at_crm_func             0x013d3d   0xa8  Code  Lc  at_command.o [1]
at_crx1delay_func       0x014e01   0x74  Code  Lc  at_command.o [1]
at_crxp_func            0x013861   0xba  Code  Lc  at_command.o [1]
at_cstatus_func         0x015e19   0x4e  Code  Lc  at_command.o [1]
at_ctxp_func            0x014fc8   0x71  Code  Lc  at_command.o [1]
at_culdlmode_func       0x014ca2   0x75  Code  Lc  at_command.o [1]
at_drx_func             0x01349e   0xc3  Code  Lc  at_command.o [1]
at_dtrx_func            0x013c93   0xaa  Code  Lc  at_command.o [1]
atcmd                   0x000927   0x7a  Data  Gb  stm8l15x_it.o [1]
atcmd_index             0x000d4c    0x2  Data  Gb  stm8l15x_it.o [1]
ceil                    0x0161a2   0x46  Code  Gb  ceil.o [5]
copy_and_key            0x01271a   0xff  Code  Lc  aes.o [1]
copy_block              0x013de5   0xa5  Code  Lc  aes.o [1]
crc16                   0x00a768   0x4c  Code  Lc  lwan_config.o [1]
digits                  0x0089e3   0x25  Data  Lc  xstoul.o [5]
div                     0x00eb00   0x34  Code  Gb  div.o [5]
eeprom_write            0x00a806   0x5c  Code  Lc  lwan_config.o [1]
encrypt_lwan_dev_keys   0x012508  0x112  Code  Gb  lwan_config.o [1]
exit                    0x0173c2    0x4  Code  Gb  exit.o [5]
find_next_available_freqband_index
                        0x01468c   0x91  Code  Lc  RegionCN470A.o [1]
floor                   0x0161e8   0x46  Code  Gb  floor.o [5]
gPaOptSetting           0x000d7e    0x1  Data  Gb  sx1262-board.o [1]
g_ack_index             0x000ccb    0x4  Data  Lc  linkwan.o [1]
g_at_table              0x000010   0x7d  Data  Lc  at_command.o [1]
g_atcmd_processing      0x000d7d    0x1  Data  Gb  stm8l15x_it.o [1]
g_data_send_msg_type    0x00009c    0x1  Data  Lc  linkwan.o [1]
g_data_send_nbtrials    0x000d57    0x1  Data  Lc  linkwan.o [1]
g_freqband_num          0x000d58    0x1  Data  Lc  linkwan.o [1]
g_log_level             0x0000c0    0x1  Data  Gb  main.o [1]
g_lpm_status            0x000d52    0x1  Data  Gb  at_command.o [1]
g_lwan_dev_config       0x000bfb    0xf  Data  Lc  lwan_config.o [1]
g_lwan_dev_config_p     0x000d24    0x2  Data  Lc  linkwan.o [1]
g_lwan_dev_keys         0x0009a1   0x5a  Data  Lc  lwan_config.o [1]
g_lwan_dev_keys_p       0x000d28    0x2  Data  Lc  linkwan.o [1]
g_lwan_device_state     0x000d59    0x1  Data  Gb  linkwan.o [1]
g_lwan_device_status    0x000d5a    0x1  Data  Lc  linkwan.o [1]
g_lwan_mac_config       0x000b39   0x16  Data  Lc  lwan_config.o [1]
g_lwan_mac_config_p     0x000d26    0x2  Data  Lc  linkwan.o [1]
get_freqband_num        0x00f076   0x28  Code  Lc  linkwan.o [1]
get_next_freqband       0x015a99   0x56  Code  Lc  linkwan.o [1]
get_next_freqband       0x00a7b4   0x52  Code  Lc  lwan_config.o [1]
gfm2_sbox               0x008374  0x100  Data  Lc  aes.o [1]
gfm3_sbox               0x008474  0x100  Data  Lc  aes.o [1]
hex2bin                 0x01471d   0x8c  Code  Lc  at_command.o [1]
internal_Pow            0x00cc5e  0x358  Code  Lc  pow.o [5]
linkwan_at_init         0x017158    0x8  Code  Gb  at_command.o [1]
linkwan_at_process      0x00e1fe  0x236  Code  Gb  at_command.o [1]
linkwan_at_prompt_print
                        0x00f812   0x19  Code  Gb  at_command.o [1]
lora_fsm                0x00d31f  0x2fb  Code  Gb  linkwan.o [1]
lora_init               0x00f8ed   0x17  Code  Gb  linkwan.o [1]
lwan_data_recv          0x00f21b   0x24  Code  Gb  linkwan.o [1]
lwan_data_send          0x015b44   0x54  Code  Gb  linkwan.o [1]
lwan_dev_config_get     0x00aa8b   0x64  Code  Gb  lwan_config.o [1]
lwan_dev_config_init    0x00aa02   0x5d  Code  Gb  lwan_config.o [1]
lwan_dev_config_set     0x00aaef  0x1b7  Code  Gb  lwan_config.o [1]
lwan_dev_keys_get       0x012819   0xfa  Code  Gb  lwan_config.o [1]
lwan_dev_keys_init      0x00a992   0x70  Code  Gb  lwan_config.o [1]
lwan_dev_keys_set       0x011205  0x170  Code  Gb  lwan_config.o [1]
lwan_dev_params_update  0x00a917   0x73  Code  Gb  lwan_config.o [1]
lwan_dev_state_set      0x00f844   0x19  Code  Gb  linkwan.o [1]
lwan_dev_status_get     0x017392    0x4  Code  Gb  linkwan.o [1]
lwan_dev_status_set     0x017308    0x6  Code  Gb  linkwan.o [1]
lwan_join               0x012bc6   0xdb  Code  Gb  linkwan.o [1]
lwan_mac_config_get     0x00ad47   0xd0  Code  Gb  lwan_config.o [1]
lwan_mac_config_init    0x00acd7   0x5d  Code  Gb  lwan_config.o [1]
lwan_mac_config_set     0x00ae17  0x1d9  Code  Gb  lwan_config.o [1]
lwan_mac_params_update  0x00a882   0x95  Code  Gb  lwan_config.o [1]
lwan_mac_req_send       0x00eec9   0x2d  Code  Gb  linkwan.o [1]
main                    0x016774   0x11  Code  Gb  main.o [1]
mcps_confirm            0x015528   0x60  Code  Lc  linkwan.o [1]
mcps_indication         0x010000  0x1d6  Code  Lc  linkwan.o [1]
memcmp                  0x00ed55   0x30  Code  Gb  memcmp.o [5]
memcpy                  0x00f3da   0x20  Code  Gb  memcpy.o [5]
memcpy1                 0x00f7f8   0x1a  Code  Gb  utilities.o [1]
memcpyr                 0x00f13e   0x27  Code  Gb  utilities.o [1]
memset                  0x00fa14   0x16  Code  Gb  memset.o [5]
memset1                 0x0166c3   0x13  Code  Gb  utilities.o [1]
misoIndex               0x000d46    0x2  Data  Gb  spi-board.o [1]
mix_sub_columns         0x00dd74  0x24a  Code  Lc  aes.o [1]
mlme_confirm            0x010be4  0x191  Code  Lc  linkwan.o [1]
mlme_indication         0x016e6c    0xa  Code  Lc  linkwan.o [1]
mosiIndex               0x000d44    0x2  Data  Gb  spi-board.o [1]
ndigs                   0x008a08   0x25  Data  Lc  xstoul.o [5]
next                    0x000200    0x4  Data  Lc  utilities.o [1]
next_tx                 0x00009a    0x1  Data  Lc  linkwan.o [1]
nssIndex                0x000d4a    0x2  Data  Gb  spi-board.o [1]
on_tx_next_packet_timer_event
                        0x00f1f7   0x24  Code  Lc  linkwan.o [1]
pad                     0x0163b2   0x3d  Code  Lc  xprintffull.o [5]
pow                     0x00cfcd    0x5  Code  Gb  pow.o [5]
print_dev_info          0x00cfd2  0x34d  Code  Lc  linkwan.o [1]
printf                  0x00f2ab   0x24  Code  Gb  printf.o [5]
putchar                 0x00f1af   0x24  Code  Gb  board.o [1]
rand1                   0x0168be   0x10  Code  Gb  utilities.o [1]
randr                   0x015dca   0x4f  Code  Gb  utilities.o [1]
rejoin_flag             0x00009b    0x1  Data  Lc  linkwan.o [1]
round                   0x00f336   0x22  Code  Lc  rtc-board.o [3]
rx_buf                  0x000a2f   0x34  Data  Lc  linkwan.o [1]
rx_data                 0x000096    0x4  Data  Lc  linkwan.o [1]
sBlock                  0x000bbb   0x10  Data  Lc  LoRaMacCrypto.o [1]
sbox                    0x008274  0x100  Data  Lc  aes.o [1]
scale                   0x015c8c   0x51  Code  Lc  xprintffull.o [5]
scan_mask               0x000d40    0x2  Data  Gb  RegionCN470A.o [1]
sclkIndex               0x000d48    0x2  Data  Gb  spi-board.o [1]
send_frame              0x0136e5   0xc0  Code  Lc  linkwan.o [1]
shift_sub_rows          0x013e8a   0xa5  Code  Lc  aes.o [1]
spi_port                0x000d42    0x2  Data  Gb  spi-board.o [1]
sprintf                 0x016273   0x44  Code  Gb  sprintf.o [5]
srand1                  0x0172e8    0x7  Code  Gb  utilities.o [1]
start_dutycycle_timer   0x015cdd   0x4f  Code  Lc  linkwan.o [1]
strlen                  0x016b55    0xd  Code  Gb  strlen.o [5]
strncmp                 0x00ea97   0x35  Code  Gb  strncmp.o [5]
tx_buf                  0x0009fb   0x34  Data  Lc  linkwan.o [1]
tx_data                 0x000092    0x4  Data  Lc  linkwan.o [1]
xor_block               0x012ff1   0xcb  Code  Lc  aes.o [1]


[1] = D:\6_workSpace\55_lora\4_node\3_ASR6505\7_code\github\asr6505_sdk_at_linkwan\Projects\LoRaATCmd\EWSTM8\Debug\Obj
[2] = command line
[3] = asrlib.a
[4] = dbgstm8mmd.a
[5] = dlstm8mmn.a

  57 042 bytes of readonly  code memory
   4 289 bytes of readonly  data memory
   3 721 bytes of readwrite data memory

Errors: none
Warnings: none
